$ /Library/Developer/CommandLineTools/usr/bin/python3 /Users/kumar_radhakrishnan/main/kumar/AI/aruvi-saas/genon/build_library.py english v 10 --certify-only

canonical plans written: 148 on authored standards, 192 provisional
brief written: /Users/kumar_radhakrishnan/main/kumar/AI/aruvi-saas/genon/out/briefs/ch_10_top.txt

== STEP 2 · annotate master plan ==
brief written: /Users/kumar_radhakrishnan/main/kumar/AI/aruvi-saas/genon/out/briefs/ch_10_p09.txt
brief written: /Users/kumar_radhakrishnan/main/kumar/AI/aruvi-saas/genon/out/briefs/ch_10_p07.txt

== STEP 6 · arrange MCQ options ==
options arranged: 7 of 10 item(s) re-ordered this run. Nothing is written to the artefact (founder ruling 2026-08-04), so a 0 here means only that nothing was left to move — on a re-run that is expected, and it is NOT evidence the model arranged them unaided. Read this number on the FIRST pass of a freshly generated library or not at all.
      ch_10_canonical.json: 0 of 3 item(s) re-ordered
      ch_10_canonical_p07.json: 2 of 2 item(s) re-ordered
          #1 None #1: A–D now hold 213 · correct 2 -> 1
          #3 None #3: A–D now hold 54321 · correct 4 -> 2
      ch_10_canonical_p09.json: 5 of 5 item(s) re-ordered
          #1 None #1: A–D now hold ACBD · correct B -> C
          #3 None #3: A–D now hold ACDB · correct B -> D
          #5 None #5: A–D now hold CADB · correct B -> D
          #9 None #9: A–D now hold ACDB · correct B -> D
          #13 None #13: A–D now hold 1423 · correct 1 -> 1

== report: genon/out/library_reports/english_v_ch10_20260815_183413.md ==
deterministic checks: ALL PASS
Next: open a Cowork session and ask it to present this report for the human gate.
