$ /Library/Developer/CommandLineTools/usr/bin/python3 /Users/kumar_radhakrishnan/main/kumar/AI/aruvi-saas/genon/build_library.py science vii 9 --certify-only

canonical plans written: 235 on authored standards, 105 provisional
brief written: /Users/kumar_radhakrishnan/main/kumar/AI/aruvi-saas/genon/out/briefs/ch_09_top.txt

== STEP 2 · annotate master plan ==
brief written: /Users/kumar_radhakrishnan/main/kumar/AI/aruvi-saas/genon/out/briefs/ch_09_p15.txt
brief written: /Users/kumar_radhakrishnan/main/kumar/AI/aruvi-saas/genon/out/briefs/ch_09_p13.txt
brief written: /Users/kumar_radhakrishnan/main/kumar/AI/aruvi-saas/genon/out/briefs/ch_09_p11.txt
brief written: /Users/kumar_radhakrishnan/main/kumar/AI/aruvi-saas/genon/out/briefs/ch_09_p09.txt

== STEP 6 · arrange MCQ options ==
options arranged: 9 of 10 item(s) re-ordered this run. Nothing is written to the artefact (founder ruling 2026-08-04), so a 0 here means only that nothing was left to move — on a re-run that is expected, and it is NOT evidence the model arranged them unaided. Read this number on the FIRST pass of a freshly generated library or not at all.
      ch_09_canonical.json: 9 of 10 item(s) re-ordered
          #1 C-3.2 PS1: A–D now hold DACB · correct A -> B
          #2 C-3.2 PS1: A–D now hold ADBC · correct A -> A
          #3 C-3.2 PS2: A–D now hold ABDC · correct A -> A
          #4 C-3.2 PS2: A–D now hold BADC · correct A -> B
          #6 C-3.2 PS3: A–D now hold ABDC · correct A -> A
          #7 C-3.2 PS3: A–D now hold ABDC · correct A -> A
          #9 C-3.2 PS4: A–D now hold BDAC · correct A -> C
          #10 C-3.2 PS4: A–D now hold CDBA · correct A -> D
          #13 C-3.2 PS5: A–D now hold CDAB · correct A -> C

== report: genon/out/library_reports/science_vii_ch09_20260817_115435.md ==
deterministic checks: FAILURES — see report
Next: open a Cowork session and ask it to present this report for the human gate.
