$ /Library/Developer/CommandLineTools/usr/bin/python3 /Users/kumar_radhakrishnan/main/kumar/AI/aruvi-saas/genon/build_library.py the_world_around_us iii 4 --certify-only

canonical plans written: 40 on authored standards, 300 provisional
brief written: /Users/kumar_radhakrishnan/main/kumar/AI/aruvi-saas/genon/out/briefs/ch_04_top.txt

== STEP 2 · annotate master plan ==
brief written: /Users/kumar_radhakrishnan/main/kumar/AI/aruvi-saas/genon/out/briefs/ch_04_p11.txt
brief written: /Users/kumar_radhakrishnan/main/kumar/AI/aruvi-saas/genon/out/briefs/ch_04_p08.txt

== STEP 6 · arrange MCQ options ==
options arranged: 6 of 10 item(s) re-ordered this run. Nothing is written to the artefact (founder ruling 2026-08-04), so a 0 here means only that nothing was left to move — on a re-run that is expected, and it is NOT evidence the model arranged them unaided. Read this number on the FIRST pass of a freshly generated library or not at all.
      ch_04_canonical.json: 0 of 4 item(s) re-ordered
      ch_04_canonical_p08.json: 3 of 3 item(s) re-ordered
          #1 C-1.1 U1: A–D now hold CABD · correct B -> C
          #3 C-4.1 U3: A–D now hold DCAB · correct C -> B
          #5 C-1.1 U5: A–D now hold CBAD · correct B -> B
      ch_04_canonical_p11.json: 3 of 3 item(s) re-ordered
          #1 C-1.1 U1: A–D now hold CDAB · correct B -> D
          #3 C-4.3 U3: A–D now hold ACBD · correct B -> C
          #6 C-1.1 U6: A–D now hold ACBD · correct A -> A

== report: genon/out/library_reports/the_world_around_us_iii_ch04_20260812_145758.md ==
deterministic checks: FAILURES — see report
Next: open a Cowork session and ask it to present this report for the human gate.
