$ /Library/Developer/CommandLineTools/usr/bin/python3 /Users/kumar_radhakrishnan/main/kumar/AI/aruvi-saas/genon/build_library.py science ix 5 --certify-only

canonical plans written: 200 on authored standards, 140 provisional
brief written: /Users/kumar_radhakrishnan/main/kumar/AI/aruvi-saas/genon/out/briefs/ch_05_top.txt

== STEP 2 · annotate master plan ==
brief written: /Users/kumar_radhakrishnan/main/kumar/AI/aruvi-saas/genon/out/briefs/ch_05_p15.txt
brief written: /Users/kumar_radhakrishnan/main/kumar/AI/aruvi-saas/genon/out/briefs/ch_05_p11.txt

== STEP 6 · arrange MCQ options ==
options arranged: 13 of 18 item(s) re-ordered this run. Nothing is written to the artefact (founder ruling 2026-08-04), so a 0 here means only that nothing was left to move — on a re-run that is expected, and it is NOT evidence the model arranged them unaided. Read this number on the FIRST pass of a freshly generated library or not at all.
      ch_05_canonical.json: 0 of 5 item(s) re-ordered
      ch_05_canonical_p11.json: 6 of 6 item(s) re-ordered
          #1 C-1.2 S1: A–D now hold CABD · correct B -> C
          #5 C-1.2 S6: A–D now hold DBCA · correct B -> B
          #6 C-1.2 S7: A–D now hold CDBA · correct B -> C
          #8 C-1.2 S9: A–D now hold DACB · correct B -> D
          #10 C-1.2 S11: A–D now hold BADC · correct B -> A
          #11 C-1.2 S12: A–D now hold ACBD · correct B -> C
      ch_05_canonical_p15.json: 7 of 7 item(s) re-ordered
          #1 C-1.2 S1: A–D now hold DBAC · correct C -> D
          #2 C-1.2 S3: A–D now hold CABD · correct C -> A
          #6 C-1.2 S7: A–D now hold BDCA · correct D -> B
          #7 C-1.2 S8: A–D now hold BCAD · correct B -> A
          #8 C-1.2 S9: A–D now hold DABC · correct A -> B
          #10 C-1.2 S11: A–D now hold DACB · correct B -> D
          #12 C-1.2 S13: A–D now hold CDBA · correct B -> C

== report: genon/out/library_reports/science_ix_ch05_20260817_105914.md ==
deterministic checks: FAILURES — see report
Next: open a Cowork session and ask it to present this report for the human gate.
