$ /Library/Developer/CommandLineTools/usr/bin/python3 /Users/kumar_radhakrishnan/main/kumar/AI/aruvi-saas/genon/build_library.py social_sciences ix 2 --certify-only

canonical plans written: 48 on authored standards, 292 provisional
brief written: /Users/kumar_radhakrishnan/main/kumar/AI/aruvi-saas/genon/out/briefs/ch_02_top.txt

== STEP 2 · annotate master plan ==
brief written: /Users/kumar_radhakrishnan/main/kumar/AI/aruvi-saas/genon/out/briefs/ch_02_p09.txt
brief written: /Users/kumar_radhakrishnan/main/kumar/AI/aruvi-saas/genon/out/briefs/ch_02_p07.txt

== STEP 6 · arrange MCQ options ==
options arranged: 12 of 18 item(s) re-ordered this run. Nothing is written to the artefact (founder ruling 2026-08-04), so a 0 here means only that nothing was left to move — on a re-run that is expected, and it is NOT evidence the model arranged them unaided. Read this number on the FIRST pass of a freshly generated library or not at all.
      ch_02_canonical.json: 0 of 6 item(s) re-ordered
      ch_02_canonical_p07.json: 6 of 6 item(s) re-ordered
          #1 C-4.2 U2: A–D now hold DBAC · correct A -> C
          #6 C-4.4 U3: A–D now hold ACDB · correct B -> D
          #9 C-4.5 U7: A–D now hold ABDC · correct B -> B
          #11 C-4.1 U1: A–D now hold BCAD · correct B -> A
          #13 C-4.6 U3: A–D now hold DBAC · correct B -> B
          #15 C-9.1 U2: A–D now hold DBCA · correct B -> B
      ch_02_canonical_p09.json: 6 of 6 item(s) re-ordered
          #1 C-4.2 U1: A–D now hold DCAB · correct A -> C
          #6 C-4.4 U2: A–D now hold ADBC · correct A -> A
          #9 C-4.5 U6: A–D now hold ADCB · correct A -> A
          #12 C-4.1 U8: A–D now hold DBAC · correct A -> C
          #14 C-4.6 U2: A–D now hold ACDB · correct A -> A
          #16 C-9.1 U1: A–D now hold ACDB · correct A -> A

== report: genon/out/library_reports/social_sciences_ix_ch02_20260812_185026.md ==
deterministic checks: FAILURES — see report
QUARANTINED (not servable): ch_02_canonical_p09.json
Next: open a Cowork session and ask it to present this report for the human gate.
