$ /Library/Developer/CommandLineTools/usr/bin/python3 /Users/kumar_radhakrishnan/main/kumar/AI/aruvi-saas/genon/build_library.py social_sciences vi 2 --certify-only

canonical plans written: 188 on authored standards, 152 provisional
brief written: /Users/kumar_radhakrishnan/main/kumar/AI/aruvi-saas/genon/out/briefs/ch_02_top.txt

== STEP 2 · annotate master plan ==
brief written: /Users/kumar_radhakrishnan/main/kumar/AI/aruvi-saas/genon/out/briefs/ch_02_p12.txt
brief written: /Users/kumar_radhakrishnan/main/kumar/AI/aruvi-saas/genon/out/briefs/ch_02_p09.txt

== STEP 6 · arrange MCQ options ==
options arranged: 16 of 24 item(s) re-ordered this run. Nothing is written to the artefact (founder ruling 2026-08-04), so a 0 here means only that nothing was left to move — on a re-run that is expected, and it is NOT evidence the model arranged them unaided. Read this number on the FIRST pass of a freshly generated library or not at all.
      ch_02_canonical.json: 0 of 8 item(s) re-ordered
      ch_02_canonical_p09.json: 8 of 8 item(s) re-ordered
          #1 C-6.1 U1: A–D now hold CDAB · correct A -> C
          #2 C-6.1 U4: A–D now hold BACD · correct B -> A
          #6 C-6.3 U6: A–D now hold BDAC · correct A -> C
          #7 C-6.3 U8: A–D now hold CADB · correct B -> D
          #9 C-6.4 U3: A–D now hold DCAB · correct B -> D
          #10 C-6.4 U6: A–D now hold CABD · correct B -> C
          #12 C-7.2 U5: A–D now hold ABDC · correct B -> B
          #13 C-7.2 U5: A–D now hold ABDC · correct B -> B
      ch_02_canonical_p12.json: 8 of 8 item(s) re-ordered
          #1 C-6.1 U1: A–D now hold DCAB · correct B -> D
          #2 C-6.1 U5: A–D now hold BADC · correct B -> A
          #6 C-6.3 U8: A–D now hold ABDC · correct B -> B
          #7 C-6.3 U12: A–D now hold DCAB · correct B -> D
          #9 C-6.4 U7: A–D now hold ABDC · correct D -> C
          #10 C-6.4 U11: A–D now hold CADB · correct B -> D
          #12 C-7.2 U6: A–D now hold BCAD · correct B -> A
          #13 C-7.2 U6: A–D now hold DABC · correct B -> C

== report: genon/out/library_reports/social_sciences_vi_ch02_20260816_101630.md ==
deterministic checks: FAILURES — see report
Next: open a Cowork session and ask it to present this report for the human gate.
