$ /Library/Developer/CommandLineTools/usr/bin/python3 /Users/kumar_radhakrishnan/main/kumar/AI/aruvi-saas/genon/build_library.py science vii 11 --certify-only

canonical plans written: 236 on authored standards, 104 provisional
brief written: /Users/kumar_radhakrishnan/main/kumar/AI/aruvi-saas/genon/out/briefs/ch_11_top.txt

== STEP 2 · annotate master plan ==
brief written: /Users/kumar_radhakrishnan/main/kumar/AI/aruvi-saas/genon/out/briefs/ch_11_p16.txt
brief written: /Users/kumar_radhakrishnan/main/kumar/AI/aruvi-saas/genon/out/briefs/ch_11_p14.txt
brief written: /Users/kumar_radhakrishnan/main/kumar/AI/aruvi-saas/genon/out/briefs/ch_11_p12.txt
brief written: /Users/kumar_radhakrishnan/main/kumar/AI/aruvi-saas/genon/out/briefs/ch_11_p10.txt

== STEP 6 · arrange MCQ options ==
options arranged: 47 of 64 item(s) re-ordered this run. Nothing is written to the artefact (founder ruling 2026-08-04), so a 0 here means only that nothing was left to move — on a re-run that is expected, and it is NOT evidence the model arranged them unaided. Read this number on the FIRST pass of a freshly generated library or not at all.
      ch_11_canonical.json: 0 of 14 item(s) re-ordered
      ch_11_canonical_p10.json: 12 of 12 item(s) re-ordered
          #1 C-2.4 PS1: A–D now hold DBCA · correct A -> D
          #2 C-2.4 PS1: A–D now hold CABD · correct A -> B
          #3 C-2.4 PS2: A–D now hold CADB · correct A -> B
          #4 C-2.4 PS2: A–D now hold CABD · correct A -> B
          #6 C-2.4 PS3: A–D now hold ABDC · correct A -> A
          #7 C-2.4 PS3: A–D now hold ADBC · correct A -> A
          #9 C-2.4 PS4: A–D now hold DABC · correct A -> B
          #10 C-2.4 PS4: A–D now hold CBDA · correct A -> D
          #12 C-2.4 PS5: A–D now hold CADB · correct A -> B
          #13 C-2.4 PS5: A–D now hold DBCA · correct A -> D
          #15 C-2.4 PS6: A–D now hold BADC · correct A -> B
          #16 C-2.4 PS6: A–D now hold DBAC · correct A -> C
      ch_11_canonical_p12.json: 11 of 12 item(s) re-ordered
          #1 C-2.4 PS1: A–D now hold DCAB · correct A -> C
          #2 C-2.4 PS1: A–D now hold DACB · correct A -> B
          #3 C-2.4 PS2: A–D now hold ADCB · correct A -> A
          #4 C-2.4 PS2: A–D now hold BCAD · correct A -> C
          #6 C-2.4 PS3: A–D now hold DACB · correct A -> B
          #9 C-2.4 PS4: A–D now hold DBAC · correct A -> C
          #10 C-2.4 PS4: A–D now hold ACDB · correct A -> A
          #12 C-2.4 PS5: A–D now hold BCDA · correct A -> D
          #13 C-2.4 PS5: A–D now hold CADB · correct A -> B
          #15 C-2.4 PS6: A–D now hold DBAC · correct A -> C
          #16 C-2.4 PS6: A–D now hold DBAC · correct A -> C
      ch_11_canonical_p14.json: 13 of 14 item(s) re-ordered
          #1 C-2.4 PS1: A–D now hold BDCA · correct A -> D
          #2 C-2.4 PS1: A–D now hold BCAD · correct B -> A
          #3 C-2.4 PS2: A–D now hold CADB · correct A -> B
          #4 C-2.4 PS2: A–D now hold DABC · correct B -> C
          #6 C-2.4 PS3: A–D now hold BADC · correct B -> A
          #7 C-2.4 PS3: A–D now hold BDAC · correct B -> A
          #9 C-2.4 PS4: A–D now hold DABC · correct A -> B
          #10 C-2.4 PS4: A–D now hold BADC · correct B -> A
          #12 C-2.4 PS5: A–D now hold CABD · correct A -> B
          #15 C-2.4 PS6: A–D now hold DACB · correct A -> B
          #16 C-2.4 PS6: A–D now hold CDAB · correct A -> C
          #18 C-2.4 PS7: A–D now hold BDAC · correct A -> C
          #19 C-2.4 PS7: A–D now hold BADC · correct A -> B
      ch_11_canonical_p16.json: 11 of 12 item(s) re-ordered
          #1 C-2.4 PS1: A–D now hold BCAD · correct B -> A
          #2 C-2.4 PS1: A–D now hold DCAB · correct A -> C
          #3 C-2.4 PS2: A–D now hold ABDC · correct B -> B
          #6 C-2.4 PS3: A–D now hold CDBA · correct B -> C
          #7 C-2.4 PS3: A–D now hold CDAB · correct C -> A
          #9 C-2.4 PS4: A–D now hold BCDA · correct B -> A
          #10 C-2.4 PS4: A–D now hold BACD · correct B -> A
          #12 C-2.4 PS5: A–D now hold ADBC · correct B -> C
          #13 C-2.4 PS5: A–D now hold CABD · correct A -> B
          #15 C-2.4 PS6: A–D now hold BDAC · correct B -> A
          #16 C-2.4 PS6: A–D now hold CADB · correct B -> D

== report: genon/out/library_reports/science_vii_ch11_20260817_123819.md ==
deterministic checks: ALL PASS
Next: open a Cowork session and ask it to present this report for the human gate.
