$ /Library/Developer/CommandLineTools/usr/bin/python3 /Users/kumar_radhakrishnan/main/kumar/AI/aruvi-saas/genon/build_library.py social_sciences vii 10 --certify-only

canonical plans written: 188 on authored standards, 152 provisional
brief written: /Users/kumar_radhakrishnan/main/kumar/AI/aruvi-saas/genon/out/briefs/ch_10_top.txt

== STEP 2 · annotate master plan ==
brief written: /Users/kumar_radhakrishnan/main/kumar/AI/aruvi-saas/genon/out/briefs/ch_10_p15.txt
brief written: /Users/kumar_radhakrishnan/main/kumar/AI/aruvi-saas/genon/out/briefs/ch_10_p11.txt

== STEP 6 · arrange MCQ options ==
options arranged: 17 of 29 item(s) re-ordered this run. Nothing is written to the artefact (founder ruling 2026-08-04), so a 0 here means only that nothing was left to move — on a re-run that is expected, and it is NOT evidence the model arranged them unaided. Read this number on the FIRST pass of a freshly generated library or not at all.
      ch_10_canonical.json: 0 of 10 item(s) re-ordered
      ch_10_canonical_p11.json: 8 of 9 item(s) re-ordered
          #1 C-8.2 U3: A–D now hold DCAB · correct A -> C
          #2 C-8.2 U6: A–D now hold ABDC · correct C -> D
          #6 C-8.1 U2: A–D now hold ACDB · correct B -> D
          #9 C-4.1 U7: A–D now hold DBCA · correct A -> D
          #10 C-4.1 U8: A–D now hold BDAC · correct B -> A
          #11 C-5.2 U8: A–D now hold DBAC · correct A -> C
          #12 C-7.1 U5: A–D now hold DABC · correct A -> B
          #13 C-7.1 U5: A–D now hold CBAD · correct B -> B
      ch_10_canonical_p15.json: 9 of 10 item(s) re-ordered
          #1 C-8.2 U4: A–D now hold ADCB · correct B -> D
          #2 C-8.2 U10: A–D now hold CBAD · correct B -> B
          #7 C-8.1 U14: A–D now hold ACBD · correct B -> C
          #9 C-4.1 U8: A–D now hold BDCA · correct C -> C
          #10 C-4.1 U9: A–D now hold CDBA · correct B -> C
          #11 C-5.2 U9: A–D now hold DBAC · correct B -> B
          #12 C-5.2 U10: A–D now hold CDBA · correct C -> A
          #13 C-7.1 U6: A–D now hold ABDC · correct C -> D
          #14 C-7.1 U6: A–D now hold BCAD · correct C -> B
          #6 SKIPPED — cross-references an option label — left untouched, needs a human

== report: genon/out/library_reports/social_sciences_vii_ch10_20260816_101638.md ==
deterministic checks: FAILURES — see report
Next: open a Cowork session and ask it to present this report for the human gate.
