$ /Library/Developer/CommandLineTools/usr/bin/python3 /Users/kumar_radhakrishnan/main/kumar/AI/aruvi-saas/genon/build_library.py social_sciences vii 1 --certify-only

canonical plans written: 188 on authored standards, 152 provisional
brief written: /Users/kumar_radhakrishnan/main/kumar/AI/aruvi-saas/genon/out/briefs/ch_01_top.txt

== STEP 2 · annotate master plan ==
brief written: /Users/kumar_radhakrishnan/main/kumar/AI/aruvi-saas/genon/out/briefs/ch_01_p15.txt
brief written: /Users/kumar_radhakrishnan/main/kumar/AI/aruvi-saas/genon/out/briefs/ch_01_p11.txt

== STEP 6 · arrange MCQ options ==
options arranged: 10 of 10 item(s) re-ordered this run. Nothing is written to the artefact (founder ruling 2026-08-04), so a 0 here means only that nothing was left to move — on a re-run that is expected, and it is NOT evidence the model arranged them unaided. Read this number on the FIRST pass of a freshly generated library or not at all.
      ch_01_canonical.json: 10 of 10 item(s) re-ordered
          #1 C-7.2 U1: A–D now hold CADB · correct A -> B
          #2 C-7.2 U12: A–D now hold BCAD · correct A -> C
          #6 C-6.4 U7: A–D now hold DBAC · correct A -> C
          #7 C-6.4 U11: A–D now hold DCBA · correct A -> D
          #9 C-6.1 U2: A–D now hold BADC · correct A -> B
          #10 C-6.1 U10: A–D now hold BCDA · correct A -> D
          #11 C-6.2 U9: A–D now hold DBAC · correct A -> C
          #12 C-6.2 U17: A–D now hold BCAD · correct A -> C
          #13 C-6.3 U8: A–D now hold CDBA · correct A -> D
          #14 C-6.3 U18: A–D now hold DACB · correct A -> B

== report: genon/out/library_reports/social_sciences_vii_ch01_20260816_092040.md ==
deterministic checks: FAILURES — see report
Next: open a Cowork session and ask it to present this report for the human gate.
