$ /Library/Developer/CommandLineTools/usr/bin/python3 /Users/kumar_radhakrishnan/main/kumar/AI/aruvi-saas/genon/build_library.py science viii 7 --certify-only

canonical plans written: 236 on authored standards, 104 provisional
brief written: /Users/kumar_radhakrishnan/main/kumar/AI/aruvi-saas/genon/out/briefs/ch_07_top.txt

== STEP 2 · annotate master plan ==
brief written: /Users/kumar_radhakrishnan/main/kumar/AI/aruvi-saas/genon/out/briefs/ch_07_p16.txt
brief written: /Users/kumar_radhakrishnan/main/kumar/AI/aruvi-saas/genon/out/briefs/ch_07_p14.txt
brief written: /Users/kumar_radhakrishnan/main/kumar/AI/aruvi-saas/genon/out/briefs/ch_07_p12.txt
brief written: /Users/kumar_radhakrishnan/main/kumar/AI/aruvi-saas/genon/out/briefs/ch_07_p10.txt

== STEP 6 · arrange MCQ options ==
options arranged: 35 of 48 item(s) re-ordered this run. Nothing is written to the artefact (founder ruling 2026-08-04), so a 0 here means only that nothing was left to move — on a re-run that is expected, and it is NOT evidence the model arranged them unaided. Read this number on the FIRST pass of a freshly generated library or not at all.
      ch_07_canonical.json: 0 of 10 item(s) re-ordered
      ch_07_canonical_p10.json: 7 of 8 item(s) re-ordered
          #1 C-1.1 PS1: A–D now hold BADC · correct B -> A
          #2 C-1.1 PS1: A–D now hold DCAB · correct B -> D
          #3 C-1.1 PS2: A–D now hold CADB · correct B -> D
          #6 C-1.2 PS3: A–D now hold DBCA · correct C -> C
          #7 C-1.2 PS3: A–D now hold BACD · correct B -> A
          #9 C-1.2 PS4: A–D now hold DBAC · correct B -> B
          #10 C-1.2 PS4: A–D now hold BDAC · correct B -> A
          #4 SKIPPED — cross-references an option label — left untouched, needs a human
      ch_07_canonical_p12.json: 9 of 10 item(s) re-ordered
          #1 C-1.2 PS1: A–D now hold CABD · correct A -> B
          #2 C-1.2 PS1: A–D now hold BCAD · correct B -> A
          #3 C-1.1 PS2: A–D now hold BCAD · correct A -> C
          #4 C-1.1 PS2: A–D now hold CDBA · correct B -> C
          #6 C-1.2 PS3: A–D now hold ACBD · correct B -> C
          #7 C-1.2 PS3: A–D now hold CABD · correct B -> C
          #9 C-1.2 PS4: A–D now hold ACDB · correct B -> D
          #10 C-1.2 PS4: A–D now hold BACD · correct B -> A
          #12 C-1.2 PS5: A–D now hold DABC · correct A -> B
      ch_07_canonical_p14.json: 10 of 10 item(s) re-ordered
          #1 C-1.1 PS1: A–D now hold ABDC · correct A -> A
          #2 C-1.1 PS1: A–D now hold DACB · correct A -> B
          #3 C-1.1 PS2: A–D now hold BACD · correct A -> B
          #4 C-1.1 PS2: A–D now hold ADBC · correct A -> A
          #6 C-1.2 PS3: A–D now hold ADBC · correct A -> A
          #7 C-1.2 PS3: A–D now hold DACB · correct A -> B
          #9 C-1.2 PS4: A–D now hold DABC · correct A -> B
          #10 C-1.2 PS4: A–D now hold CABD · correct A -> B
          #12 C-1.2 PS5: A–D now hold DBCA · correct A -> D
          #13 C-1.2 PS5: A–D now hold CDBA · correct A -> D
      ch_07_canonical_p16.json: 9 of 10 item(s) re-ordered
          #1 C-1.2 PS1: A–D now hold BDCA · correct B -> A
          #2 C-1.2 PS1: A–D now hold ADBC · correct B -> C
          #3 C-1.1 PS2: A–D now hold CBDA · correct B -> B
          #4 C-1.1 PS2: A–D now hold ADCB · correct C -> C
          #6 C-1.2 PS3: A–D now hold BDCA · correct B -> A
          #7 C-1.2 PS3: A–D now hold ACDB · correct C -> B
          #9 C-1.2 PS4: A–D now hold DBCA · correct B -> B
          #10 C-1.2 PS4: A–D now hold CDAB · correct B -> D
          #13 C-1.1 PS5: A–D now hold DCAB · correct B -> D

== report: genon/out/library_reports/science_viii_ch07_20260817_123823.md ==
deterministic checks: ALL PASS
Next: open a Cowork session and ask it to present this report for the human gate.
