$ /Library/Developer/CommandLineTools/usr/bin/python3 /Users/kumar_radhakrishnan/main/kumar/AI/aruvi-saas/genon/build_library.py social_sciences vii 3 --certify-only

canonical plans written: 188 on authored standards, 152 provisional
brief written: /Users/kumar_radhakrishnan/main/kumar/AI/aruvi-saas/genon/out/briefs/ch_03_top.txt

== STEP 2 · annotate master plan ==
brief written: /Users/kumar_radhakrishnan/main/kumar/AI/aruvi-saas/genon/out/briefs/ch_03_p17.txt
brief written: /Users/kumar_radhakrishnan/main/kumar/AI/aruvi-saas/genon/out/briefs/ch_03_p13.txt

== STEP 6 · arrange MCQ options ==
options arranged: 17 of 30 item(s) re-ordered this run. Nothing is written to the artefact (founder ruling 2026-08-04), so a 0 here means only that nothing was left to move — on a re-run that is expected, and it is NOT evidence the model arranged them unaided. Read this number on the FIRST pass of a freshly generated library or not at all.
      ch_03_canonical.json: 0 of 10 item(s) re-ordered
      ch_03_canonical_p13.json: 9 of 10 item(s) re-ordered
          #1 C-6.1 U3: A–D now hold BCDA · correct A -> D
          #2 C-6.1 U7: A–D now hold CABD · correct A -> B
          #7 C-6.3 U13: A–D now hold DBCA · correct A -> D
          #9 C-6.4 U9: A–D now hold DACB · correct A -> B
          #10 C-6.4 U13: A–D now hold CBAD · correct A -> C
          #12 C-6.2 U2: A–D now hold DCBA · correct A -> D
          #13 C-6.2 U9: A–D now hold DBCA · correct A -> D
          #14 C-4.1 U10: A–D now hold CBAD · correct A -> C
          #15 C-4.1 U10: A–D now hold CDAB · correct A -> C
      ch_03_canonical_p17.json: 8 of 10 item(s) re-ordered
          #1 C-6.1 U1: A–D now hold CDAB · correct A -> C
          #2 C-6.1 U8: A–D now hold BACD · correct A -> B
          #7 C-6.3 U17: A–D now hold DABC · correct A -> B
          #9 C-6.4 U9: A–D now hold BADC · correct A -> B
          #10 C-6.4 U14: A–D now hold BADC · correct A -> B
          #12 C-6.2 U2: A–D now hold CABD · correct A -> B
          #13 C-6.2 U14: A–D now hold DBCA · correct A -> D
          #14 C-4.1 U10: A–D now hold CABD · correct A -> B

== report: genon/out/library_reports/social_sciences_vii_ch03_20260816_101635.md ==
deterministic checks: FAILURES — see report
QUARANTINED (not servable): ch_03_canonical_p13.json
QUARANTINED (not servable): ch_03_canonical_p17.json
Next: open a Cowork session and ask it to present this report for the human gate.
