$ /Library/Developer/CommandLineTools/usr/bin/python3 /Users/kumar_radhakrishnan/main/kumar/AI/aruvi-saas/genon/build_library.py science ix 12 --certify-only

canonical plans written: 200 on authored standards, 140 provisional
brief written: /Users/kumar_radhakrishnan/main/kumar/AI/aruvi-saas/genon/out/briefs/ch_12_top.txt

== STEP 2 · annotate master plan ==
brief written: /Users/kumar_radhakrishnan/main/kumar/AI/aruvi-saas/genon/out/briefs/ch_12_p12.txt
brief written: /Users/kumar_radhakrishnan/main/kumar/AI/aruvi-saas/genon/out/briefs/ch_12_p09.txt

== STEP 6 · arrange MCQ options ==
options arranged: 17 of 24 item(s) re-ordered this run. Nothing is written to the artefact (founder ruling 2026-08-04), so a 0 here means only that nothing was left to move — on a re-run that is expected, and it is NOT evidence the model arranged them unaided. Read this number on the FIRST pass of a freshly generated library or not at all.
      ch_12_canonical.json: 0 of 7 item(s) re-ordered
      ch_12_canonical_p09.json: 8 of 8 item(s) re-ordered
          #1 C-4.1 S1: A–D now hold DBAC · correct A -> C
          #2 C-4.1 S2: A–D now hold DCBA · correct A -> D
          #4 C-4.1 S4: A–D now hold CBAD · correct A -> C
          #7 C-4.1 S7: A–D now hold DCBA · correct A -> D
          #9 C-4.1 S9: A–D now hold DACB · correct A -> B
          #10 C-4.1 S10: A–D now hold ACBD · correct A -> A
          #13 C-4.2 S13: A–D now hold ACBD · correct A -> A
          #16 C-4.1 S16: A–D now hold CADB · correct A -> B
      ch_12_canonical_p12.json: 9 of 9 item(s) re-ordered
          #1 C-4.1 S1: A–D now hold DBAC · correct A -> C
          #2 C-4.1 S2: A–D now hold CBDA · correct A -> D
          #4 C-4.1 S4: A–D now hold CDBA · correct A -> D
          #6 C-4.1 S6: A–D now hold CDAB · correct A -> C
          #8 C-4.1 S8: A–D now hold ACDB · correct A -> A
          #9 C-4.1 S9: A–D now hold CDBA · correct A -> D
          #10 C-4.1 S10: A–D now hold ABDC · correct A -> A
          #13 C-4.2 S13: A–D now hold DBAC · correct A -> C
          #16 C-4.1 S16: A–D now hold BACD · correct A -> B

== report: genon/out/library_reports/science_ix_ch12_20260817_105917.md ==
deterministic checks: FAILURES — see report
QUARANTINED (not servable): ch_12_canonical_p12.json
Next: open a Cowork session and ask it to present this report for the human gate.
