$ /Library/Developer/CommandLineTools/usr/bin/python3 /Users/kumar_radhakrishnan/main/kumar/AI/aruvi-saas/genon/build_library.py social_sciences viii 1 --certify-only

canonical plans written: 188 on authored standards, 152 provisional
brief written: /Users/kumar_radhakrishnan/main/kumar/AI/aruvi-saas/genon/out/briefs/ch_01_top.txt

== STEP 2 · annotate master plan ==
brief written: /Users/kumar_radhakrishnan/main/kumar/AI/aruvi-saas/genon/out/briefs/ch_01_p09.txt
brief written: /Users/kumar_radhakrishnan/main/kumar/AI/aruvi-saas/genon/out/briefs/ch_01_p07.txt

== STEP 6 · arrange MCQ options ==
options arranged: 9 of 10 item(s) re-ordered this run. Nothing is written to the artefact (founder ruling 2026-08-04), so a 0 here means only that nothing was left to move — on a re-run that is expected, and it is NOT evidence the model arranged them unaided. Read this number on the FIRST pass of a freshly generated library or not at all.
      ch_01_canonical.json: 9 of 10 item(s) re-ordered
          #1 C-6.2 U4: A–D now hold DACB · correct B -> D
          #2 C-6.2 U10: A–D now hold CBDA · correct B -> B
          #7 C-6.3 U8: A–D now hold CABD · correct B -> C
          #9 C-6.4 U7: A–D now hold CBAD · correct B -> B
          #10 C-6.4 U7: A–D now hold ADBC · correct B -> C
          #11 C-10.1 U8: A–D now hold BCDA · correct B -> A
          #12 C-10.1 U9: A–D now hold ACBD · correct B -> C
          #13 C-9.1 U5: A–D now hold DCBA · correct B -> C
          #14 C-9.1 U11: A–D now hold ADBC · correct B -> C

== report: genon/out/library_reports/social_sciences_viii_ch01_20260816_092043.md ==
deterministic checks: FAILURES — see report
Next: open a Cowork session and ask it to present this report for the human gate.
