$ /Library/Developer/CommandLineTools/usr/bin/python3 /Users/kumar_radhakrishnan/main/kumar/AI/aruvi-saas/genon/build_library.py mathematics v 3 --certify-only

canonical plans written: 323 on authored standards, 17 provisional
brief written: /Users/kumar_radhakrishnan/main/kumar/AI/aruvi-saas/genon/out/briefs/ch_03_top.txt

== STEP 2 · annotate master plan ==
brief written: /Users/kumar_radhakrishnan/main/kumar/AI/aruvi-saas/genon/out/briefs/ch_03_p09.txt
brief written: /Users/kumar_radhakrishnan/main/kumar/AI/aruvi-saas/genon/out/briefs/ch_03_p07.txt

== STEP 6 · arrange MCQ options ==
options arranged: 8 of 15 item(s) re-ordered this run. Nothing is written to the artefact (founder ruling 2026-08-04), so a 0 here means only that nothing was left to move — on a re-run that is expected, and it is NOT evidence the model arranged them unaided. Read this number on the FIRST pass of a freshly generated library or not at all.
      ch_03_canonical.json: 0 of 7 item(s) re-ordered
      ch_03_canonical_p09.json: 8 of 8 item(s) re-ordered
          #1 None #1: A–D now hold ACBD · correct C -> B
          #3 None #3: A–D now hold ADBC · correct D -> B
          #5 None #5: A–D now hold BDAC · correct B -> A
          #6 None #6: A–D now hold BACD · correct B -> A
          #9 None #9: A–D now hold DBAC · correct C -> D
          #11 None #11: A–D now hold DBCA · correct B -> B
          #15 None #15: A–D now hold DCAB · correct B -> D
          #18 None #18: A–D now hold CDAB · correct C -> A

== report: genon/out/library_reports/mathematics_v_ch03_20260820_105000.md ==
deterministic checks: FAILURES — see report
Next: open a Cowork session and ask it to present this report for the human gate.
