$ /Library/Developer/CommandLineTools/usr/bin/python3 /Users/kumar_radhakrishnan/main/kumar/AI/aruvi-saas/genon/build_library.py science vi 10 --certify-only

canonical plans written: 235 on authored standards, 105 provisional
brief written: /Users/kumar_radhakrishnan/main/kumar/AI/aruvi-saas/genon/out/briefs/ch_10_top.txt

== STEP 2 · annotate master plan ==
brief written: /Users/kumar_radhakrishnan/main/kumar/AI/aruvi-saas/genon/out/briefs/ch_10_p15.txt
brief written: /Users/kumar_radhakrishnan/main/kumar/AI/aruvi-saas/genon/out/briefs/ch_10_p13.txt
brief written: /Users/kumar_radhakrishnan/main/kumar/AI/aruvi-saas/genon/out/briefs/ch_10_p11.txt
brief written: /Users/kumar_radhakrishnan/main/kumar/AI/aruvi-saas/genon/out/briefs/ch_10_p09.txt

== STEP 6 · arrange MCQ options ==
options arranged: 12 of 12 item(s) re-ordered this run. Nothing is written to the artefact (founder ruling 2026-08-04), so a 0 here means only that nothing was left to move — on a re-run that is expected, and it is NOT evidence the model arranged them unaided. Read this number on the FIRST pass of a freshly generated library or not at all.
      ch_10_canonical.json: 12 of 12 item(s) re-ordered
          #1 C-3.2 PS1: A–D now hold ABDC · correct B -> B
          #2 C-3.2 PS1: A–D now hold DBCA · correct B -> B
          #3 C-3.2 PS2: A–D now hold ADBC · correct A -> A
          #4 C-3.2 PS2: A–D now hold CBDA · correct C -> A
          #6 C-3.2 PS3: A–D now hold ACDB · correct B -> D
          #7 C-3.2 PS3: A–D now hold BDCA · correct B -> A
          #9 C-3.2 PS4: A–D now hold BCAD · correct C -> B
          #10 C-3.2 PS4: A–D now hold BCAD · correct C -> B
          #12 C-3.2 PS5: A–D now hold CADB · correct B -> D
          #13 C-3.2 PS5: A–D now hold BADC · correct B -> A
          #15 C-3.2 PS6: A–D now hold DABC · correct C -> D
          #16 C-3.2 PS6: A–D now hold ADBC · correct C -> D

== report: genon/out/library_reports/science_vi_ch10_20260817_115432.md ==
deterministic checks: FAILURES — see report
Next: open a Cowork session and ask it to present this report for the human gate.
