$ /Library/Developer/CommandLineTools/usr/bin/python3 /Users/kumar_radhakrishnan/main/kumar/AI/aruvi-saas/genon/build_library.py social_sciences viii 10 --certify-only

canonical plans written: 188 on authored standards, 152 provisional
brief written: /Users/kumar_radhakrishnan/main/kumar/AI/aruvi-saas/genon/out/briefs/ch_10_top.txt

== STEP 2 · annotate master plan ==
brief written: /Users/kumar_radhakrishnan/main/kumar/AI/aruvi-saas/genon/out/briefs/ch_10_p10.txt
brief written: /Users/kumar_radhakrishnan/main/kumar/AI/aruvi-saas/genon/out/briefs/ch_10_p07.txt

== STEP 6 · arrange MCQ options ==
options arranged: 10 of 10 item(s) re-ordered this run. Nothing is written to the artefact (founder ruling 2026-08-04), so a 0 here means only that nothing was left to move — on a re-run that is expected, and it is NOT evidence the model arranged them unaided. Read this number on the FIRST pass of a freshly generated library or not at all.
      ch_10_canonical.json: 10 of 10 item(s) re-ordered
          #1 C-7.1 U7: A–D now hold BCAD · correct A -> C
          #2 C-7.1 U9: A–D now hold BACD · correct A -> B
          #6 C-2.2 U5: A–D now hold BADC · correct A -> B
          #7 C-2.2 U12: A–D now hold DCAB · correct A -> C
          #9 C-10.1 U2: A–D now hold CBAD · correct A -> C
          #10 C-10.1 U5: A–D now hold CBAD · correct A -> C
          #12 C-1.2 U1: A–D now hold ADBC · correct A -> A
          #13 C-1.2 U8: A–D now hold DBCA · correct A -> D
          #14 C-4.2 U3: A–D now hold CADB · correct A -> B
          #15 C-4.2 U8: A–D now hold CDAB · correct A -> C

== report: genon/out/library_reports/social_sciences_viii_ch10_20260816_092046.md ==
deterministic checks: FAILURES — see report
Next: open a Cowork session and ask it to present this report for the human gate.
