$ /Library/Developer/CommandLineTools/usr/bin/python3 /Users/kumar_radhakrishnan/main/kumar/AI/aruvi-saas/genon/build_library.py science vii 3 --certify-only

canonical plans written: 235 on authored standards, 105 provisional
brief written: /Users/kumar_radhakrishnan/main/kumar/AI/aruvi-saas/genon/out/briefs/ch_03_top.txt

== STEP 2 · annotate master plan ==
brief written: /Users/kumar_radhakrishnan/main/kumar/AI/aruvi-saas/genon/out/briefs/ch_03_p16.txt
brief written: /Users/kumar_radhakrishnan/main/kumar/AI/aruvi-saas/genon/out/briefs/ch_03_p14.txt
brief written: /Users/kumar_radhakrishnan/main/kumar/AI/aruvi-saas/genon/out/briefs/ch_03_p12.txt
brief written: /Users/kumar_radhakrishnan/main/kumar/AI/aruvi-saas/genon/out/briefs/ch_03_p10.txt

== STEP 6 · arrange MCQ options ==
options arranged: 9 of 10 item(s) re-ordered this run. Nothing is written to the artefact (founder ruling 2026-08-04), so a 0 here means only that nothing was left to move — on a re-run that is expected, and it is NOT evidence the model arranged them unaided. Read this number on the FIRST pass of a freshly generated library or not at all.
      ch_03_canonical.json: 9 of 10 item(s) re-ordered
          #1 C-2.2 PS1: A–D now hold CDAB · correct B -> D
          #2 C-2.2 PS1: A–D now hold CBAD · correct A -> C
          #3 C-2.2 PS2: A–D now hold CABD · correct B -> C
          #4 C-2.2 PS2: A–D now hold CBDA · correct D -> C
          #6 C-2.2 PS3: A–D now hold CABD · correct B -> C
          #7 C-2.2 PS3: A–D now hold DABC · correct B -> C
          #9 C-2.2 PS4: A–D now hold ADBC · correct B -> C
          #10 C-2.2 PS4: A–D now hold DBCA · correct B -> B
          #13 C-2.2 PS5: A–D now hold CADB · correct B -> D

== report: genon/out/library_reports/science_vii_ch03_20260817_115433.md ==
deterministic checks: FAILURES — see report
Next: open a Cowork session and ask it to present this report for the human gate.
