$ /Library/Developer/CommandLineTools/usr/bin/python3 /Users/kumar_radhakrishnan/main/kumar/AI/aruvi-saas/genon/build_library.py english viii 14 --certify-only

canonical plans written: 110 on authored standards, 230 provisional
brief written: /Users/kumar_radhakrishnan/main/kumar/AI/aruvi-saas/genon/out/briefs/ch_14_top.txt

== STEP 2 · annotate master plan ==
brief written: /Users/kumar_radhakrishnan/main/kumar/AI/aruvi-saas/genon/out/briefs/ch_14_p09.txt
brief written: /Users/kumar_radhakrishnan/main/kumar/AI/aruvi-saas/genon/out/briefs/ch_14_p07.txt

== STEP 6 · arrange MCQ options ==
options arranged: 7 of 10 item(s) re-ordered this run. Nothing is written to the artefact (founder ruling 2026-08-04), so a 0 here means only that nothing was left to move — on a re-run that is expected, and it is NOT evidence the model arranged them unaided. Read this number on the FIRST pass of a freshly generated library or not at all.
      ch_14_canonical.json: 0 of 3 item(s) re-ordered
      ch_14_canonical_p07.json: 3 of 3 item(s) re-ordered
          #1 None #1: A–D now hold CADB · correct B -> D
          #3 None #3: A–D now hold 1342 · correct 1 -> 1
          #11 None #11: A–D now hold 2413 · correct 1 -> 3
      ch_14_canonical_p09.json: 4 of 4 item(s) re-ordered
          #1 None #1: A–D now hold CBAD · correct B -> B
          #3 None #3: A–D now hold ADBC · correct B -> C
          #4 None #4: A–D now hold 4123 · correct 4 -> 1
          #11 None #11: A–D now hold ADCB · correct A -> A

== report: genon/out/library_reports/english_viii_ch14_20260815_160710.md ==
deterministic checks: FAILURES — see report
Next: open a Cowork session and ask it to present this report for the human gate.
