$ /Library/Developer/CommandLineTools/usr/bin/python3 /Users/kumar_radhakrishnan/main/kumar/AI/aruvi-saas/genon/build_library.py social_sciences vii 8 --certify-only

canonical plans written: 188 on authored standards, 152 provisional
brief written: /Users/kumar_radhakrishnan/main/kumar/AI/aruvi-saas/genon/out/briefs/ch_08_top.txt

== STEP 2 · annotate master plan ==
brief written: /Users/kumar_radhakrishnan/main/kumar/AI/aruvi-saas/genon/out/briefs/ch_08_p13.txt
brief written: /Users/kumar_radhakrishnan/main/kumar/AI/aruvi-saas/genon/out/briefs/ch_08_p10.txt

== STEP 6 · arrange MCQ options ==
options arranged: 8 of 8 item(s) re-ordered this run. Nothing is written to the artefact (founder ruling 2026-08-04), so a 0 here means only that nothing was left to move — on a re-run that is expected, and it is NOT evidence the model arranged them unaided. Read this number on the FIRST pass of a freshly generated library or not at all.
      ch_08_canonical.json: 8 of 8 item(s) re-ordered
          #1 C-7.1 U2: A–D now hold BDAC · correct B -> A
          #2 C-7.1 U3: A–D now hold CDBA · correct B -> C
          #6 C-6.3 U5: A–D now hold ADBC · correct B -> C
          #7 C-6.3 U7: A–D now hold ADCB · correct B -> D
          #9 C-7.2 U4: A–D now hold DCBA · correct B -> C
          #10 C-7.2 U6: A–D now hold CBDA · correct B -> B
          #11 C-7.3 U2: A–D now hold BADC · correct B -> A
          #12 C-7.3 U10: A–D now hold BDAC · correct B -> A

== report: genon/out/library_reports/social_sciences_vii_ch08_20260816_092042.md ==
deterministic checks: FAILURES — see report
Next: open a Cowork session and ask it to present this report for the human gate.
