$ /Library/Developer/CommandLineTools/usr/bin/python3 /Users/kumar_radhakrishnan/main/kumar/AI/aruvi-saas/genon/build_library.py science ix 3 --certify-only

canonical plans written: 200 on authored standards, 140 provisional
brief written: /Users/kumar_radhakrishnan/main/kumar/AI/aruvi-saas/genon/out/briefs/ch_03_top.txt

== STEP 2 · annotate master plan ==
brief written: /Users/kumar_radhakrishnan/main/kumar/AI/aruvi-saas/genon/out/briefs/ch_03_p12.txt
brief written: /Users/kumar_radhakrishnan/main/kumar/AI/aruvi-saas/genon/out/briefs/ch_03_p09.txt

== STEP 6 · arrange MCQ options ==
options arranged: 14 of 21 item(s) re-ordered this run. Nothing is written to the artefact (founder ruling 2026-08-04), so a 0 here means only that nothing was left to move — on a re-run that is expected, and it is NOT evidence the model arranged them unaided. Read this number on the FIRST pass of a freshly generated library or not at all.
      ch_03_canonical.json: 0 of 7 item(s) re-ordered
      ch_03_canonical_p09.json: 8 of 8 item(s) re-ordered
          #1 C-3.1 S1: A–D now hold CABD · correct B -> C
          #2 C-3.1 S2: A–D now hold CDBA · correct B -> C
          #4 C-3.1 S5: A–D now hold CADB · correct B -> D
          #6 C-3.1 S8: A–D now hold DBAC · correct B -> B
          #8 C-3.2 S12: A–D now hold DCBA · correct B -> C
          #10 C-3.1 S14: A–D now hold BDAC · correct B -> A
          #11 C-3.1 S18: A–D now hold ADBC · correct B -> C
          #13 C-3.1 S21: A–D now hold DBAC · correct B -> B
      ch_03_canonical_p12.json: 6 of 6 item(s) re-ordered
          #1 C-3.1 S1: A–D now hold CABD · correct B -> C
          #2 C-3.1 S2: A–D now hold CBDA · correct B -> B
          #4 C-3.1 S5: A–D now hold DCAB · correct A -> C
          #5 C-3.1 S7: A–D now hold ADBC · correct B -> C
          #9 C-3.1 S13: A–D now hold ABDC · correct A -> A
          #12 C-3.1 S18: A–D now hold DBCA · correct B -> B

== report: genon/out/library_reports/science_ix_ch03_20260817_105913.md ==
deterministic checks: FAILURES — see report
Next: open a Cowork session and ask it to present this report for the human gate.
