$ /Library/Developer/CommandLineTools/usr/bin/python3 /Users/kumar_radhakrishnan/main/kumar/AI/aruvi-saas/genon/build_library.py social_sciences viii 7 --certify-only

canonical plans written: 188 on authored standards, 152 provisional
brief written: /Users/kumar_radhakrishnan/main/kumar/AI/aruvi-saas/genon/out/briefs/ch_07_top.txt

== STEP 2 · annotate master plan ==
brief written: /Users/kumar_radhakrishnan/main/kumar/AI/aruvi-saas/genon/out/briefs/ch_07_p10.txt
brief written: /Users/kumar_radhakrishnan/main/kumar/AI/aruvi-saas/genon/out/briefs/ch_07_p07.txt

== STEP 6 · arrange MCQ options ==
options arranged: 10 of 10 item(s) re-ordered this run. Nothing is written to the artefact (founder ruling 2026-08-04), so a 0 here means only that nothing was left to move — on a re-run that is expected, and it is NOT evidence the model arranged them unaided. Read this number on the FIRST pass of a freshly generated library or not at all.
      ch_07_canonical.json: 10 of 10 item(s) re-ordered
          #1 C-9.1 U1: A–D now hold BCAD · correct B -> A
          #2 C-9.1 U5: A–D now hold ABDC · correct C -> D
          #6 C-6.3 U11: A–D now hold ADBC · correct C -> D
          #7 C-6.3 U12: A–D now hold DABC · correct C -> D
          #9 C-4.1 U1: A–D now hold BCDA · correct A -> D
          #10 C-4.1 U8: A–D now hold BDAC · correct B -> A
          #12 C-6.2 U2: A–D now hold BDAC · correct B -> A
          #13 C-6.2 U10: A–D now hold BCDA · correct A -> D
          #14 C-10.1 U6: A–D now hold BDAC · correct B -> A
          #15 C-10.1 U6: A–D now hold BDCA · correct C -> C

== report: genon/out/library_reports/social_sciences_viii_ch07_20260816_092045.md ==
deterministic checks: FAILURES — see report
Next: open a Cowork session and ask it to present this report for the human gate.
