$ /Library/Developer/CommandLineTools/usr/bin/python3 /Users/kumar_radhakrishnan/main/kumar/AI/aruvi-saas/genon/build_library.py the_world_around_us iv 9 --certify-only

canonical plans written: 40 on authored standards, 300 provisional
brief written: /Users/kumar_radhakrishnan/main/kumar/AI/aruvi-saas/genon/out/briefs/ch_09_top.txt

== STEP 2 · annotate master plan ==
brief written: /Users/kumar_radhakrishnan/main/kumar/AI/aruvi-saas/genon/out/briefs/ch_09_p13.txt
brief written: /Users/kumar_radhakrishnan/main/kumar/AI/aruvi-saas/genon/out/briefs/ch_09_p10.txt

== STEP 6 · arrange MCQ options ==
options arranged: 7 of 12 item(s) re-ordered this run. Nothing is written to the artefact (founder ruling 2026-08-04), so a 0 here means only that nothing was left to move — on a re-run that is expected, and it is NOT evidence the model arranged them unaided. Read this number on the FIRST pass of a freshly generated library or not at all.
      ch_09_canonical.json: 0 of 5 item(s) re-ordered
      ch_09_canonical_p10.json: 3 of 3 item(s) re-ordered
          #1 C-6.2 U1: A–D now hold DABC · correct C -> D
          #3 C-2.2 U3: A–D now hold ABDC · correct B -> B
          #6 C-1.1 U6: A–D now hold DCAB · correct D -> A
      ch_09_canonical_p13.json: 4 of 4 item(s) re-ordered
          #1 C-6.2 U1: A–D now hold ACDB · correct B -> D
          #4 C-1.1 U4: A–D now hold BDCA · correct B -> A
          #6 C-4.2 U6: A–D now hold DBCA · correct B -> B
          #12 C-4.2 U12: A–D now hold CBDA · correct C -> A

== report: genon/out/library_reports/the_world_around_us_iv_ch09_20260812_145757.md ==
deterministic checks: FAILURES — see report
QUARANTINED (not servable): ch_09_canonical_p10.json
Next: open a Cowork session and ask it to present this report for the human gate.
