$ /Library/Developer/CommandLineTools/usr/bin/python3 /Users/kumar_radhakrishnan/main/kumar/AI/aruvi-saas/genon/build_library.py science viii 13 --certify-only

canonical plans written: 236 on authored standards, 104 provisional
brief written: /Users/kumar_radhakrishnan/main/kumar/AI/aruvi-saas/genon/out/briefs/ch_13_top.txt

== STEP 2 · annotate master plan ==
brief written: /Users/kumar_radhakrishnan/main/kumar/AI/aruvi-saas/genon/out/briefs/ch_13_p10.txt
brief written: /Users/kumar_radhakrishnan/main/kumar/AI/aruvi-saas/genon/out/briefs/ch_13_p08.txt
brief written: /Users/kumar_radhakrishnan/main/kumar/AI/aruvi-saas/genon/out/briefs/ch_13_p06.txt

== STEP 6 · arrange MCQ options ==
options arranged: 23 of 34 item(s) re-ordered this run. Nothing is written to the artefact (founder ruling 2026-08-04), so a 0 here means only that nothing was left to move — on a re-run that is expected, and it is NOT evidence the model arranged them unaided. Read this number on the FIRST pass of a freshly generated library or not at all.
      ch_13_canonical.json: 0 of 10 item(s) re-ordered
      ch_13_canonical_p06.json: 7 of 8 item(s) re-ordered
          #1 C-3.4 PS1: A–D now hold BADC · correct B -> A
          #2 C-3.4 PS1: A–D now hold CDAB · correct B -> D
          #3 C-3.4 PS2: A–D now hold DCAB · correct B -> D
          #4 C-3.4 PS2: A–D now hold BADC · correct B -> A
          #6 C-3.2 PS3: A–D now hold BCDA · correct B -> A
          #7 C-3.2 PS3: A–D now hold DABC · correct B -> C
          #10 C-3.4 PS4: A–D now hold BCAD · correct B -> A
      ch_13_canonical_p08.json: 8 of 8 item(s) re-ordered
          #1 C-3.4 PS1: A–D now hold DACB · correct A -> B
          #2 C-3.4 PS1: A–D now hold BDAC · correct A -> C
          #3 C-3.4 PS2: A–D now hold ACBD · correct A -> A
          #4 C-3.4 PS2: A–D now hold BACD · correct A -> B
          #6 C-3.2 PS3: A–D now hold CADB · correct A -> B
          #7 C-3.2 PS3: A–D now hold BADC · correct A -> B
          #9 C-3.4 PS4: A–D now hold DABC · correct A -> B
          #10 C-3.4 PS4: A–D now hold DCBA · correct A -> D
      ch_13_canonical_p10.json: 8 of 8 item(s) re-ordered
          #1 C-3.4 PS1: A–D now hold ACDB · correct A -> A
          #2 C-3.4 PS1: A–D now hold CDAB · correct A -> C
          #3 C-3.4 PS2: A–D now hold BDCA · correct A -> D
          #4 C-3.4 PS2: A–D now hold BADC · correct A -> B
          #6 C-3.2 PS3: A–D now hold BDAC · correct A -> C
          #7 C-3.2 PS3: A–D now hold CBDA · correct A -> D
          #9 C-3.4 PS4: A–D now hold CABD · correct A -> B
          #10 C-3.4 PS4: A–D now hold DABC · correct A -> B

== report: genon/out/library_reports/science_viii_ch13_20260817_123825.md ==
deterministic checks: ALL PASS
Next: open a Cowork session and ask it to present this report for the human gate.
