$ /Library/Developer/CommandLineTools/usr/bin/python3 /Users/kumar_radhakrishnan/main/kumar/AI/aruvi-saas/genon/build_library.py science vii 1 --certify-only

canonical plans written: 236 on authored standards, 104 provisional
brief written: /Users/kumar_radhakrishnan/main/kumar/AI/aruvi-saas/genon/out/briefs/ch_01_top.txt

== STEP 2 · annotate master plan ==
brief written: /Users/kumar_radhakrishnan/main/kumar/AI/aruvi-saas/genon/out/briefs/ch_01_p05.txt
brief written: /Users/kumar_radhakrishnan/main/kumar/AI/aruvi-saas/genon/out/briefs/ch_01_p04.txt

== STEP 6 · arrange MCQ options ==
options arranged: 12 of 22 item(s) re-ordered this run. Nothing is written to the artefact (founder ruling 2026-08-04), so a 0 here means only that nothing was left to move — on a re-run that is expected, and it is NOT evidence the model arranged them unaided. Read this number on the FIRST pass of a freshly generated library or not at all.
      ch_01_canonical.json: 0 of 8 item(s) re-ordered
      ch_01_canonical_p04.json: 6 of 8 item(s) re-ordered
          #1 C-6.1 PS1: A–D now hold BCAD · correct B -> A
          #2 C-6.1 PS1: A–D now hold DBCA · correct B -> B
          #3 C-6.1 PS2: A–D now hold DBCA · correct B -> B
          #7 C-6.1 PS3: A–D now hold ADCB · correct B -> D
          #9 C-6.1 PS4: A–D now hold CABD · correct B -> C
          #10 C-6.1 PS4: A–D now hold ACDB · correct B -> D
          #4 SKIPPED — cross-references an option label — left untouched, needs a human
      ch_01_canonical_p05.json: 6 of 6 item(s) re-ordered
          #1 C-6.1 PS1: A–D now hold BCAD · correct B -> A
          #2 C-6.1 PS1: A–D now hold CBAD · correct A -> C
          #3 C-6.1 PS2: A–D now hold BCAD · correct A -> C
          #4 C-6.1 PS2: A–D now hold DBAC · correct A -> C
          #6 C-6.1 PS3: A–D now hold BADC · correct A -> B
          #7 C-6.1 PS3: A–D now hold BCAD · correct A -> C

== report: genon/out/library_reports/science_vii_ch01_20260817_123815.md ==
deterministic checks: ALL PASS
Next: open a Cowork session and ask it to present this report for the human gate.
