$ /Library/Developer/CommandLineTools/usr/bin/python3 /Users/kumar_radhakrishnan/main/kumar/AI/aruvi-saas/genon/build_library.py mathematics iv 1 --certify-only

canonical plans written: 323 on authored standards, 17 provisional
brief written: /Users/kumar_radhakrishnan/main/kumar/AI/aruvi-saas/genon/out/briefs/ch_01_top.txt

== STEP 2 · annotate master plan ==
brief written: /Users/kumar_radhakrishnan/main/kumar/AI/aruvi-saas/genon/out/briefs/ch_01_p11.txt
brief written: /Users/kumar_radhakrishnan/main/kumar/AI/aruvi-saas/genon/out/briefs/ch_01_p08.txt

== STEP 6 · arrange MCQ options ==
options arranged: 19 of 38 item(s) re-ordered this run. Nothing is written to the artefact (founder ruling 2026-08-04), so a 0 here means only that nothing was left to move — on a re-run that is expected, and it is NOT evidence the model arranged them unaided. Read this number on the FIRST pass of a freshly generated library or not at all.
      ch_01_canonical.json: 0 of 13 item(s) re-ordered
      ch_01_canonical_p08.json: 9 of 12 item(s) re-ordered
          #5 None #5: A–D now hold ADCB · correct C -> C
          #7 None #7: A–D now hold BACD · correct B -> A
          #9 None #9: A–D now hold CDBA · correct C -> A
          #12 None #12: A–D now hold ABDC · correct B -> B
          #13 None #13: A–D now hold ACBD · correct B -> C
          #14 None #14: A–D now hold CABD · correct C -> A
          #21 None #21: A–D now hold BDCA · correct B -> A
          #23 None #23: A–D now hold CDBA · correct C -> A
          #25 None #25: A–D now hold DBCA · correct B -> B
      ch_01_canonical_p11.json: 10 of 13 item(s) re-ordered
          #5 None #5: A–D now hold CDBA · correct A -> D
          #10 None #10: A–D now hold ABDC · correct D -> C
          #11 None #11: A–D now hold ACDB · correct B -> D
          #12 None #12: A–D now hold BCAD · correct C -> B
          #13 None #13: A–D now hold DCBA · correct A -> D
          #15 None #15: A–D now hold CBAD · correct C -> A
          #22 None #22: A–D now hold BDAC · correct B -> A
          #23 None #23: A–D now hold ACDB · correct D -> C
          #25 None #25: A–D now hold ADCB · correct B -> D
          #26 None #26: A–D now hold ACBD · correct A -> A

== report: genon/out/library_reports/mathematics_iv_ch01_20260820_124618.md ==
deterministic checks: FAILURES — see report
QUARANTINED (not servable): ch_01_canonical_p08.json
QUARANTINED (not servable): ch_01_canonical_p11.json
Next: open a Cowork session and ask it to present this report for the human gate.
