$ /Library/Developer/CommandLineTools/usr/bin/python3 /Users/kumar_radhakrishnan/main/kumar/AI/aruvi-saas/genon/build_library.py mathematics iii 11 --certify-only

canonical plans written: 323 on authored standards, 17 provisional
brief written: /Users/kumar_radhakrishnan/main/kumar/AI/aruvi-saas/genon/out/briefs/ch_11_top.txt

== STEP 2 · annotate master plan ==
brief written: /Users/kumar_radhakrishnan/main/kumar/AI/aruvi-saas/genon/out/briefs/ch_11_p08.txt
brief written: /Users/kumar_radhakrishnan/main/kumar/AI/aruvi-saas/genon/out/briefs/ch_11_p06.txt

== STEP 6 · arrange MCQ options ==
options arranged: 14 of 20 item(s) re-ordered this run. Nothing is written to the artefact (founder ruling 2026-08-04), so a 0 here means only that nothing was left to move — on a re-run that is expected, and it is NOT evidence the model arranged them unaided. Read this number on the FIRST pass of a freshly generated library or not at all.
      ch_11_canonical.json: 0 of 6 item(s) re-ordered
      ch_11_canonical_p06.json: 6 of 6 item(s) re-ordered
          #2 None #2: A–D now hold BDAC · correct C -> D
          #4 None #4: A–D now hold BDCA · correct C -> C
          #5 None #5: A–D now hold DABC · correct A -> B
          #7 None #7: A–D now hold DABC · correct B -> C
          #9 None #9: A–D now hold ADCB · correct C -> C
          #13 None #13: A–D now hold ABDC · correct B -> B
      ch_11_canonical_p08.json: 8 of 8 item(s) re-ordered
          #2 None #2: A–D now hold DACB · correct B -> D
          #4 None #4: A–D now hold BDAC · correct C -> D
          #6 None #6: A–D now hold ADBC · correct C -> D
          #8 None #8: A–D now hold DABC · correct B -> C
          #10 None #10: A–D now hold ADCB · correct C -> C
          #11 None #11: A–D now hold BCDA · correct A -> D
          #13 None #13: A–D now hold CABD · correct D -> D
          #17 None #17: A–D now hold DACB · correct C -> C

== report: genon/out/library_reports/mathematics_iii_ch11_20260820_104952.md ==
deterministic checks: FAILURES — see report
QUARANTINED (not servable): ch_11_canonical_p06.json
Next: open a Cowork session and ask it to present this report for the human gate.
