$ /Library/Developer/CommandLineTools/usr/bin/python3 /Users/kumar_radhakrishnan/main/kumar/AI/aruvi-saas/genon/build_library.py mathematics v 5 --certify-only

canonical plans written: 323 on authored standards, 17 provisional
brief written: /Users/kumar_radhakrishnan/main/kumar/AI/aruvi-saas/genon/out/briefs/ch_05_top.txt

== STEP 2 · annotate master plan ==
brief written: /Users/kumar_radhakrishnan/main/kumar/AI/aruvi-saas/genon/out/briefs/ch_05_p13.txt
brief written: /Users/kumar_radhakrishnan/main/kumar/AI/aruvi-saas/genon/out/briefs/ch_05_p10.txt

== STEP 6 · arrange MCQ options ==
options arranged: 7 of 12 item(s) re-ordered this run. Nothing is written to the artefact (founder ruling 2026-08-04), so a 0 here means only that nothing was left to move — on a re-run that is expected, and it is NOT evidence the model arranged them unaided. Read this number on the FIRST pass of a freshly generated library or not at all.
      ch_05_canonical.json: 0 of 5 item(s) re-ordered
      ch_05_canonical_p10.json: 7 of 7 item(s) re-ordered
          #3 None #3: A–D now hold ABDC · correct A -> A
          #4 None #4: A–D now hold CABD · correct A -> B
          #6 None #6: A–D now hold BDAC · correct A -> C
          #7 None #7: A–D now hold CABD · correct A -> B
          #10 None #10: A–D now hold BDAC · correct A -> C
          #14 None #14: A–D now hold CADB · correct A -> B
          #15 None #15: A–D now hold ACBD · correct A -> A

== report: genon/out/library_reports/mathematics_v_ch05_20260820_105000.md ==
deterministic checks: FAILURES — see report
Next: open a Cowork session and ask it to present this report for the human gate.
