$ /Library/Developer/CommandLineTools/usr/bin/python3 /Users/kumar_radhakrishnan/main/kumar/AI/aruvi-saas/genon/build_library.py mathematics iv 11 --certify-only

canonical plans written: 323 on authored standards, 17 provisional
brief written: /Users/kumar_radhakrishnan/main/kumar/AI/aruvi-saas/genon/out/briefs/ch_11_top.txt

== STEP 2 · annotate master plan ==
brief written: /Users/kumar_radhakrishnan/main/kumar/AI/aruvi-saas/genon/out/briefs/ch_11_p08.txt
brief written: /Users/kumar_radhakrishnan/main/kumar/AI/aruvi-saas/genon/out/briefs/ch_11_p06.txt

== STEP 6 · arrange MCQ options ==
options arranged: 12 of 19 item(s) re-ordered this run. Nothing is written to the artefact (founder ruling 2026-08-04), so a 0 here means only that nothing was left to move — on a re-run that is expected, and it is NOT evidence the model arranged them unaided. Read this number on the FIRST pass of a freshly generated library or not at all.
      ch_11_canonical.json: 0 of 7 item(s) re-ordered
      ch_11_canonical_p06.json: 7 of 7 item(s) re-ordered
          #2 None #2: A–D now hold BACD · correct A -> B
          #4 None #4: A–D now hold ACDB · correct A -> A
          #6 None #6: A–D now hold BDCA · correct A -> D
          #8 None #8: A–D now hold DACB · correct A -> B
          #10 None #10: A–D now hold BCAD · correct A -> C
          #13 None #13: A–D now hold CABD · correct A -> B
          #14 None #14: A–D now hold BCAD · correct A -> C
      ch_11_canonical_p08.json: 5 of 5 item(s) re-ordered
          #2 None #2: A–D now hold BDCA · correct A -> D
          #4 None #4: A–D now hold BACD · correct A -> B
          #6 None #6: A–D now hold BCAD · correct A -> C
          #8 None #8: A–D now hold BCDA · correct C -> B
          #12 None #12: A–D now hold ADBC · correct A -> A

== report: genon/out/library_reports/mathematics_iv_ch11_20260820_104957.md ==
deterministic checks: FAILURES — see report
QUARANTINED (not servable): ch_11_canonical_p06.json
Next: open a Cowork session and ask it to present this report for the human gate.
