$ /usr/bin/python3 /sessions/cool-sweet-heisenberg/mnt/aruvi-saas/genon/build_library.py mathematics ix 3 --certify-only

canonical plans written: 243 on authored standards, 97 provisional
brief written: /sessions/cool-sweet-heisenberg/mnt/aruvi-saas/genon/out/briefs/ch_03_top.txt

== STEP 2 · annotate master plan ==
brief written: /sessions/cool-sweet-heisenberg/mnt/aruvi-saas/genon/out/briefs/ch_03_p14.txt
brief written: /sessions/cool-sweet-heisenberg/mnt/aruvi-saas/genon/out/briefs/ch_03_p10.txt

== STEP 6 · arrange MCQ options ==
options arranged: 13 of 21 item(s) re-ordered this run. Nothing is written to the artefact (founder ruling 2026-08-04), so a 0 here means only that nothing was left to move — on a re-run that is expected, and it is NOT evidence the model arranged them unaided. Read this number on the FIRST pass of a freshly generated library or not at all.
      ch_03_canonical.json: 0 of 6 item(s) re-ordered
      ch_03_canonical_p10.json: 6 of 6 item(s) re-ordered
          #1 C-1.1 S1: A–D now hold DABC · correct B -> C
          #2 C-10.1 S2: A–D now hold DCAB · correct B -> D
          #3 C-10.1 S3: A–D now hold ADBC · correct B -> C
          #4 C-10.1 S4: A–D now hold DBAC · correct B -> B
          #6 C-10.1 S6: A–D now hold BADC · correct B -> A
          #12 C-1.1 S12: A–D now hold DABC · correct B -> C
      ch_03_canonical_p14.json: 7 of 9 item(s) re-ordered
          #3 C-10.1 S3: A–D now hold BCAD · correct B -> A
          #4 C-1.1 S4: A–D now hold CBAD · correct B -> B
          #6 C-10.1 S6: A–D now hold BDAC · correct B -> A
          #10 C-1.1 S9: A–D now hold ADBC · correct A -> A
          #13 C-1.1 S12: A–D now hold BACD · correct B -> A
          #16 C-10.1 S15: A–D now hold ADCB · correct B -> D
          #21 C-1.1 S19: A–D now hold DACB · correct B -> D

== report: genon/out/library_reports/mathematics_ix_ch03_20260818_165900.md ==
deterministic checks: FAILURES — see report
QUARANTINED (not servable): ch_03_canonical_p10.json
QUARANTINED (not servable): ch_03_canonical_p14.json
Next: open a Cowork session and ask it to present this report for the human gate.
