$ /Library/Developer/CommandLineTools/usr/bin/python3 /Users/kumar_radhakrishnan/main/kumar/AI/aruvi-saas/genon/build_library.py social_sciences vii 1 --certify-only

canonical plans written: 188 on authored standards, 152 provisional
brief written: /Users/kumar_radhakrishnan/main/kumar/AI/aruvi-saas/genon/out/briefs/ch_01_top.txt

== STEP 2 · annotate master plan ==
brief written: /Users/kumar_radhakrishnan/main/kumar/AI/aruvi-saas/genon/out/briefs/ch_01_p15.txt
brief written: /Users/kumar_radhakrishnan/main/kumar/AI/aruvi-saas/genon/out/briefs/ch_01_p11.txt

== STEP 6 · arrange MCQ options ==
options arranged: 19 of 30 item(s) re-ordered this run. Nothing is written to the artefact (founder ruling 2026-08-04), so a 0 here means only that nothing was left to move — on a re-run that is expected, and it is NOT evidence the model arranged them unaided. Read this number on the FIRST pass of a freshly generated library or not at all.
      ch_01_canonical.json: 0 of 10 item(s) re-ordered
      ch_01_canonical_p11.json: 10 of 10 item(s) re-ordered
          #1 C-7.2 U1: A–D now hold DBCA · correct A -> D
          #2 C-7.2 U9: A–D now hold DCBA · correct A -> D
          #6 C-6.4 U5: A–D now hold CADB · correct A -> B
          #7 C-6.4 U8: A–D now hold ACDB · correct A -> A
          #9 C-6.1 U2: A–D now hold DACB · correct A -> B
          #10 C-6.1 U8: A–D now hold CDBA · correct A -> D
          #11 C-6.2 U7: A–D now hold BADC · correct A -> B
          #12 C-6.2 U8: A–D now hold BCAD · correct A -> C
          #13 C-6.3 U4: A–D now hold CBDA · correct A -> D
          #14 C-6.3 U10: A–D now hold BDAC · correct A -> C
      ch_01_canonical_p15.json: 9 of 10 item(s) re-ordered
          #1 C-7.2 U1: A–D now hold CDAB · correct A -> C
          #2 C-7.2 U3: A–D now hold DABC · correct A -> B
          #6 C-6.4 U5: A–D now hold BACD · correct A -> B
          #7 C-6.4 U7: A–D now hold BACD · correct A -> B
          #9 C-6.1 U2: A–D now hold DBAC · correct A -> C
          #11 C-6.2 U8: A–D now hold ABDC · correct A -> A
          #12 C-6.2 U6: A–D now hold DCAB · correct A -> C
          #13 C-6.3 U4: A–D now hold ACDB · correct A -> A
          #14 C-6.3 U12: A–D now hold BCDA · correct A -> D

== report: genon/out/library_reports/social_sciences_vii_ch01_20260816_101634.md ==
deterministic checks: ALL PASS
Next: open a Cowork session and ask it to present this report for the human gate.
