$ /Library/Developer/CommandLineTools/usr/bin/python3 /Users/kumar_radhakrishnan/main/kumar/AI/aruvi-saas/genon/build_library.py mathematics iv 5 --certify-only

canonical plans written: 320 on authored standards, 20 provisional
brief written: /Users/kumar_radhakrishnan/main/kumar/AI/aruvi-saas/genon/out/briefs/ch_05_top.txt

== STEP 2 · annotate master plan ==
brief written: /Users/kumar_radhakrishnan/main/kumar/AI/aruvi-saas/genon/out/briefs/ch_05_p11.txt
brief written: /Users/kumar_radhakrishnan/main/kumar/AI/aruvi-saas/genon/out/briefs/ch_05_p08.txt

== STEP 6 · arrange MCQ options ==
options arranged: 8 of 9 item(s) re-ordered this run. Nothing is written to the artefact (founder ruling 2026-08-04), so a 0 here means only that nothing was left to move — on a re-run that is expected, and it is NOT evidence the model arranged them unaided. Read this number on the FIRST pass of a freshly generated library or not at all.
      ch_05_canonical.json: 8 of 9 item(s) re-ordered
          #3 None #3: A–D now hold ACBD · correct A -> A
          #4 None #4: A–D now hold ACBD · correct B -> C
          #6 None #6: A–D now hold CADB · correct C -> A
          #12 None #12: A–D now hold BADC · correct B -> A
          #14 None #14: A–D now hold BCAD · correct B -> A
          #15 None #15: A–D now hold BDAC · correct B -> A
          #17 None #17: A–D now hold BADC · correct B -> A
          #19 None #19: A–D now hold DCBA · correct C -> B

== report: genon/out/library_reports/mathematics_iv_ch05_20260819_174031.md ==
deterministic checks: FAILURES — see report
Next: open a Cowork session and ask it to present this report for the human gate.
