$ /Library/Developer/CommandLineTools/usr/bin/python3 /Users/kumar_radhakrishnan/main/kumar/AI/aruvi-saas/genon/build_library.py social_sciences vii 7 --certify-only

canonical plans written: 188 on authored standards, 152 provisional
brief written: /Users/kumar_radhakrishnan/main/kumar/AI/aruvi-saas/genon/out/briefs/ch_07_top.txt

== STEP 2 · annotate master plan ==
brief written: /Users/kumar_radhakrishnan/main/kumar/AI/aruvi-saas/genon/out/briefs/ch_07_p15.txt
brief written: /Users/kumar_radhakrishnan/main/kumar/AI/aruvi-saas/genon/out/briefs/ch_07_p11.txt

== STEP 6 · arrange MCQ options ==
options arranged: 18 of 29 item(s) re-ordered this run. Nothing is written to the artefact (founder ruling 2026-08-04), so a 0 here means only that nothing was left to move — on a re-run that is expected, and it is NOT evidence the model arranged them unaided. Read this number on the FIRST pass of a freshly generated library or not at all.
      ch_07_canonical.json: 0 of 10 item(s) re-ordered
      ch_07_canonical_p11.json: 9 of 10 item(s) re-ordered
          #1 C-2.1 U1: A–D now hold CBDA · correct B -> B
          #2 C-2.1 U10: A–D now hold BDCA · correct B -> A
          #6 C-10.1 U8: A–D now hold ABDC · correct B -> B
          #7 C-10.1 U9: A–D now hold ADBC · correct B -> C
          #9 C-3.1 U5: A–D now hold BACD · correct C -> C
          #10 C-3.1 U6: A–D now hold BCDA · correct A -> D
          #11 C-9.1 U7: A–D now hold ACBD · correct B -> C
          #12 C-9.1 U7: A–D now hold CABD · correct B -> C
          #13 C-1.1 U5: A–D now hold CABD · correct B -> C
      ch_07_canonical_p15.json: 9 of 9 item(s) re-ordered
          #1 C-2.1 U1: A–D now hold CABD · correct A -> B
          #2 C-2.1 U12: A–D now hold BADC · correct A -> B
          #6 C-10.1 U9: A–D now hold BDAC · correct B -> A
          #7 C-10.1 U10: A–D now hold DABC · correct B -> C
          #9 C-3.1 U5: A–D now hold DABC · correct B -> C
          #10 C-3.1 U6: A–D now hold ACBD · correct B -> C
          #11 C-9.1 U7: A–D now hold ACBD · correct C -> B
          #12 C-1.1 U5: A–D now hold DCBA · correct B -> C
          #13 C-1.1 U2: A–D now hold DABC · correct B -> C

== report: genon/out/library_reports/social_sciences_vii_ch07_20260816_101636.md ==
deterministic checks: FAILURES — see report
Next: open a Cowork session and ask it to present this report for the human gate.
