$ /Library/Developer/CommandLineTools/usr/bin/python3 /Users/kumar_radhakrishnan/main/kumar/AI/aruvi-saas/genon/build_library.py science viii 3 --certify-only

canonical plans written: 235 on authored standards, 105 provisional
brief written: /Users/kumar_radhakrishnan/main/kumar/AI/aruvi-saas/genon/out/briefs/ch_03_top.txt

== STEP 2 · annotate master plan ==
brief written: /Users/kumar_radhakrishnan/main/kumar/AI/aruvi-saas/genon/out/briefs/ch_03_p07.txt
brief written: /Users/kumar_radhakrishnan/main/kumar/AI/aruvi-saas/genon/out/briefs/ch_03_p05.txt

== STEP 6 · arrange MCQ options ==
options arranged: 8 of 8 item(s) re-ordered this run. Nothing is written to the artefact (founder ruling 2026-08-04), so a 0 here means only that nothing was left to move — on a re-run that is expected, and it is NOT evidence the model arranged them unaided. Read this number on the FIRST pass of a freshly generated library or not at all.
      ch_03_canonical.json: 8 of 8 item(s) re-ordered
          #1 C-4.1 PS1: A–D now hold BACD · correct B -> A
          #2 C-4.1 PS1: A–D now hold BACD · correct C -> C
          #3 C-4.1 PS2: A–D now hold ABDC · correct B -> B
          #4 C-4.1 PS2: A–D now hold DCBA · correct B -> C
          #6 C-4.1 PS3: A–D now hold CADB · correct C -> A
          #7 C-4.1 PS3: A–D now hold ABDC · correct C -> D
          #9 C-4.1 PS4: A–D now hold ACDB · correct A -> A
          #10 C-4.1 PS4: A–D now hold ACDB · correct C -> B

== report: genon/out/library_reports/science_viii_ch03_20260817_115437.md ==
deterministic checks: FAILURES — see report
Next: open a Cowork session and ask it to present this report for the human gate.
