$ /Library/Developer/CommandLineTools/usr/bin/python3 /Users/kumar_radhakrishnan/main/kumar/AI/aruvi-saas/genon/build_library.py social_sciences vii 4 --certify-only

canonical plans written: 188 on authored standards, 152 provisional
brief written: /Users/kumar_radhakrishnan/main/kumar/AI/aruvi-saas/genon/out/briefs/ch_04_top.txt

== STEP 2 · annotate master plan ==
brief written: /Users/kumar_radhakrishnan/main/kumar/AI/aruvi-saas/genon/out/briefs/ch_04_p15.txt
brief written: /Users/kumar_radhakrishnan/main/kumar/AI/aruvi-saas/genon/out/briefs/ch_04_p11.txt

== STEP 6 · arrange MCQ options ==
options arranged: 7 of 10 item(s) re-ordered this run. Nothing is written to the artefact (founder ruling 2026-08-04), so a 0 here means only that nothing was left to move — on a re-run that is expected, and it is NOT evidence the model arranged them unaided. Read this number on the FIRST pass of a freshly generated library or not at all.
      ch_04_canonical.json: 7 of 10 item(s) re-ordered
          #1 C-2.1 U1: A–D now hold BDAC · correct B -> A
          #2 C-2.1 U12: A–D now hold ADCB · correct B -> D
          #7 C-3.1 U9: A–D now hold BACD · correct B -> A
          #10 C-3.2 U16: A–D now hold ACDB · correct B -> D
          #11 C-5.1 U9: A–D now hold ADBC · correct D -> B
          #12 C-5.1 U16: A–D now hold DACB · correct B -> D
          #14 C-4.1 U18: A–D now hold DBCA · correct B -> B
          #6 SKIPPED — cross-references an option label — left untouched, needs a human

== report: genon/out/library_reports/social_sciences_vii_ch04_20260816_092041.md ==
deterministic checks: FAILURES — see report
Next: open a Cowork session and ask it to present this report for the human gate.
