$ /Library/Developer/CommandLineTools/usr/bin/python3 /Users/kumar_radhakrishnan/main/kumar/AI/aruvi-saas/genon/build_library.py social_sciences vii 12 --certify-only

canonical plans written: 188 on authored standards, 152 provisional
brief written: /Users/kumar_radhakrishnan/main/kumar/AI/aruvi-saas/genon/out/briefs/ch_12_top.txt

== STEP 2 · annotate master plan ==
brief written: /Users/kumar_radhakrishnan/main/kumar/AI/aruvi-saas/genon/out/briefs/ch_12_p15.txt
brief written: /Users/kumar_radhakrishnan/main/kumar/AI/aruvi-saas/genon/out/briefs/ch_12_p11.txt

== STEP 6 · arrange MCQ options ==
options arranged: 20 of 30 item(s) re-ordered this run. Nothing is written to the artefact (founder ruling 2026-08-04), so a 0 here means only that nothing was left to move — on a re-run that is expected, and it is NOT evidence the model arranged them unaided. Read this number on the FIRST pass of a freshly generated library or not at all.
      ch_12_canonical.json: 0 of 10 item(s) re-ordered
      ch_12_canonical_p11.json: 10 of 10 item(s) re-ordered
          #1 C-9.1 U1: A–D now hold CBAD · correct A -> C
          #2 C-9.1 U3: A–D now hold DABC · correct A -> B
          #6 C-4.1 U8: A–D now hold CADB · correct A -> B
          #7 C-4.1 U9: A–D now hold DACB · correct A -> B
          #9 C-4.2 U7: A–D now hold BADC · correct A -> B
          #10 C-4.2 U9: A–D now hold BADC · correct A -> B
          #11 C-6.2 U4: A–D now hold BADC · correct A -> B
          #12 C-6.2 U4: A–D now hold ABDC · correct A -> A
          #13 C-10.1 U1: A–D now hold CBAD · correct A -> C
          #14 C-10.1 U8: A–D now hold DABC · correct A -> B
      ch_12_canonical_p15.json: 10 of 10 item(s) re-ordered
          #1 C-9.1 U1: A–D now hold ACDB · correct A -> A
          #2 C-9.1 U7: A–D now hold BCDA · correct B -> A
          #6 C-4.1 U9: A–D now hold DABC · correct B -> C
          #7 C-4.1 U11: A–D now hold CABD · correct B -> C
          #9 C-4.2 U9: A–D now hold DBAC · correct B -> B
          #10 C-4.2 U11: A–D now hold DBAC · correct B -> B
          #11 C-6.2 U5: A–D now hold BACD · correct B -> A
          #12 C-6.2 U5: A–D now hold CDAB · correct B -> D
          #13 C-10.1 U2: A–D now hold DBAC · correct B -> B
          #14 C-10.1 U12: A–D now hold DCBA · correct B -> C

== report: genon/out/library_reports/social_sciences_vii_ch12_20260816_101638.md ==
deterministic checks: FAILURES — see report
Next: open a Cowork session and ask it to present this report for the human gate.
