$ /Library/Developer/CommandLineTools/usr/bin/python3 /Users/kumar_radhakrishnan/main/kumar/AI/aruvi-saas/genon/build_library.py social_sciences vi 11 --certify-only

canonical plans written: 188 on authored standards, 152 provisional
brief written: /Users/kumar_radhakrishnan/main/kumar/AI/aruvi-saas/genon/out/briefs/ch_11_top.txt

== STEP 2 · annotate master plan ==
brief written: /Users/kumar_radhakrishnan/main/kumar/AI/aruvi-saas/genon/out/briefs/ch_11_p15.txt
brief written: /Users/kumar_radhakrishnan/main/kumar/AI/aruvi-saas/genon/out/briefs/ch_11_p11.txt

== STEP 6 · arrange MCQ options ==
options arranged: 10 of 10 item(s) re-ordered this run. Nothing is written to the artefact (founder ruling 2026-08-04), so a 0 here means only that nothing was left to move — on a re-run that is expected, and it is NOT evidence the model arranged them unaided. Read this number on the FIRST pass of a freshly generated library or not at all.
      ch_11_canonical.json: 10 of 10 item(s) re-ordered
          #1 C-8.3 U1: A–D now hold CADB · correct B -> D
          #2 C-8.3 U13: A–D now hold BCAD · correct B -> A
          #6 C-4.1 U3: A–D now hold ADCB · correct C -> C
          #7 C-4.1 U12: A–D now hold BCDA · correct B -> A
          #9 C-4.2 U5: A–D now hold DCBA · correct B -> C
          #10 C-4.2 U9: A–D now hold BACD · correct B -> A
          #12 C-5.2 U4: A–D now hold BADC · correct B -> A
          #13 C-5.2 U10: A–D now hold ADBC · correct B -> C
          #15 C-10.1 U14: A–D now hold BDAC · correct B -> A
          #16 C-10.1 U14: A–D now hold CDAB · correct B -> D

== report: genon/out/library_reports/social_sciences_vi_ch11_20260816_092039.md ==
deterministic checks: FAILURES — see report
Next: open a Cowork session and ask it to present this report for the human gate.
