$ /Library/Developer/CommandLineTools/usr/bin/python3 /Users/kumar_radhakrishnan/main/kumar/AI/aruvi-saas/genon/build_library.py science ix 7 --certify-only

canonical plans written: 200 on authored standards, 140 provisional
brief written: /Users/kumar_radhakrishnan/main/kumar/AI/aruvi-saas/genon/out/briefs/ch_07_top.txt

== STEP 2 · annotate master plan ==
brief written: /Users/kumar_radhakrishnan/main/kumar/AI/aruvi-saas/genon/out/briefs/ch_07_p18.txt
brief written: /Users/kumar_radhakrishnan/main/kumar/AI/aruvi-saas/genon/out/briefs/ch_07_p13.txt

== STEP 6 · arrange MCQ options ==
options arranged: 11 of 15 item(s) re-ordered this run. Nothing is written to the artefact (founder ruling 2026-08-04), so a 0 here means only that nothing was left to move — on a re-run that is expected, and it is NOT evidence the model arranged them unaided. Read this number on the FIRST pass of a freshly generated library or not at all.
      ch_07_canonical.json: 0 of 4 item(s) re-ordered
      ch_07_canonical_p13.json: 5 of 5 item(s) re-ordered
          #1 C-2.5 S1: A–D now hold CBDA · correct A -> D
          #2 C-2.5 S2: A–D now hold DBCA · correct A -> D
          #5 C-2.5 S5: A–D now hold CABD · correct A -> B
          #9 C-2.5 S9: A–D now hold ACBD · correct A -> A
          #10 C-2.6 S10: A–D now hold BDCA · correct A -> D
      ch_07_canonical_p18.json: 6 of 6 item(s) re-ordered
          #1 C-2.5 S1: A–D now hold DCAB · correct B -> D
          #2 C-2.5 S2: A–D now hold CABD · correct B -> C
          #5 C-2.5 S5: A–D now hold BDCA · correct B -> A
          #7 C-2.5 S7: A–D now hold BCDA · correct B -> A
          #10 C-2.6 S10: A–D now hold ACDB · correct B -> D
          #11 C-2.6 S11: A–D now hold DBAC · correct A -> C

== report: genon/out/library_reports/science_ix_ch07_20260817_105915.md ==
deterministic checks: FAILURES — see report
QUARANTINED (not servable): ch_07_canonical_p18.json
Next: open a Cowork session and ask it to present this report for the human gate.
