$ /Library/Developer/CommandLineTools/usr/bin/python3 /Users/kumar_radhakrishnan/main/kumar/AI/aruvi-saas/genon/build_library.py mathematics iv 3 --certify-only

canonical plans written: 323 on authored standards, 17 provisional
brief written: /Users/kumar_radhakrishnan/main/kumar/AI/aruvi-saas/genon/out/briefs/ch_03_top.txt

== STEP 2 · annotate master plan ==
brief written: /Users/kumar_radhakrishnan/main/kumar/AI/aruvi-saas/genon/out/briefs/ch_03_p08.txt
brief written: /Users/kumar_radhakrishnan/main/kumar/AI/aruvi-saas/genon/out/briefs/ch_03_p06.txt

== STEP 6 · arrange MCQ options ==
options arranged: 10 of 16 item(s) re-ordered this run. Nothing is written to the artefact (founder ruling 2026-08-04), so a 0 here means only that nothing was left to move — on a re-run that is expected, and it is NOT evidence the model arranged them unaided. Read this number on the FIRST pass of a freshly generated library or not at all.
      ch_03_canonical.json: 0 of 5 item(s) re-ordered
      ch_03_canonical_p06.json: 4 of 5 item(s) re-ordered
          #2 None #2: A–D now hold CBAD · correct A -> C
          #7 None #7: A–D now hold BADC · correct A -> B
          #9 None #9: A–D now hold DCBA · correct B -> C
          #12 None #12: A–D now hold ACBD · correct A -> A
      ch_03_canonical_p08.json: 6 of 6 item(s) re-ordered
          #3 None #3: A–D now hold DABC · correct B -> C
          #7 None #7: A–D now hold ADBC · correct B -> C
          #8 None #8: A–D now hold DBAC · correct A -> C
          #9 None #9: A–D now hold CDBA · correct B -> C
          #11 None #11: A–D now hold BADC · correct B -> A
          #12 None #12: A–D now hold BACD · correct C -> C

== report: genon/out/library_reports/mathematics_iv_ch03_20260820_104954.md ==
deterministic checks: FAILURES — see report
Next: open a Cowork session and ask it to present this report for the human gate.
