$ /Library/Developer/CommandLineTools/usr/bin/python3 /Users/kumar_radhakrishnan/main/kumar/AI/aruvi-saas/genon/build_library.py social_sciences viii 14 --certify-only

canonical plans written: 188 on authored standards, 152 provisional
brief written: /Users/kumar_radhakrishnan/main/kumar/AI/aruvi-saas/genon/out/briefs/ch_14_top.txt

== STEP 2 · annotate master plan ==
brief written: /Users/kumar_radhakrishnan/main/kumar/AI/aruvi-saas/genon/out/briefs/ch_14_p12.txt
brief written: /Users/kumar_radhakrishnan/main/kumar/AI/aruvi-saas/genon/out/briefs/ch_14_p09.txt

== STEP 6 · arrange MCQ options ==
options arranged: 12 of 12 item(s) re-ordered this run. Nothing is written to the artefact (founder ruling 2026-08-04), so a 0 here means only that nothing was left to move — on a re-run that is expected, and it is NOT evidence the model arranged them unaided. Read this number on the FIRST pass of a freshly generated library or not at all.
      ch_14_canonical.json: 12 of 12 item(s) re-ordered
          #1 C-9.1 U3: A–D now hold DABC · correct A -> B
          #2 C-9.1 U5: A–D now hold CBAD · correct A -> C
          #6 C-6.4 U4: A–D now hold ADBC · correct A -> A
          #7 C-6.4 U11: A–D now hold DABC · correct A -> B
          #9 C-6.3 U9: A–D now hold BADC · correct A -> B
          #10 C-6.3 U10: A–D now hold ADCB · correct A -> A
          #12 C-7.1 U7: A–D now hold BDAC · correct A -> C
          #13 C-7.1 U14: A–D now hold CBDA · correct A -> D
          #15 C-1.2 U2: A–D now hold DBAC · correct A -> C
          #16 C-1.2 U13: A–D now hold ADCB · correct A -> A
          #17 C-5.1 U8: A–D now hold CABD · correct A -> B
          #18 C-5.1 U10: A–D now hold BADC · correct A -> B

== report: genon/out/library_reports/social_sciences_viii_ch14_20260816_092047.md ==
deterministic checks: FAILURES — see report
Next: open a Cowork session and ask it to present this report for the human gate.
