$ /Library/Developer/CommandLineTools/usr/bin/python3 /Users/kumar_radhakrishnan/main/kumar/AI/aruvi-saas/genon/build_library.py mathematics iv 8 --certify-only

canonical plans written: 323 on authored standards, 17 provisional
brief written: /Users/kumar_radhakrishnan/main/kumar/AI/aruvi-saas/genon/out/briefs/ch_08_top.txt

== STEP 2 · annotate master plan ==
brief written: /Users/kumar_radhakrishnan/main/kumar/AI/aruvi-saas/genon/out/briefs/ch_08_p10.txt
brief written: /Users/kumar_radhakrishnan/main/kumar/AI/aruvi-saas/genon/out/briefs/ch_08_p07.txt

== STEP 6 · arrange MCQ options ==
options arranged: 14 of 21 item(s) re-ordered this run. Nothing is written to the artefact (founder ruling 2026-08-04), so a 0 here means only that nothing was left to move — on a re-run that is expected, and it is NOT evidence the model arranged them unaided. Read this number on the FIRST pass of a freshly generated library or not at all.
      ch_08_canonical.json: 0 of 7 item(s) re-ordered
      ch_08_canonical_p07.json: 6 of 6 item(s) re-ordered
          #1 None #1: A–D now hold BADC · correct B -> A
          #3 None #3: A–D now hold CDBA · correct B -> C
          #4 None #4: A–D now hold CADB · correct C -> A
          #7 None #7: A–D now hold CDBA · correct B -> C
          #10 None #10: A–D now hold CDAB · correct B -> D
          #12 None #12: A–D now hold BDCA · correct B -> A
      ch_08_canonical_p10.json: 8 of 8 item(s) re-ordered
          #1 None #1: A–D now hold DBAC · correct B -> B
          #3 None #3: A–D now hold ADBC · correct B -> C
          #4 None #4: A–D now hold DBAC · correct B -> B
          #7 None #7: A–D now hold DCBA · correct B -> C
          #9 None #9: A–D now hold DBCA · correct C -> C
          #11 None #11: A–D now hold CABD · correct B -> C
          #13 None #13: A–D now hold BCAD · correct B -> A
          #16 None #16: A–D now hold DBAC · correct C -> D

== report: genon/out/library_reports/mathematics_iv_ch08_20260820_104956.md ==
deterministic checks: ALL PASS
Next: open a Cowork session and ask it to present this report for the human gate.
