$ /Library/Developer/CommandLineTools/usr/bin/python3 /Users/kumar_radhakrishnan/main/kumar/AI/aruvi-saas/genon/build_library.py social_sciences vi 4 --certify-only

canonical plans written: 188 on authored standards, 152 provisional
brief written: /Users/kumar_radhakrishnan/main/kumar/AI/aruvi-saas/genon/out/briefs/ch_04_top.txt

== STEP 2 · annotate master plan ==
brief written: /Users/kumar_radhakrishnan/main/kumar/AI/aruvi-saas/genon/out/briefs/ch_04_p12.txt
brief written: /Users/kumar_radhakrishnan/main/kumar/AI/aruvi-saas/genon/out/briefs/ch_04_p09.txt

== STEP 6 · arrange MCQ options ==
options arranged: 16 of 24 item(s) re-ordered this run. Nothing is written to the artefact (founder ruling 2026-08-04), so a 0 here means only that nothing was left to move — on a re-run that is expected, and it is NOT evidence the model arranged them unaided. Read this number on the FIRST pass of a freshly generated library or not at all.
      ch_04_canonical.json: 0 of 8 item(s) re-ordered
      ch_04_canonical_p09.json: 8 of 8 item(s) re-ordered
          #1 C-1.1 U4: A–D now hold ADBC · correct B -> C
          #2 C-1.1 U5: A–D now hold DACB · correct C -> C
          #6 C-1.2 U2: A–D now hold ADBC · correct B -> C
          #7 C-1.2 U3: A–D now hold CADB · correct B -> D
          #9 C-3.1 U6: A–D now hold BDAC · correct B -> A
          #10 C-3.1 U7: A–D now hold BCDA · correct B -> A
          #12 C-5.1 U8: A–D now hold BDCA · correct B -> A
          #13 C-5.1 U8: A–D now hold CDBA · correct B -> C
      ch_04_canonical_p12.json: 8 of 8 item(s) re-ordered
          #1 C-1.1 U4: A–D now hold BDAC · correct B -> A
          #2 C-1.1 U6: A–D now hold CBAD · correct B -> B
          #6 C-1.2 U2: A–D now hold ADBC · correct B -> C
          #7 C-1.2 U11: A–D now hold BDCA · correct B -> A
          #9 C-3.1 U8: A–D now hold DACB · correct B -> D
          #10 C-3.1 U9: A–D now hold CBAD · correct C -> A
          #12 C-5.1 U10: A–D now hold DCAB · correct B -> D
          #13 C-5.1 U10: A–D now hold CDAB · correct B -> D

== report: genon/out/library_reports/social_sciences_vi_ch04_20260816_101631.md ==
deterministic checks: FAILURES — see report
Next: open a Cowork session and ask it to present this report for the human gate.
