$ /Library/Developer/CommandLineTools/usr/bin/python3 /Users/kumar_radhakrishnan/main/kumar/AI/aruvi-saas/genon/build_library.py science vi 5 --certify-only

canonical plans written: 236 on authored standards, 104 provisional
brief written: /Users/kumar_radhakrishnan/main/kumar/AI/aruvi-saas/genon/out/briefs/ch_05_top.txt

== STEP 2 · annotate master plan ==
brief written: /Users/kumar_radhakrishnan/main/kumar/AI/aruvi-saas/genon/out/briefs/ch_05_p12.txt
brief written: /Users/kumar_radhakrishnan/main/kumar/AI/aruvi-saas/genon/out/briefs/ch_05_p10.txt
brief written: /Users/kumar_radhakrishnan/main/kumar/AI/aruvi-saas/genon/out/briefs/ch_05_p08.txt

== STEP 6 · arrange MCQ options ==
options arranged: 26 of 40 item(s) re-ordered this run. Nothing is written to the artefact (founder ruling 2026-08-04), so a 0 here means only that nothing was left to move — on a re-run that is expected, and it is NOT evidence the model arranged them unaided. Read this number on the FIRST pass of a freshly generated library or not at all.
      ch_05_canonical.json: 0 of 12 item(s) re-ordered
      ch_05_canonical_p08.json: 6 of 8 item(s) re-ordered
          #1 C-1.3 PS1: A–D now hold CABD · correct B -> C
          #2 C-1.3 PS1: A–D now hold DCAB · correct B -> D
          #3 C-1.3 PS2: A–D now hold DCAB · correct C -> B
          #4 C-1.3 PS2: A–D now hold BCDA · correct B -> A
          #7 C-2.1 PS3: A–D now hold CDAB · correct C -> A
          #10 C-2.1 PS4: A–D now hold DABC · correct B -> C
          #6 SKIPPED — cross-references an option label — left untouched, needs a human
      ch_05_canonical_p10.json: 10 of 10 item(s) re-ordered
          #1 C-1.3 PS1: A–D now hold ACBD · correct A -> A
          #2 C-1.3 PS1: A–D now hold CADB · correct A -> B
          #3 C-1.3 PS2: A–D now hold ACDB · correct A -> A
          #4 C-1.3 PS2: A–D now hold ACBD · correct A -> A
          #6 C-2.1 PS3: A–D now hold CABD · correct A -> B
          #7 C-2.1 PS3: A–D now hold ACBD · correct A -> A
          #9 C-2.1 PS4: A–D now hold CADB · correct A -> B
          #10 C-2.1 PS4: A–D now hold BCDA · correct A -> D
          #12 C-1.3 PS5: A–D now hold DBAC · correct A -> C
          #13 C-2.1 PS5: A–D now hold DABC · correct A -> B
      ch_05_canonical_p12.json: 10 of 10 item(s) re-ordered
          #1 C-1.3 PS1: A–D now hold DABC · correct B -> C
          #2 C-1.3 PS1: A–D now hold CDBA · correct C -> A
          #3 C-1.3 PS2: A–D now hold DCAB · correct C -> B
          #4 C-1.3 PS2: A–D now hold BACD · correct C -> C
          #6 C-2.1 PS3: A–D now hold DACB · correct B -> D
          #7 C-2.1 PS3: A–D now hold BDAC · correct B -> A
          #9 C-2.1 PS4: A–D now hold ABDC · correct C -> D
          #10 C-2.1 PS4: A–D now hold BDCA · correct C -> C
          #12 C-2.1 PS5: A–D now hold DBCA · correct B -> B
          #13 C-1.3 PS5: A–D now hold DCBA · correct B -> C

== report: genon/out/library_reports/science_vi_ch05_20260817_123812.md ==
deterministic checks: ALL PASS
Next: open a Cowork session and ask it to present this report for the human gate.
