$ /Library/Developer/CommandLineTools/usr/bin/python3 /Users/kumar_radhakrishnan/main/kumar/AI/aruvi-saas/genon/build_library.py science vi 2 --certify-only

canonical plans written: 236 on authored standards, 104 provisional
brief written: /Users/kumar_radhakrishnan/main/kumar/AI/aruvi-saas/genon/out/briefs/ch_02_top.txt

== STEP 2 · annotate master plan ==
brief written: /Users/kumar_radhakrishnan/main/kumar/AI/aruvi-saas/genon/out/briefs/ch_02_p19.txt
brief written: /Users/kumar_radhakrishnan/main/kumar/AI/aruvi-saas/genon/out/briefs/ch_02_p17.txt
brief written: /Users/kumar_radhakrishnan/main/kumar/AI/aruvi-saas/genon/out/briefs/ch_02_p15.txt
brief written: /Users/kumar_radhakrishnan/main/kumar/AI/aruvi-saas/genon/out/briefs/ch_02_p13.txt

== STEP 6 · arrange MCQ options ==
options arranged: 33 of 48 item(s) re-ordered this run. Nothing is written to the artefact (founder ruling 2026-08-04), so a 0 here means only that nothing was left to move — on a re-run that is expected, and it is NOT evidence the model arranged them unaided. Read this number on the FIRST pass of a freshly generated library or not at all.
      ch_02_canonical.json: 0 of 12 item(s) re-ordered
      ch_02_canonical_p13.json: 10 of 10 item(s) re-ordered
          #1 C-3.1 PS1: A–D now hold CDBA · correct B -> C
          #2 C-3.1 PS1: A–D now hold CADB · correct B -> D
          #3 C-3.1 PS2: A–D now hold BCDA · correct B -> A
          #4 C-3.1 PS2: A–D now hold CBAD · correct B -> B
          #6 C-3.1 PS3: A–D now hold CABD · correct B -> C
          #7 C-3.1 PS3: A–D now hold CDAB · correct B -> D
          #9 C-3.3 PS4: A–D now hold CDBA · correct B -> C
          #10 C-3.3 PS4: A–D now hold DACB · correct B -> D
          #12 C-3.3 PS5: A–D now hold BACD · correct B -> A
          #13 C-3.3 PS5: A–D now hold BDCA · correct B -> A
      ch_02_canonical_p15.json: 9 of 10 item(s) re-ordered
          #1 C-3.1 PS1: A–D now hold ACBD · correct B -> C
          #3 C-3.1 PS2: A–D now hold BCDA · correct B -> A
          #4 C-3.1 PS2: A–D now hold BDCA · correct B -> A
          #6 C-3.3 PS3: A–D now hold CDBA · correct A -> D
          #7 C-3.3 PS3: A–D now hold ACDB · correct B -> D
          #9 C-3.3 PS4: A–D now hold DCAB · correct B -> D
          #10 C-3.3 PS4: A–D now hold BCDA · correct B -> A
          #12 C-3.1 PS5: A–D now hold CADB · correct B -> D
          #13 C-3.3 PS5: A–D now hold ADBC · correct B -> C
      ch_02_canonical_p17.json: 8 of 8 item(s) re-ordered
          #1 C-3.1 PS1: A–D now hold BADC · correct B -> A
          #2 C-3.1 PS1: A–D now hold ADCB · correct B -> D
          #3 C-3.1 PS2: A–D now hold BDCA · correct B -> A
          #4 C-3.1 PS2: A–D now hold ADCB · correct B -> D
          #6 C-3.3 PS3: A–D now hold CDAB · correct A -> C
          #7 C-3.3 PS3: A–D now hold ADBC · correct B -> C
          #9 C-3.3 PS4: A–D now hold ADCB · correct B -> D
          #10 C-3.3 PS4: A–D now hold ADBC · correct B -> C
      ch_02_canonical_p19.json: 6 of 8 item(s) re-ordered
          #1 C-3.1 PS1: A–D now hold DCAB · correct B -> D
          #3 C-3.1 PS2: A–D now hold DBCA · correct B -> B
          #4 C-3.1 PS2: A–D now hold DABC · correct B -> C
          #6 C-3.3 PS3: A–D now hold CADB · correct B -> D
          #9 C-3.3 PS4: A–D now hold CDAB · correct B -> D
          #10 C-3.3 PS4: A–D now hold ABDC · correct B -> B

== report: genon/out/library_reports/science_vi_ch02_20260817_123811.md ==
deterministic checks: ALL PASS
Next: open a Cowork session and ask it to present this report for the human gate.
