$ /Library/Developer/CommandLineTools/usr/bin/python3 /Users/kumar_radhakrishnan/main/kumar/AI/aruvi-saas/genon/build_library.py social_sciences ix 4 --certify-only

canonical plans written: 48 on authored standards, 292 provisional
brief written: /Users/kumar_radhakrishnan/main/kumar/AI/aruvi-saas/genon/out/briefs/ch_04_top.txt

== STEP 2 · annotate master plan ==
brief written: /Users/kumar_radhakrishnan/main/kumar/AI/aruvi-saas/genon/out/briefs/ch_04_p15.txt
brief written: /Users/kumar_radhakrishnan/main/kumar/AI/aruvi-saas/genon/out/briefs/ch_04_p11.txt

== STEP 6 · arrange MCQ options ==
options arranged: 10 of 10 item(s) re-ordered this run. Nothing is written to the artefact (founder ruling 2026-08-04), so a 0 here means only that nothing was left to move — on a re-run that is expected, and it is NOT evidence the model arranged them unaided. Read this number on the FIRST pass of a freshly generated library or not at all.
      ch_04_canonical.json: 10 of 10 item(s) re-ordered
          #1 C-2.2 U4: A–D now hold ABDC · correct A -> A
          #6 C-1.2 U8: A–D now hold BDAC · correct A -> C
          #9 C-2.1 U15: A–D now hold ADCB · correct A -> A
          #12 C-2.3 U7: A–D now hold BDCA · correct A -> D
          #15 C-2.4 U13: A–D now hold DBAC · correct A -> C
          #18 C-4.4 U6: A–D now hold DCBA · correct A -> D
          #21 C-1.1 U16: A–D now hold DBAC · correct A -> C
          #23 C-1.3 U9: A–D now hold CBAD · correct A -> C
          #25 C-7.4 U14: A–D now hold CBAD · correct A -> C
          #27 C-9.1 U10: A–D now hold CABD · correct A -> B

== report: genon/out/library_reports/social_sciences_ix_ch04_20260812_162653.md ==
deterministic checks: FAILURES — see report
Next: open a Cowork session and ask it to present this report for the human gate.
