$ /Library/Developer/CommandLineTools/usr/bin/python3 /Users/kumar_radhakrishnan/main/kumar/AI/aruvi-saas/genon/build_library.py social_sciences viii 2 --certify-only

canonical plans written: 188 on authored standards, 152 provisional
brief written: /Users/kumar_radhakrishnan/main/kumar/AI/aruvi-saas/genon/out/briefs/ch_02_top.txt

== STEP 2 · annotate master plan ==
brief written: /Users/kumar_radhakrishnan/main/kumar/AI/aruvi-saas/genon/out/briefs/ch_02_p12.txt
brief written: /Users/kumar_radhakrishnan/main/kumar/AI/aruvi-saas/genon/out/briefs/ch_02_p09.txt

== STEP 6 · arrange MCQ options ==
options arranged: 23 of 39 item(s) re-ordered this run. Nothing is written to the artefact (founder ruling 2026-08-04), so a 0 here means only that nothing was left to move — on a re-run that is expected, and it is NOT evidence the model arranged them unaided. Read this number on the FIRST pass of a freshly generated library or not at all.
      ch_02_canonical.json: 0 of 14 item(s) re-ordered
      ch_02_canonical_p09.json: 11 of 11 item(s) re-ordered
          #1 C-2.1 U1: A–D now hold ADCB · correct A -> A
          #2 C-2.1 U8: A–D now hold ABDC · correct A -> A
          #6 C-3.2 U5: A–D now hold CBAD · correct A -> C
          #7 C-3.2 U7: A–D now hold CBAD · correct A -> C
          #9 C-4.2 U8: A–D now hold BADC · correct A -> B
          #10 C-4.2 U9: A–D now hold BDCA · correct A -> D
          #12 C-1.1 U3: A–D now hold ADBC · correct A -> A
          #13 C-1.1 U4: A–D now hold CBAD · correct A -> C
          #14 C-2.2 U9: A–D now hold BCDA · correct A -> D
          #15 C-7.3 U4: A–D now hold ACDB · correct A -> A
          #16 C-9.1 U9: A–D now hold BADC · correct A -> B
      ch_02_canonical_p12.json: 12 of 14 item(s) re-ordered
          #1 C-2.1 U1: A–D now hold CDBA · correct A -> D
          #2 C-2.1 U7: A–D now hold BCAD · correct B -> A
          #7 C-3.2 U8: A–D now hold ACBD · correct B -> C
          #9 C-4.2 U10: A–D now hold BDAC · correct A -> C
          #12 C-1.1 U4: A–D now hold CBDA · correct C -> A
          #13 C-1.1 U5: A–D now hold BDCA · correct B -> A
          #14 C-2.2 U11: A–D now hold DBCA · correct B -> B
          #15 C-2.2 U12: A–D now hold BDAC · correct B -> A
          #16 C-7.3 U6: A–D now hold DCBA · correct B -> C
          #17 C-7.3 U11: A–D now hold CABD · correct A -> B
          #18 C-9.1 U11: A–D now hold ABDC · correct B -> B
          #19 C-9.1 U11: A–D now hold CBAD · correct B -> B
          #6 SKIPPED — cross-references an option label — left untouched, needs a human

== report: genon/out/library_reports/social_sciences_viii_ch02_20260816_101639.md ==
deterministic checks: FAILURES — see report
Next: open a Cowork session and ask it to present this report for the human gate.
