$ /Library/Developer/CommandLineTools/usr/bin/python3 /Users/kumar_radhakrishnan/main/kumar/AI/aruvi-saas/genon/build_library.py mathematics v 4 --certify-only

canonical plans written: 323 on authored standards, 17 provisional
brief written: /Users/kumar_radhakrishnan/main/kumar/AI/aruvi-saas/genon/out/briefs/ch_04_top.txt

== STEP 2 · annotate master plan ==
brief written: /Users/kumar_radhakrishnan/main/kumar/AI/aruvi-saas/genon/out/briefs/ch_04_p11.txt
brief written: /Users/kumar_radhakrishnan/main/kumar/AI/aruvi-saas/genon/out/briefs/ch_04_p08.txt

== STEP 6 · arrange MCQ options ==
options arranged: 12 of 22 item(s) re-ordered this run. Nothing is written to the artefact (founder ruling 2026-08-04), so a 0 here means only that nothing was left to move — on a re-run that is expected, and it is NOT evidence the model arranged them unaided. Read this number on the FIRST pass of a freshly generated library or not at all.
      ch_04_canonical.json: 0 of 9 item(s) re-ordered
      ch_04_canonical_p08.json: 6 of 6 item(s) re-ordered
          #3 None #3: A–D now hold CDAB · correct A -> C
          #6 None #6: A–D now hold ADCB · correct B -> D
          #9 None #9: A–D now hold ABDC · correct B -> B
          #10 None #10: A–D now hold ACDB · correct C -> B
          #13 None #13: A–D now hold DABC · correct B -> C
          #17 None #17: A–D now hold DABC · correct C -> D
      ch_04_canonical_p11.json: 6 of 7 item(s) re-ordered
          #3 None #3: A–D now hold DCAB · correct A -> C
          #6 None #6: A–D now hold CADB · correct B -> D
          #8 None #8: A–D now hold DABC · correct A -> B
          #10 None #10: A–D now hold DABC · correct B -> C
          #13 None #13: A–D now hold DABC · correct B -> C
          #16 None #16: A–D now hold BDCA · correct C -> C

== report: genon/out/library_reports/mathematics_v_ch04_20260820_105000.md ==
deterministic checks: ALL PASS
Next: open a Cowork session and ask it to present this report for the human gate.
