$ /Library/Developer/CommandLineTools/usr/bin/python3 /Users/kumar_radhakrishnan/main/kumar/AI/aruvi-saas/genon/build_library.py science vi 11 --certify-only

canonical plans written: 236 on authored standards, 104 provisional
brief written: /Users/kumar_radhakrishnan/main/kumar/AI/aruvi-saas/genon/out/briefs/ch_11_top.txt

== STEP 2 · annotate master plan ==
brief written: /Users/kumar_radhakrishnan/main/kumar/AI/aruvi-saas/genon/out/briefs/ch_11_p12.txt
brief written: /Users/kumar_radhakrishnan/main/kumar/AI/aruvi-saas/genon/out/briefs/ch_11_p10.txt
brief written: /Users/kumar_radhakrishnan/main/kumar/AI/aruvi-saas/genon/out/briefs/ch_11_p08.txt

== STEP 6 · arrange MCQ options ==
options arranged: 22 of 34 item(s) re-ordered this run. Nothing is written to the artefact (founder ruling 2026-08-04), so a 0 here means only that nothing was left to move — on a re-run that is expected, and it is NOT evidence the model arranged them unaided. Read this number on the FIRST pass of a freshly generated library or not at all.
      ch_11_canonical.json: 0 of 10 item(s) re-ordered
      ch_11_canonical_p08.json: 7 of 8 item(s) re-ordered
          #1 C-5.1 PS1: A–D now hold CDAB · correct B -> D
          #2 C-5.1 PS1: A–D now hold CBAD · correct A -> C
          #3 C-5.1 PS2: A–D now hold CADB · correct C -> A
          #4 C-5.1 PS2: A–D now hold BDCA · correct A -> D
          #6 C-5.1 PS3: A–D now hold DCAB · correct A -> C
          #7 C-5.1 PS3: A–D now hold ACBD · correct A -> A
          #9 C-5.1 PS4: A–D now hold ADCB · correct A -> A
      ch_11_canonical_p10.json: 8 of 8 item(s) re-ordered
          #1 C-5.1 PS1: A–D now hold DCAB · correct A -> C
          #2 C-5.1 PS1: A–D now hold DBAC · correct A -> C
          #3 C-5.1 PS2: A–D now hold ACBD · correct A -> A
          #4 C-5.1 PS2: A–D now hold ACDB · correct A -> A
          #6 C-5.1 PS3: A–D now hold CBAD · correct A -> C
          #7 C-5.1 PS3: A–D now hold ACBD · correct A -> A
          #9 C-5.1 PS4: A–D now hold CADB · correct A -> B
          #10 C-5.1 PS4: A–D now hold ABDC · correct A -> A
      ch_11_canonical_p12.json: 7 of 8 item(s) re-ordered
          #1 C-5.1 PS1: A–D now hold DCAB · correct B -> D
          #2 C-5.1 PS1: A–D now hold CDBA · correct B -> C
          #3 C-5.1 PS2: A–D now hold CDAB · correct B -> D
          #4 C-5.1 PS2: A–D now hold DBAC · correct B -> B
          #6 C-5.1 PS3: A–D now hold ADBC · correct B -> C
          #9 C-5.1 PS4: A–D now hold DCAB · correct B -> D
          #10 C-5.1 PS4: A–D now hold ADCB · correct B -> D

== report: genon/out/library_reports/science_vi_ch11_20260817_123814.md ==
deterministic checks: FAILURES — see report
Next: open a Cowork session and ask it to present this report for the human gate.
