$ /Library/Developer/CommandLineTools/usr/bin/python3 /Users/kumar_radhakrishnan/main/kumar/AI/aruvi-saas/genon/build_library.py social_sciences vi 7 --certify-only

canonical plans written: 188 on authored standards, 152 provisional
brief written: /Users/kumar_radhakrishnan/main/kumar/AI/aruvi-saas/genon/out/briefs/ch_07_top.txt

== STEP 2 · annotate master plan ==
brief written: /Users/kumar_radhakrishnan/main/kumar/AI/aruvi-saas/genon/out/briefs/ch_07_p18.txt
brief written: /Users/kumar_radhakrishnan/main/kumar/AI/aruvi-saas/genon/out/briefs/ch_07_p13.txt

== STEP 6 · arrange MCQ options ==
options arranged: 26 of 42 item(s) re-ordered this run. Nothing is written to the artefact (founder ruling 2026-08-04), so a 0 here means only that nothing was left to move — on a re-run that is expected, and it is NOT evidence the model arranged them unaided. Read this number on the FIRST pass of a freshly generated library or not at all.
      ch_07_canonical.json: 0 of 14 item(s) re-ordered
      ch_07_canonical_p13.json: 14 of 14 item(s) re-ordered
          #1 C-3.1 U4: A–D now hold BADC · correct B -> A
          #2 C-3.1 U9: A–D now hold BACD · correct B -> A
          #6 C-2.1 U3: A–D now hold DABC · correct B -> C
          #7 C-2.1 U12: A–D now hold BADC · correct B -> A
          #9 C-2.2 U6: A–D now hold BACD · correct B -> A
          #10 C-2.2 U8: A–D now hold BACD · correct B -> A
          #12 C-7.1 U1: A–D now hold BCAD · correct B -> A
          #13 C-7.1 U9: A–D now hold DCBA · correct B -> C
          #14 C-1.1 U2: A–D now hold CDBA · correct B -> C
          #15 C-1.1 U2: A–D now hold DACB · correct B -> D
          #16 C-7.3 U12: A–D now hold ABDC · correct B -> B
          #17 C-7.3 U13: A–D now hold ABDC · correct B -> B
          #18 C-10.1 U2: A–D now hold DBAC · correct B -> B
          #19 C-10.1 U10: A–D now hold DBAC · correct B -> B
      ch_07_canonical_p18.json: 12 of 14 item(s) re-ordered
          #1 C-3.1 U4: A–D now hold ADBC · correct A -> A
          #2 C-3.1 U9: A–D now hold BDAC · correct A -> C
          #7 C-2.1 U7: A–D now hold DCAB · correct A -> C
          #9 C-2.2 U8: A–D now hold CADB · correct A -> B
          #10 C-2.2 U14: A–D now hold DCAB · correct A -> C
          #12 C-7.1 U9: A–D now hold DABC · correct A -> B
          #13 C-7.1 U15: A–D now hold DCBA · correct A -> D
          #15 C-1.1 U2: A–D now hold DCBA · correct A -> D
          #16 C-1.1 U2: A–D now hold DBAC · correct A -> C
          #17 C-7.3 U13: A–D now hold DABC · correct A -> B
          #18 C-7.3 U18: A–D now hold BADC · correct A -> B
          #19 C-10.1 U2: A–D now hold CADB · correct A -> B
          #6 SKIPPED — cross-references an option label — left untouched, needs a human

== report: genon/out/library_reports/social_sciences_vi_ch07_20260816_101632.md ==
deterministic checks: FAILURES — see report
QUARANTINED (not servable): ch_07_canonical_p13.json
Next: open a Cowork session and ask it to present this report for the human gate.
