$ /Library/Developer/CommandLineTools/usr/bin/python3 /Users/kumar_radhakrishnan/main/kumar/AI/aruvi-saas/genon/build_library.py science vii 10 --certify-only

canonical plans written: 235 on authored standards, 105 provisional
brief written: /Users/kumar_radhakrishnan/main/kumar/AI/aruvi-saas/genon/out/briefs/ch_10_top.txt

== STEP 2 · annotate master plan ==
brief written: /Users/kumar_radhakrishnan/main/kumar/AI/aruvi-saas/genon/out/briefs/ch_10_p18.txt
brief written: /Users/kumar_radhakrishnan/main/kumar/AI/aruvi-saas/genon/out/briefs/ch_10_p16.txt
brief written: /Users/kumar_radhakrishnan/main/kumar/AI/aruvi-saas/genon/out/briefs/ch_10_p14.txt
brief written: /Users/kumar_radhakrishnan/main/kumar/AI/aruvi-saas/genon/out/briefs/ch_10_p12.txt

== STEP 6 · arrange MCQ options ==
options arranged: 12 of 12 item(s) re-ordered this run. Nothing is written to the artefact (founder ruling 2026-08-04), so a 0 here means only that nothing was left to move — on a re-run that is expected, and it is NOT evidence the model arranged them unaided. Read this number on the FIRST pass of a freshly generated library or not at all.
      ch_10_canonical.json: 12 of 12 item(s) re-ordered
          #1 C-3.2 PS1: A–D now hold DABC · correct A -> B
          #2 C-3.2 PS1: A–D now hold BADC · correct A -> B
          #3 C-3.2 PS2: A–D now hold ACBD · correct A -> A
          #4 C-3.2 PS2: A–D now hold CBAD · correct A -> C
          #6 C-3.3 PS3: A–D now hold BADC · correct A -> B
          #7 C-3.3 PS3: A–D now hold DCBA · correct A -> D
          #9 C-3.2 PS4: A–D now hold CDBA · correct A -> D
          #10 C-3.2 PS4: A–D now hold CADB · correct A -> B
          #12 C-3.2 PS5: A–D now hold CABD · correct A -> B
          #13 C-3.2 PS5: A–D now hold ABDC · correct A -> A
          #15 C-3.3 PS6: A–D now hold ACBD · correct A -> A
          #16 C-3.3 PS6: A–D now hold DBCA · correct A -> D

== report: genon/out/library_reports/science_vii_ch10_20260817_115435.md ==
deterministic checks: FAILURES — see report
Next: open a Cowork session and ask it to present this report for the human gate.
