$ /Library/Developer/CommandLineTools/usr/bin/python3 /Users/kumar_radhakrishnan/main/kumar/AI/aruvi-saas/genon/build_library.py science ix 9 --certify-only

canonical plans written: 200 on authored standards, 140 provisional
brief written: /Users/kumar_radhakrishnan/main/kumar/AI/aruvi-saas/genon/out/briefs/ch_09_top.txt

== STEP 2 · annotate master plan ==
brief written: /Users/kumar_radhakrishnan/main/kumar/AI/aruvi-saas/genon/out/briefs/ch_09_p18.txt
brief written: /Users/kumar_radhakrishnan/main/kumar/AI/aruvi-saas/genon/out/briefs/ch_09_p13.txt

== STEP 6 · arrange MCQ options ==
options arranged: 7 of 11 item(s) re-ordered this run. Nothing is written to the artefact (founder ruling 2026-08-04), so a 0 here means only that nothing was left to move — on a re-run that is expected, and it is NOT evidence the model arranged them unaided. Read this number on the FIRST pass of a freshly generated library or not at all.
      ch_09_canonical.json: 0 of 4 item(s) re-ordered
      ch_09_canonical_p13.json: 4 of 4 item(s) re-ordered
          #1 C-1.1 S1: A–D now hold CADB · correct B -> D
          #4 C-1.1 S3: A–D now hold CADB · correct B -> D
          #5 C-1.1 S4: A–D now hold DACB · correct B -> D
          #10 C-1.1 S9: A–D now hold DACB · correct B -> D
      ch_09_canonical_p18.json: 3 of 3 item(s) re-ordered
          #1 C-1.1 S1: A–D now hold BCAD · correct B -> A
          #4 C-1.1 S4: A–D now hold BCAD · correct C -> B
          #9 C-1.1 S9: A–D now hold BCAD · correct C -> B

== report: genon/out/library_reports/science_ix_ch09_20260817_105915.md ==
deterministic checks: FAILURES — see report
Next: open a Cowork session and ask it to present this report for the human gate.
