$ /Library/Developer/CommandLineTools/usr/bin/python3 /Users/kumar_radhakrishnan/main/kumar/AI/aruvi-saas/genon/build_library.py the_world_around_us iv 6 --certify-only

canonical plans written: 40 on authored standards, 300 provisional
brief written: /Users/kumar_radhakrishnan/main/kumar/AI/aruvi-saas/genon/out/briefs/ch_06_top.txt

== STEP 2 · annotate master plan ==
brief written: /Users/kumar_radhakrishnan/main/kumar/AI/aruvi-saas/genon/out/briefs/ch_06_p15.txt
brief written: /Users/kumar_radhakrishnan/main/kumar/AI/aruvi-saas/genon/out/briefs/ch_06_p11.txt

== STEP 6 · arrange MCQ options ==
options arranged: 9 of 14 item(s) re-ordered this run. Nothing is written to the artefact (founder ruling 2026-08-04), so a 0 here means only that nothing was left to move — on a re-run that is expected, and it is NOT evidence the model arranged them unaided. Read this number on the FIRST pass of a freshly generated library or not at all.
      ch_06_canonical.json: 0 of 5 item(s) re-ordered
      ch_06_canonical_p11.json: 3 of 3 item(s) re-ordered
          #1 C-2.1 U1: A–D now hold DABC · correct A -> B
          #5 C-2.1 U5: A–D now hold DABC · correct A -> B
          #9 C-2.1 U9: A–D now hold BDCA · correct A -> D
      ch_06_canonical_p15.json: 6 of 6 item(s) re-ordered
          #1 C-2.1 U1: A–D now hold DCAB · correct C -> B
          #3 C-2.2 U3: A–D now hold DBAC · correct B -> B
          #5 C-6.1 U5: A–D now hold CBAD · correct B -> B
          #7 C-3.1 U7: A–D now hold BADC · correct B -> A
          #9 C-6.1 U9: A–D now hold DCBA · correct B -> C
          #11 C-3.1 U11: A–D now hold BADC · correct B -> A

== report: genon/out/library_reports/the_world_around_us_iv_ch06_20260812_145757.md ==
deterministic checks: FAILURES — see report
Next: open a Cowork session and ask it to present this report for the human gate.
