$ /Library/Developer/CommandLineTools/usr/bin/python3 /Users/kumar_radhakrishnan/main/kumar/AI/aruvi-saas/genon/build_library.py mathematics iv 9 --certify-only

canonical plans written: 323 on authored standards, 17 provisional
brief written: /Users/kumar_radhakrishnan/main/kumar/AI/aruvi-saas/genon/out/briefs/ch_09_top.txt

== STEP 2 · annotate master plan ==
brief written: /Users/kumar_radhakrishnan/main/kumar/AI/aruvi-saas/genon/out/briefs/ch_09_p13.txt
brief written: /Users/kumar_radhakrishnan/main/kumar/AI/aruvi-saas/genon/out/briefs/ch_09_p10.txt

== STEP 6 · arrange MCQ options ==
options arranged: 11 of 24 item(s) re-ordered this run. Nothing is written to the artefact (founder ruling 2026-08-04), so a 0 here means only that nothing was left to move — on a re-run that is expected, and it is NOT evidence the model arranged them unaided. Read this number on the FIRST pass of a freshly generated library or not at all.
      ch_09_canonical.json: 0 of 9 item(s) re-ordered
      ch_09_canonical_p10.json: 5 of 5 item(s) re-ordered
          #3 None #3: A–D now hold ADBC · correct B -> C
          #4 None #4: A–D now hold BACD · correct C -> C
          #8 None #8: A–D now hold CABD · correct C -> A
          #12 None #12: A–D now hold ADCB · correct C -> C
          #16 None #16: A–D now hold CABD · correct B -> C
      ch_09_canonical_p13.json: 6 of 10 item(s) re-ordered
          #6 None #6: A–D now hold BDCA · correct B -> A
          #10 None #10: A–D now hold ACDB · correct C -> B
          #13 None #13: A–D now hold ACBD · correct C -> B
          #15 None #15: A–D now hold ADCB · correct D -> B
          #21 None #21: A–D now hold CABD · correct B -> C
          #23 None #23: A–D now hold BADC · correct D -> C

== report: genon/out/library_reports/mathematics_iv_ch09_20260820_104957.md ==
deterministic checks: FAILURES — see report
Next: open a Cowork session and ask it to present this report for the human gate.
