$ /Library/Developer/CommandLineTools/usr/bin/python3 /Users/kumar_radhakrishnan/main/kumar/AI/aruvi-saas/genon/build_library.py science ix 4 --certify-only

canonical plans written: 200 on authored standards, 140 provisional
brief written: /Users/kumar_radhakrishnan/main/kumar/AI/aruvi-saas/genon/out/briefs/ch_04_top.txt

== STEP 2 · annotate master plan ==
brief written: /Users/kumar_radhakrishnan/main/kumar/AI/aruvi-saas/genon/out/briefs/ch_04_p18.txt
brief written: /Users/kumar_radhakrishnan/main/kumar/AI/aruvi-saas/genon/out/briefs/ch_04_p13.txt

== STEP 6 · arrange MCQ options ==
options arranged: 7 of 10 item(s) re-ordered this run. Nothing is written to the artefact (founder ruling 2026-08-04), so a 0 here means only that nothing was left to move — on a re-run that is expected, and it is NOT evidence the model arranged them unaided. Read this number on the FIRST pass of a freshly generated library or not at all.
      ch_04_canonical.json: 0 of 3 item(s) re-ordered
      ch_04_canonical_p13.json: 4 of 4 item(s) re-ordered
          #1 C-2.1 S1: A–D now hold BACD · correct B -> A
          #3 C-2.1 S3: A–D now hold ACBD · correct B -> C
          #5 C-2.1 S5: A–D now hold DBAC · correct B -> B
          #9 C-2.1 S9: A–D now hold ADBC · correct B -> C
      ch_04_canonical_p18.json: 3 of 3 item(s) re-ordered
          #1 C-2.1 S1: A–D now hold BCAD · correct B -> A
          #4 C-2.1 S4: A–D now hold ADBC · correct B -> C
          #9 C-2.1 S9: A–D now hold ACBD · correct C -> B

== report: genon/out/library_reports/science_ix_ch04_20260817_105914.md ==
deterministic checks: FAILURES — see report
QUARANTINED (not servable): ch_04_canonical_p13.json
Next: open a Cowork session and ask it to present this report for the human gate.
