$ /Library/Developer/CommandLineTools/usr/bin/python3 /Users/kumar_radhakrishnan/main/kumar/AI/aruvi-saas/genon/build_library.py science vi 4 --certify-only

canonical plans written: 236 on authored standards, 104 provisional
brief written: /Users/kumar_radhakrishnan/main/kumar/AI/aruvi-saas/genon/out/briefs/ch_04_top.txt

== STEP 2 · annotate master plan ==
brief written: /Users/kumar_radhakrishnan/main/kumar/AI/aruvi-saas/genon/out/briefs/ch_04_p12.txt
brief written: /Users/kumar_radhakrishnan/main/kumar/AI/aruvi-saas/genon/out/briefs/ch_04_p10.txt
brief written: /Users/kumar_radhakrishnan/main/kumar/AI/aruvi-saas/genon/out/briefs/ch_04_p08.txt

== STEP 6 · arrange MCQ options ==
options arranged: 23 of 38 item(s) re-ordered this run. Nothing is written to the artefact (founder ruling 2026-08-04), so a 0 here means only that nothing was left to move — on a re-run that is expected, and it is NOT evidence the model arranged them unaided. Read this number on the FIRST pass of a freshly generated library or not at all.
      ch_04_canonical.json: 0 of 12 item(s) re-ordered
          #10 SKIPPED — cross-references an option label — left untouched, needs a human
      ch_04_canonical_p08.json: 7 of 8 item(s) re-ordered
          #1 C-2.3 PS1: A–D now hold ADCB · correct B -> D
          #2 C-2.3 PS1: A–D now hold CBAD · correct C -> A
          #3 C-2.3 PS2: A–D now hold BCDA · correct C -> B
          #6 C-2.3 PS3: A–D now hold DBCA · correct B -> B
          #7 C-2.3 PS3: A–D now hold DBAC · correct B -> B
          #9 C-2.3 PS4: A–D now hold BACD · correct B -> A
          #10 C-2.3 PS4: A–D now hold DCAB · correct B -> D
          #4 SKIPPED — cross-references an option label — left untouched, needs a human
      ch_04_canonical_p10.json: 7 of 8 item(s) re-ordered
          #1 C-2.3 PS1: A–D now hold CABD · correct A -> B
          #2 C-2.3 PS1: A–D now hold DBAC · correct A -> C
          #3 C-2.3 PS2: A–D now hold ADCB · correct A -> A
          #4 C-2.3 PS2: A–D now hold CABD · correct A -> B
          #6 C-2.3 PS3: A–D now hold CBDA · correct A -> D
          #7 C-2.3 PS3: A–D now hold CDAB · correct A -> C
          #10 C-2.3 PS4: A–D now hold CDBA · correct A -> D
          #9 SKIPPED — cross-references an option label — left untouched, needs a human
      ch_04_canonical_p12.json: 9 of 10 item(s) re-ordered
          #1 C-2.3 PS1: A–D now hold ADCB · correct B -> D
          #2 C-2.3 PS1: A–D now hold BCAD · correct C -> B
          #3 C-2.3 PS2: A–D now hold ACBD · correct B -> C
          #6 C-2.3 PS3: A–D now hold BDCA · correct B -> A
          #7 C-2.3 PS3: A–D now hold BCAD · correct B -> A
          #9 C-2.3 PS4: A–D now hold CADB · correct C -> A
          #10 C-2.3 PS4: A–D now hold DABC · correct B -> C
          #12 C-2.3 PS5: A–D now hold DCBA · correct D -> A
          #13 C-2.3 PS5: A–D now hold DACB · correct A -> B
          #4 SKIPPED — cross-references an option label — left untouched, needs a human

== report: genon/out/library_reports/science_vi_ch04_20260817_123812.md ==
deterministic checks: ALL PASS
Next: open a Cowork session and ask it to present this report for the human gate.
