$ /Library/Developer/CommandLineTools/usr/bin/python3 /Users/kumar_radhakrishnan/main/kumar/AI/aruvi-saas/genon/build_library.py social_sciences vi 6 --certify-only

canonical plans written: 188 on authored standards, 152 provisional
brief written: /Users/kumar_radhakrishnan/main/kumar/AI/aruvi-saas/genon/out/briefs/ch_06_top.txt

== STEP 2 · annotate master plan ==
brief written: /Users/kumar_radhakrishnan/main/kumar/AI/aruvi-saas/genon/out/briefs/ch_06_p19.txt
brief written: /Users/kumar_radhakrishnan/main/kumar/AI/aruvi-saas/genon/out/briefs/ch_06_p14.txt

== STEP 6 · arrange MCQ options ==
options arranged: 15 of 16 item(s) re-ordered this run. Nothing is written to the artefact (founder ruling 2026-08-04), so a 0 here means only that nothing was left to move — on a re-run that is expected, and it is NOT evidence the model arranged them unaided. Read this number on the FIRST pass of a freshly generated library or not at all.
      ch_06_canonical.json: 15 of 16 item(s) re-ordered
          #1 C-3.1 U1: A–D now hold DBAC · correct A -> C
          #2 C-3.1 U5: A–D now hold DABC · correct A -> B
          #7 C-1.1 U17: A–D now hold CDBA · correct A -> D
          #9 C-2.1 U14: A–D now hold DABC · correct A -> B
          #10 C-2.1 U23: A–D now hold ABDC · correct A -> A
          #12 C-9.1 U7: A–D now hold BCDA · correct A -> D
          #13 C-9.1 U8: A–D now hold DCAB · correct A -> C
          #15 C-6.1 U3: A–D now hold CDAB · correct A -> C
          #16 C-6.1 U18: A–D now hold DCBA · correct A -> D
          #17 C-6.2 U5: A–D now hold DBCA · correct A -> D
          #18 C-6.2 U7: A–D now hold BDCA · correct A -> D
          #19 C-7.1 U10: A–D now hold DABC · correct A -> B
          #20 C-7.1 U12: A–D now hold BCDA · correct A -> D
          #21 C-10.1 U8: A–D now hold DCAB · correct A -> C
          #22 C-10.1 U16: A–D now hold ABDC · correct A -> A
          #6 SKIPPED — cross-references an option label — left untouched, needs a human

== report: genon/out/library_reports/social_sciences_vi_ch06_20260816_092038.md ==
deterministic checks: FAILURES — see report
Next: open a Cowork session and ask it to present this report for the human gate.
