$ /Library/Developer/CommandLineTools/usr/bin/python3 /Users/kumar_radhakrishnan/main/kumar/AI/aruvi-saas/genon/build_library.py science vii 3 --certify-only

canonical plans written: 236 on authored standards, 104 provisional
brief written: /Users/kumar_radhakrishnan/main/kumar/AI/aruvi-saas/genon/out/briefs/ch_03_top.txt

== STEP 2 · annotate master plan ==
brief written: /Users/kumar_radhakrishnan/main/kumar/AI/aruvi-saas/genon/out/briefs/ch_03_p16.txt
brief written: /Users/kumar_radhakrishnan/main/kumar/AI/aruvi-saas/genon/out/briefs/ch_03_p14.txt
brief written: /Users/kumar_radhakrishnan/main/kumar/AI/aruvi-saas/genon/out/briefs/ch_03_p12.txt
brief written: /Users/kumar_radhakrishnan/main/kumar/AI/aruvi-saas/genon/out/briefs/ch_03_p10.txt

== STEP 6 · arrange MCQ options ==
options arranged: 34 of 46 item(s) re-ordered this run. Nothing is written to the artefact (founder ruling 2026-08-04), so a 0 here means only that nothing was left to move — on a re-run that is expected, and it is NOT evidence the model arranged them unaided. Read this number on the FIRST pass of a freshly generated library or not at all.
      ch_03_canonical.json: 0 of 10 item(s) re-ordered
      ch_03_canonical_p10.json: 8 of 8 item(s) re-ordered
          #1 C-2.2 PS1: A–D now hold CABD · correct A -> B
          #2 C-2.2 PS1: A–D now hold DABC · correct A -> B
          #3 C-2.2 PS2: A–D now hold DBAC · correct A -> C
          #4 C-2.2 PS2: A–D now hold ADBC · correct A -> A
          #6 C-2.2 PS3: A–D now hold CDAB · correct A -> C
          #7 C-2.2 PS3: A–D now hold ACBD · correct A -> A
          #9 C-2.2 PS4: A–D now hold CADB · correct A -> B
          #10 C-2.2 PS4: A–D now hold DBAC · correct A -> C
      ch_03_canonical_p12.json: 9 of 10 item(s) re-ordered
          #1 C-2.2 PS1: A–D now hold ADCB · correct B -> D
          #2 C-2.2 PS1: A–D now hold CDBA · correct B -> C
          #3 C-2.2 PS2: A–D now hold ABDC · correct B -> B
          #4 C-2.2 PS2: A–D now hold CBAD · correct B -> B
          #7 C-2.2 PS3: A–D now hold ADCB · correct B -> D
          #9 C-2.2 PS4: A–D now hold BDAC · correct C -> D
          #10 C-2.2 PS4: A–D now hold DBAC · correct B -> B
          #12 C-2.2 PS5: A–D now hold CBAD · correct B -> B
          #13 C-2.2 PS5: A–D now hold ACBD · correct B -> C
      ch_03_canonical_p14.json: 9 of 10 item(s) re-ordered
          #1 C-2.2 PS1: A–D now hold DBAC · correct B -> B
          #2 C-2.2 PS1: A–D now hold BCAD · correct C -> B
          #3 C-2.2 PS2: A–D now hold BCDA · correct B -> A
          #4 C-2.2 PS2: A–D now hold ACDB · correct A -> A
          #6 C-2.2 PS3: A–D now hold ACBD · correct B -> C
          #9 C-2.2 PS4: A–D now hold ADCB · correct B -> D
          #10 C-2.2 PS4: A–D now hold ACDB · correct C -> B
          #12 C-2.2 PS5: A–D now hold ABDC · correct B -> B
          #13 C-2.2 PS5: A–D now hold CDAB · correct B -> D
      ch_03_canonical_p16.json: 8 of 8 item(s) re-ordered
          #1 C-2.2 PS1: A–D now hold BCDA · correct A -> D
          #2 C-2.2 PS1: A–D now hold DBCA · correct A -> D
          #3 C-2.2 PS2: A–D now hold DABC · correct A -> B
          #4 C-2.2 PS2: A–D now hold ADBC · correct A -> A
          #6 C-2.2 PS3: A–D now hold CADB · correct A -> B
          #7 C-2.2 PS3: A–D now hold BDCA · correct A -> D
          #9 C-2.2 PS4: A–D now hold ADBC · correct A -> A
          #10 C-2.2 PS4: A–D now hold ABDC · correct A -> A

== report: genon/out/library_reports/science_vii_ch03_20260817_123816.md ==
deterministic checks: ALL PASS
Next: open a Cowork session and ask it to present this report for the human gate.
