$ /Library/Developer/CommandLineTools/usr/bin/python3 /Users/kumar_radhakrishnan/main/kumar/AI/aruvi-saas/genon/build_library.py social_sciences ix 1 --certify-only

canonical plans written: 48 on authored standards, 292 provisional
brief written: /Users/kumar_radhakrishnan/main/kumar/AI/aruvi-saas/genon/out/briefs/ch_01_top.txt

== STEP 2 · annotate master plan ==
brief written: /Users/kumar_radhakrishnan/main/kumar/AI/aruvi-saas/genon/out/briefs/ch_01_p12.txt
brief written: /Users/kumar_radhakrishnan/main/kumar/AI/aruvi-saas/genon/out/briefs/ch_01_p09.txt

== STEP 6 · arrange MCQ options ==
options arranged: 16 of 22 item(s) re-ordered this run. Nothing is written to the artefact (founder ruling 2026-08-04), so a 0 here means only that nothing was left to move — on a re-run that is expected, and it is NOT evidence the model arranged them unaided. Read this number on the FIRST pass of a freshly generated library or not at all.
      ch_01_canonical.json: 0 of 6 item(s) re-ordered
      ch_01_canonical_p09.json: 9 of 9 item(s) re-ordered
          #1 C-9.1 U3: A–D now hold ABDC · correct C -> D
          #6 C-1.1 U5: A–D now hold CADB · correct A -> B
          #9 C-1.4 U2: A–D now hold DBCA · correct B -> B
          #12 C-4.4 U4: A–D now hold BDCA · correct B -> A
          #15 C-5.4 U6: A–D now hold CADB · correct A -> B
          #18 C-7.1 U7: A–D now hold DCAB · correct B -> D
          #21 C-4.4 U4: A–D now hold DCBA · correct B -> C
          #23 C-5.4 U6: A–D now hold DBAC · correct B -> B
          #25 C-7.1 U7: A–D now hold DBAC · correct B -> B
      ch_01_canonical_p12.json: 7 of 7 item(s) re-ordered
          #1 C-9.1 U3: A–D now hold DACB · correct B -> D
          #6 C-1.1 U6: A–D now hold DCAB · correct B -> D
          #9 C-1.4 U2: A–D now hold DABC · correct C -> D
          #11 C-4.4 U4: A–D now hold BADC · correct A -> B
          #13 C-5.4 U9: A–D now hold ADBC · correct B -> C
          #16 C-7.1 U10: A–D now hold CDAB · correct B -> D
          #19 C-4.4 U5: A–D now hold CDAB · correct B -> D

== report: genon/out/library_reports/social_sciences_ix_ch01_20260812_185026.md ==
deterministic checks: FAILURES — see report
Next: open a Cowork session and ask it to present this report for the human gate.
