$ /Library/Developer/CommandLineTools/usr/bin/python3 /Users/kumar_radhakrishnan/main/kumar/AI/aruvi-saas/genon/build_library.py science vii 10 --certify-only

canonical plans written: 236 on authored standards, 104 provisional
brief written: /Users/kumar_radhakrishnan/main/kumar/AI/aruvi-saas/genon/out/briefs/ch_10_top.txt

== STEP 2 · annotate master plan ==
brief written: /Users/kumar_radhakrishnan/main/kumar/AI/aruvi-saas/genon/out/briefs/ch_10_p18.txt
brief written: /Users/kumar_radhakrishnan/main/kumar/AI/aruvi-saas/genon/out/briefs/ch_10_p16.txt
brief written: /Users/kumar_radhakrishnan/main/kumar/AI/aruvi-saas/genon/out/briefs/ch_10_p14.txt
brief written: /Users/kumar_radhakrishnan/main/kumar/AI/aruvi-saas/genon/out/briefs/ch_10_p12.txt

== STEP 6 · arrange MCQ options ==
options arranged: 41 of 56 item(s) re-ordered this run. Nothing is written to the artefact (founder ruling 2026-08-04), so a 0 here means only that nothing was left to move — on a re-run that is expected, and it is NOT evidence the model arranged them unaided. Read this number on the FIRST pass of a freshly generated library or not at all.
      ch_10_canonical.json: 0 of 12 item(s) re-ordered
      ch_10_canonical_p12.json: 10 of 10 item(s) re-ordered
          #1 C-3.2 PS1: A–D now hold DCAB · correct C -> B
          #2 C-3.2 PS1: A–D now hold BACD · correct B -> A
          #3 C-3.2 PS2: A–D now hold CABD · correct B -> C
          #4 C-3.2 PS2: A–D now hold CBAD · correct A -> C
          #6 C-3.2 PS3: A–D now hold ACDB · correct B -> D
          #7 C-3.2 PS3: A–D now hold DACB · correct B -> D
          #9 C-3.3 PS4: A–D now hold CDBA · correct B -> C
          #10 C-3.3 PS4: A–D now hold CABD · correct B -> C
          #12 C-3.3 PS5: A–D now hold CABD · correct A -> B
          #13 C-3.3 PS5: A–D now hold CBAD · correct B -> B
      ch_10_canonical_p14.json: 8 of 10 item(s) re-ordered
          #1 C-3.2 PS1: A–D now hold DABC · correct A -> B
          #3 C-3.2 PS2: A–D now hold DACB · correct A -> B
          #4 C-3.2 PS2: A–D now hold CBAD · correct A -> C
          #6 C-3.2 PS3: A–D now hold BDCA · correct A -> D
          #9 C-3.2 PS4: A–D now hold DABC · correct A -> B
          #10 C-3.2 PS4: A–D now hold ADCB · correct A -> A
          #12 C-3.3 PS5: A–D now hold ADCB · correct A -> A
          #13 C-3.3 PS5: A–D now hold DBAC · correct A -> C
          #2 SKIPPED — cross-references an option label — left untouched, needs a human
      ch_10_canonical_p16.json: 11 of 12 item(s) re-ordered
          #1 C-3.2 PS1: A–D now hold DABC · correct A -> B
          #2 C-3.2 PS1: A–D now hold ADCB · correct A -> A
          #3 C-3.2 PS2: A–D now hold DACB · correct A -> B
          #4 C-3.2 PS2: A–D now hold ACBD · correct A -> A
          #6 C-3.2 PS3: A–D now hold BDAC · correct A -> C
          #7 C-3.2 PS3: A–D now hold BCAD · correct A -> C
          #9 C-3.2 PS4: A–D now hold CDBA · correct A -> D
          #10 C-3.2 PS4: A–D now hold BACD · correct A -> B
          #12 C-3.2 PS5: A–D now hold DACB · correct A -> B
          #13 C-3.2 PS5: A–D now hold ACBD · correct A -> A
          #15 C-3.3 PS6: A–D now hold BCAD · correct A -> C
      ch_10_canonical_p18.json: 12 of 12 item(s) re-ordered
          #1 C-3.2 PS1: A–D now hold BCAD · correct B -> A
          #2 C-3.2 PS1: A–D now hold DABC · correct B -> C
          #3 C-3.2 PS2: A–D now hold BCAD · correct B -> A
          #4 C-3.2 PS2: A–D now hold DBCA · correct B -> B
          #6 C-3.2 PS3: A–D now hold ADBC · correct B -> C
          #7 C-3.2 PS3: A–D now hold DBCA · correct B -> B
          #9 C-3.3 PS4: A–D now hold ADCB · correct B -> D
          #10 C-3.3 PS4: A–D now hold BACD · correct B -> A
          #12 C-3.2 PS5: A–D now hold DCBA · correct B -> C
          #13 C-3.2 PS5: A–D now hold BACD · correct B -> A
          #15 C-3.3 PS6: A–D now hold DBCA · correct B -> B
          #16 C-3.3 PS6: A–D now hold DABC · correct B -> C

== report: genon/out/library_reports/science_vii_ch10_20260817_123818.md ==
deterministic checks: ALL PASS
Next: open a Cowork session and ask it to present this report for the human gate.
