$ /Library/Developer/CommandLineTools/usr/bin/python3 /Users/kumar_radhakrishnan/main/kumar/AI/aruvi-saas/genon/build_library.py social_sciences vi 6 --certify-only

canonical plans written: 188 on authored standards, 152 provisional
brief written: /Users/kumar_radhakrishnan/main/kumar/AI/aruvi-saas/genon/out/briefs/ch_06_top.txt

== STEP 2 · annotate master plan ==
brief written: /Users/kumar_radhakrishnan/main/kumar/AI/aruvi-saas/genon/out/briefs/ch_06_p19.txt
brief written: /Users/kumar_radhakrishnan/main/kumar/AI/aruvi-saas/genon/out/briefs/ch_06_p14.txt

== STEP 6 · arrange MCQ options ==
options arranged: 25 of 43 item(s) re-ordered this run. Nothing is written to the artefact (founder ruling 2026-08-04), so a 0 here means only that nothing was left to move — on a re-run that is expected, and it is NOT evidence the model arranged them unaided. Read this number on the FIRST pass of a freshly generated library or not at all.
      ch_06_canonical.json: 0 of 16 item(s) re-ordered
          #6 SKIPPED — cross-references an option label — left untouched, needs a human
      ch_06_canonical_p14.json: 11 of 13 item(s) re-ordered
          #1 C-3.1 U1: A–D now hold BDCA · correct B -> A
          #2 C-3.1 U8: A–D now hold ADBC · correct B -> C
          #6 C-1.1 U3: A–D now hold BADC · correct C -> D
          #7 C-1.1 U9: A–D now hold ADBC · correct B -> C
          #10 C-2.1 U12: A–D now hold BCDA · correct B -> A
          #12 C-9.1 U7: A–D now hold DABC · correct B -> C
          #15 C-6.1 U3: A–D now hold DCAB · correct B -> D
          #16 C-6.1 U12: A–D now hold CBAD · correct A -> C
          #17 C-6.2 U7: A–D now hold DCAB · correct B -> D
          #18 C-7.1 U9: A–D now hold BADC · correct B -> A
          #19 C-7.1 U12: A–D now hold CBAD · correct B -> B
      ch_06_canonical_p19.json: 14 of 14 item(s) re-ordered
          #1 C-3.1 U1: A–D now hold BCAD · correct B -> A
          #2 C-3.1 U4: A–D now hold BCDA · correct B -> A
          #6 C-1.1 U3: A–D now hold CBAD · correct B -> B
          #7 C-1.1 U9: A–D now hold CBDA · correct B -> B
          #9 C-2.1 U2: A–D now hold BDAC · correct B -> A
          #10 C-2.1 U10: A–D now hold CBAD · correct B -> B
          #12 C-9.1 U7: A–D now hold CABD · correct B -> C
          #13 C-9.1 U17: A–D now hold DBAC · correct B -> B
          #15 C-6.1 U3: A–D now hold ACDB · correct B -> D
          #16 C-6.1 U10: A–D now hold ABDC · correct B -> B
          #17 C-6.2 U7: A–D now hold ADBC · correct B -> C
          #18 C-6.2 U5: A–D now hold DACB · correct B -> D
          #19 C-7.1 U9: A–D now hold CADB · correct B -> D
          #20 C-7.1 U19: A–D now hold DBCA · correct B -> B

== report: genon/out/library_reports/social_sciences_vi_ch06_20260816_101631.md ==
deterministic checks: FAILURES — see report
Next: open a Cowork session and ask it to present this report for the human gate.
