$ /Library/Developer/CommandLineTools/usr/bin/python3 /Users/kumar_radhakrishnan/main/kumar/AI/aruvi-saas/genon/build_library.py science vi 8 --certify-only

canonical plans written: 236 on authored standards, 104 provisional
brief written: /Users/kumar_radhakrishnan/main/kumar/AI/aruvi-saas/genon/out/briefs/ch_08_top.txt

== STEP 2 · annotate master plan ==
brief written: /Users/kumar_radhakrishnan/main/kumar/AI/aruvi-saas/genon/out/briefs/ch_08_p18.txt
brief written: /Users/kumar_radhakrishnan/main/kumar/AI/aruvi-saas/genon/out/briefs/ch_08_p16.txt
brief written: /Users/kumar_radhakrishnan/main/kumar/AI/aruvi-saas/genon/out/briefs/ch_08_p14.txt
brief written: /Users/kumar_radhakrishnan/main/kumar/AI/aruvi-saas/genon/out/briefs/ch_08_p12.txt

== STEP 6 · arrange MCQ options ==
options arranged: 38 of 48 item(s) re-ordered this run. Nothing is written to the artefact (founder ruling 2026-08-04), so a 0 here means only that nothing was left to move — on a re-run that is expected, and it is NOT evidence the model arranged them unaided. Read this number on the FIRST pass of a freshly generated library or not at all.
      ch_08_canonical.json: 0 of 10 item(s) re-ordered
      ch_08_canonical_p12.json: 10 of 10 item(s) re-ordered
          #1 C-1.2 PS1: A–D now hold BCAD · correct B -> A
          #2 C-1.2 PS1: A–D now hold CDAB · correct B -> D
          #3 C-1.1 PS2: A–D now hold DCBA · correct B -> C
          #4 C-1.1 PS2: A–D now hold CADB · correct B -> D
          #6 C-1.2 PS3: A–D now hold BACD · correct B -> A
          #7 C-1.2 PS3: A–D now hold ADCB · correct B -> D
          #9 C-1.2 PS4: A–D now hold DCBA · correct B -> C
          #10 C-1.2 PS4: A–D now hold DBCA · correct B -> B
          #12 C-1.1 PS5: A–D now hold ACBD · correct B -> C
          #13 C-1.2 PS5: A–D now hold DCBA · correct B -> C
      ch_08_canonical_p14.json: 10 of 10 item(s) re-ordered
          #1 C-1.1 PS1: A–D now hold BADC · correct B -> A
          #2 C-1.1 PS1: A–D now hold ADBC · correct B -> C
          #3 C-1.1 PS2: A–D now hold CBAD · correct B -> B
          #4 C-1.1 PS2: A–D now hold ACBD · correct B -> C
          #6 C-1.2 PS3: A–D now hold ADBC · correct A -> A
          #7 C-1.2 PS3: A–D now hold BADC · correct A -> B
          #9 C-1.2 PS4: A–D now hold BCDA · correct A -> D
          #10 C-1.2 PS4: A–D now hold BACD · correct B -> A
          #12 C-1.2 PS5: A–D now hold BCAD · correct A -> C
          #13 C-1.2 PS5: A–D now hold DABC · correct A -> B
      ch_08_canonical_p16.json: 10 of 10 item(s) re-ordered
          #1 C-1.2 PS1: A–D now hold CDAB · correct B -> D
          #2 C-1.2 PS1: A–D now hold DCAB · correct B -> D
          #3 C-1.1 PS2: A–D now hold CDBA · correct B -> C
          #4 C-1.1 PS2: A–D now hold BACD · correct C -> C
          #6 C-1.2 PS3: A–D now hold BCAD · correct A -> C
          #7 C-1.2 PS3: A–D now hold CABD · correct C -> A
          #9 C-1.2 PS4: A–D now hold ACDB · correct B -> D
          #10 C-1.2 PS4: A–D now hold ACBD · correct B -> C
          #12 C-1.1 PS5: A–D now hold BCDA · correct B -> A
          #13 C-1.2 PS5: A–D now hold BACD · correct B -> A
      ch_08_canonical_p18.json: 8 of 8 item(s) re-ordered
          #1 C-1.2 PS1: A–D now hold DBCA · correct B -> B
          #2 C-1.2 PS1: A–D now hold BDAC · correct C -> D
          #3 C-1.1 PS2: A–D now hold CBDA · correct B -> B
          #4 C-1.1 PS2: A–D now hold CDAB · correct B -> D
          #6 C-1.2 PS3: A–D now hold ADBC · correct B -> C
          #7 C-1.2 PS3: A–D now hold DABC · correct B -> C
          #9 C-1.1 PS4: A–D now hold DCAB · correct A -> C
          #10 C-1.2 PS4: A–D now hold DCAB · correct B -> D

== report: genon/out/library_reports/science_vi_ch08_20260817_123813.md ==
deterministic checks: ALL PASS
Next: open a Cowork session and ask it to present this report for the human gate.
