$ /Library/Developer/CommandLineTools/usr/bin/python3 /Users/kumar_radhakrishnan/main/kumar/AI/aruvi-saas/genon/build_library.py science vii 1 --certify-only

canonical plans written: 235 on authored standards, 105 provisional
brief written: /Users/kumar_radhakrishnan/main/kumar/AI/aruvi-saas/genon/out/briefs/ch_01_top.txt

== STEP 2 · annotate master plan ==
brief written: /Users/kumar_radhakrishnan/main/kumar/AI/aruvi-saas/genon/out/briefs/ch_01_p05.txt
brief written: /Users/kumar_radhakrishnan/main/kumar/AI/aruvi-saas/genon/out/briefs/ch_01_p04.txt

== STEP 6 · arrange MCQ options ==
options arranged: 8 of 8 item(s) re-ordered this run. Nothing is written to the artefact (founder ruling 2026-08-04), so a 0 here means only that nothing was left to move — on a re-run that is expected, and it is NOT evidence the model arranged them unaided. Read this number on the FIRST pass of a freshly generated library or not at all.
      ch_01_canonical.json: 8 of 8 item(s) re-ordered
          #1 C-6.1 PS1: A–D now hold DBAC · correct C -> D
          #2 C-6.1 PS1: A–D now hold ACDB · correct C -> B
          #3 C-6.1 PS2: A–D now hold DBAC · correct C -> D
          #4 C-6.1 PS2: A–D now hold ADCB · correct C -> C
          #6 C-6.1 PS3: A–D now hold BCAD · correct B -> A
          #7 C-6.1 PS3: A–D now hold CBDA · correct B -> B
          #9 C-6.1 PS4: A–D now hold ADBC · correct C -> D
          #10 C-6.1 PS4: A–D now hold DABC · correct C -> D

== report: genon/out/library_reports/science_vii_ch01_20260817_115433.md ==
deterministic checks: FAILURES — see report
Next: open a Cowork session and ask it to present this report for the human gate.
