$ /Library/Developer/CommandLineTools/usr/bin/python3 /Users/kumar_radhakrishnan/main/kumar/AI/aruvi-saas/genon/build_library.py science viii 9 --certify-only

canonical plans written: 236 on authored standards, 104 provisional
brief written: /Users/kumar_radhakrishnan/main/kumar/AI/aruvi-saas/genon/out/briefs/ch_09_top.txt

== STEP 2 · annotate master plan ==
brief written: /Users/kumar_radhakrishnan/main/kumar/AI/aruvi-saas/genon/out/briefs/ch_09_p15.txt
brief written: /Users/kumar_radhakrishnan/main/kumar/AI/aruvi-saas/genon/out/briefs/ch_09_p13.txt
brief written: /Users/kumar_radhakrishnan/main/kumar/AI/aruvi-saas/genon/out/briefs/ch_09_p11.txt
brief written: /Users/kumar_radhakrishnan/main/kumar/AI/aruvi-saas/genon/out/briefs/ch_09_p09.txt

== STEP 6 · arrange MCQ options ==
options arranged: 35 of 48 item(s) re-ordered this run. Nothing is written to the artefact (founder ruling 2026-08-04), so a 0 here means only that nothing was left to move — on a re-run that is expected, and it is NOT evidence the model arranged them unaided. Read this number on the FIRST pass of a freshly generated library or not at all.
      ch_09_canonical.json: 0 of 10 item(s) re-ordered
      ch_09_canonical_p09.json: 10 of 10 item(s) re-ordered
          #1 C-1.1 PS1: A–D now hold CDBA · correct A -> D
          #2 C-1.1 PS1: A–D now hold DBAC · correct A -> C
          #3 C-1.1 PS2: A–D now hold BCDA · correct A -> D
          #4 C-1.1 PS2: A–D now hold BDAC · correct A -> C
          #6 C-1.3 PS3: A–D now hold ABDC · correct A -> A
          #7 C-1.3 PS3: A–D now hold DCAB · correct A -> C
          #9 C-1.3 PS4: A–D now hold CDBA · correct A -> D
          #10 C-1.3 PS4: A–D now hold BADC · correct A -> B
          #12 C-1.1 PS5: A–D now hold ACBD · correct A -> A
          #13 C-1.3 PS5: A–D now hold BCDA · correct A -> D
      ch_09_canonical_p11.json: 8 of 10 item(s) re-ordered
          #1 C-1.1 PS1: A–D now hold BDAC · correct A -> C
          #3 C-1.1 PS2: A–D now hold CDAB · correct A -> C
          #4 C-1.1 PS2: A–D now hold CABD · correct A -> B
          #6 C-1.3 PS3: A–D now hold DABC · correct A -> B
          #9 C-1.3 PS4: A–D now hold ADBC · correct A -> A
          #10 C-1.3 PS4: A–D now hold DABC · correct A -> B
          #12 C-1.1 PS5: A–D now hold ADCB · correct A -> A
          #13 C-1.1 PS5: A–D now hold BCAD · correct A -> C
      ch_09_canonical_p13.json: 10 of 10 item(s) re-ordered
          #1 C-1.1 PS1: A–D now hold ADCB · correct B -> D
          #2 C-1.1 PS1: A–D now hold DABC · correct B -> C
          #3 C-1.1 PS2: A–D now hold CADB · correct B -> D
          #4 C-1.1 PS2: A–D now hold CADB · correct B -> D
          #6 C-1.3 PS3: A–D now hold BCAD · correct A -> C
          #7 C-1.3 PS3: A–D now hold ADCB · correct B -> D
          #9 C-1.3 PS4: A–D now hold DACB · correct B -> D
          #10 C-1.3 PS4: A–D now hold DABC · correct B -> C
          #12 C-1.1 PS5: A–D now hold DBAC · correct B -> B
          #13 C-1.1 PS5: A–D now hold ACDB · correct B -> D
      ch_09_canonical_p15.json: 7 of 8 item(s) re-ordered
          #1 C-1.1 PS1: A–D now hold BDAC · correct A -> C
          #2 C-1.1 PS1: A–D now hold DBCA · correct A -> D
          #3 C-1.3 PS2: A–D now hold DBCA · correct A -> D
          #4 C-1.3 PS2: A–D now hold ACBD · correct A -> A
          #6 C-1.3 PS3: A–D now hold BDCA · correct A -> D
          #7 C-1.3 PS3: A–D now hold DBAC · correct A -> C
          #10 C-1.1 PS4: A–D now hold BCDA · correct A -> D

== report: genon/out/library_reports/science_viii_ch09_20260817_123823.md ==
deterministic checks: FAILURES — see report
Next: open a Cowork session and ask it to present this report for the human gate.
