$ /Library/Developer/CommandLineTools/usr/bin/python3 /Users/kumar_radhakrishnan/main/kumar/AI/aruvi-saas/genon/build_library.py social_sciences viii 12 --certify-only

canonical plans written: 188 on authored standards, 152 provisional
brief written: /Users/kumar_radhakrishnan/main/kumar/AI/aruvi-saas/genon/out/briefs/ch_12_top.txt

== STEP 2 · annotate master plan ==
brief written: /Users/kumar_radhakrishnan/main/kumar/AI/aruvi-saas/genon/out/briefs/ch_12_p11.txt
brief written: /Users/kumar_radhakrishnan/main/kumar/AI/aruvi-saas/genon/out/briefs/ch_12_p08.txt

== STEP 6 · arrange MCQ options ==
options arranged: 22 of 35 item(s) re-ordered this run. Nothing is written to the artefact (founder ruling 2026-08-04), so a 0 here means only that nothing was left to move — on a re-run that is expected, and it is NOT evidence the model arranged them unaided. Read this number on the FIRST pass of a freshly generated library or not at all.
      ch_12_canonical.json: 0 of 12 item(s) re-ordered
      ch_12_canonical_p08.json: 11 of 11 item(s) re-ordered
          #1 C-8.1 U1: A–D now hold CDBA · correct A -> D
          #2 C-8.1 U4: A–D now hold BDCA · correct B -> A
          #6 C-5.1 U2: A–D now hold BDAC · correct A -> C
          #7 C-5.1 U7: A–D now hold BADC · correct B -> A
          #9 C-5.2 U3: A–D now hold CADB · correct B -> D
          #10 C-5.2 U8: A–D now hold ACBD · correct B -> C
          #11 C-4.2 U4: A–D now hold DCBA · correct B -> C
          #12 C-4.2 U4: A–D now hold DBCA · correct B -> B
          #13 C-7.1 U4: A–D now hold BCDA · correct B -> A
          #14 C-10.1 U5: A–D now hold DCBA · correct B -> C
          #15 C-10.1 U5: A–D now hold ADBC · correct B -> C
      ch_12_canonical_p11.json: 11 of 12 item(s) re-ordered
          #1 C-8.1 U1: A–D now hold CBAD · correct A -> C
          #2 C-8.1 U9: A–D now hold CBDA · correct A -> D
          #6 C-5.1 U10: A–D now hold CBDA · correct A -> D
          #7 C-5.1 U11: A–D now hold CBAD · correct A -> C
          #9 C-5.2 U4: A–D now hold CBAD · correct A -> C
          #10 C-5.2 U2: A–D now hold CABD · correct A -> B
          #12 C-4.2 U5: A–D now hold ACDB · correct A -> A
          #13 C-4.2 U5: A–D now hold ACBD · correct A -> A
          #14 C-7.1 U6: A–D now hold DCBA · correct A -> D
          #16 C-10.1 U8: A–D now hold ACBD · correct A -> A
          #17 C-10.1 U8: A–D now hold CDAB · correct A -> C

== report: genon/out/library_reports/social_sciences_viii_ch12_20260816_101642.md ==
deterministic checks: FAILURES — see report
QUARANTINED (not servable): ch_12_canonical_p08.json
Next: open a Cowork session and ask it to present this report for the human gate.
