$ /Library/Developer/CommandLineTools/usr/bin/python3 /Users/kumar_radhakrishnan/main/kumar/AI/aruvi-saas/genon/build_library.py social_sciences viii 7 --certify-only

canonical plans written: 188 on authored standards, 152 provisional
brief written: /Users/kumar_radhakrishnan/main/kumar/AI/aruvi-saas/genon/out/briefs/ch_07_top.txt

== STEP 2 · annotate master plan ==
brief written: /Users/kumar_radhakrishnan/main/kumar/AI/aruvi-saas/genon/out/briefs/ch_07_p10.txt
brief written: /Users/kumar_radhakrishnan/main/kumar/AI/aruvi-saas/genon/out/briefs/ch_07_p07.txt

== STEP 6 · arrange MCQ options ==
options arranged: 19 of 30 item(s) re-ordered this run. Nothing is written to the artefact (founder ruling 2026-08-04), so a 0 here means only that nothing was left to move — on a re-run that is expected, and it is NOT evidence the model arranged them unaided. Read this number on the FIRST pass of a freshly generated library or not at all.
      ch_07_canonical.json: 0 of 10 item(s) re-ordered
      ch_07_canonical_p07.json: 10 of 10 item(s) re-ordered
          #1 C-9.1 U1: A–D now hold CBAD · correct B -> B
          #2 C-9.1 U6: A–D now hold BACD · correct C -> C
          #6 C-6.3 U7: A–D now hold BCAD · correct B -> A
          #7 C-6.3 U7: A–D now hold DABC · correct B -> C
          #9 C-4.1 U4: A–D now hold BDAC · correct B -> A
          #10 C-4.1 U1: A–D now hold BDAC · correct C -> D
          #12 C-6.2 U6: A–D now hold BDAC · correct B -> A
          #13 C-6.2 U6: A–D now hold DBAC · correct B -> B
          #14 C-10.1 U3: A–D now hold BCAD · correct B -> A
          #15 C-10.1 U3: A–D now hold BDAC · correct B -> A
      ch_07_canonical_p10.json: 9 of 10 item(s) re-ordered
          #1 C-9.1 U1: A–D now hold CDAB · correct A -> C
          #2 C-9.1 U2: A–D now hold ADBC · correct B -> C
          #6 C-6.3 U10: A–D now hold ACBD · correct B -> C
          #7 C-6.3 U10: A–D now hold DBAC · correct C -> D
          #9 C-4.1 U1: A–D now hold ADCB · correct B -> D
          #12 C-6.2 U2: A–D now hold BDCA · correct A -> D
          #13 C-6.2 U9: A–D now hold BADC · correct B -> A
          #14 C-10.1 U5: A–D now hold ADBC · correct B -> C
          #15 C-10.1 U5: A–D now hold ACBD · correct B -> C

== report: genon/out/library_reports/social_sciences_viii_ch07_20260816_101641.md ==
deterministic checks: FAILURES — see report
QUARANTINED (not servable): ch_07_canonical_p07.json
Next: open a Cowork session and ask it to present this report for the human gate.
