$ /Library/Developer/CommandLineTools/usr/bin/python3 /Users/kumar_radhakrishnan/main/kumar/AI/aruvi-saas/genon/build_library.py the_world_around_us iv 2 --certify-only

canonical plans written: 40 on authored standards, 300 provisional
brief written: /Users/kumar_radhakrishnan/main/kumar/AI/aruvi-saas/genon/out/briefs/ch_02_top.txt

== STEP 2 · annotate master plan ==
brief written: /Users/kumar_radhakrishnan/main/kumar/AI/aruvi-saas/genon/out/briefs/ch_02_p14.txt
brief written: /Users/kumar_radhakrishnan/main/kumar/AI/aruvi-saas/genon/out/briefs/ch_02_p10.txt

== STEP 6 · arrange MCQ options ==
options arranged: 7 of 11 item(s) re-ordered this run. Nothing is written to the artefact (founder ruling 2026-08-04), so a 0 here means only that nothing was left to move — on a re-run that is expected, and it is NOT evidence the model arranged them unaided. Read this number on the FIRST pass of a freshly generated library or not at all.
      ch_02_canonical.json: 0 of 4 item(s) re-ordered
      ch_02_canonical_p10.json: 3 of 3 item(s) re-ordered
          #1 C-1.4 U1: A–D now hold BCDA · correct B -> A
          #5 C-2.3 U5: A–D now hold DBCA · correct C -> C
          #7 C-1.4 U7: A–D now hold BACD · correct B -> A
      ch_02_canonical_p14.json: 4 of 4 item(s) re-ordered
          #1 C-1.4 U1: A–D now hold BADC · correct A -> B
          #4 C-2.3 U4: A–D now hold ACDB · correct A -> A
          #6 C-1.4 U6: A–D now hold DACB · correct A -> B
          #10 C-5.2 U10: A–D now hold BCDA · correct A -> D

== report: genon/out/library_reports/the_world_around_us_iv_ch02_20260812_145756.md ==
deterministic checks: ALL PASS
Next: open a Cowork session and ask it to present this report for the human gate.
