$ /Library/Developer/CommandLineTools/usr/bin/python3 /Users/kumar_radhakrishnan/main/kumar/AI/aruvi-saas/genon/build_library.py the_world_around_us v 6 --certify-only

canonical plans written: 40 on authored standards, 300 provisional
brief written: /Users/kumar_radhakrishnan/main/kumar/AI/aruvi-saas/genon/out/briefs/ch_06_top.txt

== STEP 2 · annotate master plan ==
brief written: /Users/kumar_radhakrishnan/main/kumar/AI/aruvi-saas/genon/out/briefs/ch_06_p15.txt
brief written: /Users/kumar_radhakrishnan/main/kumar/AI/aruvi-saas/genon/out/briefs/ch_06_p11.txt

== STEP 6 · arrange MCQ options ==
options arranged: 8 of 13 item(s) re-ordered this run. Nothing is written to the artefact (founder ruling 2026-08-04), so a 0 here means only that nothing was left to move — on a re-run that is expected, and it is NOT evidence the model arranged them unaided. Read this number on the FIRST pass of a freshly generated library or not at all.
      ch_06_canonical.json: 0 of 4 item(s) re-ordered
      ch_06_canonical_p11.json: 3 of 4 item(s) re-ordered
          #4 C-2.1 U4: A–D now hold DABC · correct A -> B
          #6 C-4.1 U6: A–D now hold DCBA · correct A -> D
          #9 C-5.3 U9: A–D now hold CADB · correct A -> B
      ch_06_canonical_p15.json: 5 of 5 item(s) re-ordered
          #1 C-5.3 U1: A–D now hold ABDC · correct A -> A
          #3 C-2.1 U3: A–D now hold BDAC · correct A -> C
          #5 C-4.1 U5: A–D now hold BCAD · correct A -> C
          #11 C-5.3 U11: A–D now hold DBCA · correct A -> D
          #14 C-4.1 U14: A–D now hold ADCB · correct A -> A

== report: genon/out/library_reports/the_world_around_us_v_ch06_20260812_145755.md ==
deterministic checks: ALL PASS
Next: open a Cowork session and ask it to present this report for the human gate.
