$ /Library/Developer/CommandLineTools/usr/bin/python3 /Users/kumar_radhakrishnan/main/kumar/AI/aruvi-saas/genon/build_library.py mathematics iii 13 --certify-only

canonical plans written: 323 on authored standards, 17 provisional
brief written: /Users/kumar_radhakrishnan/main/kumar/AI/aruvi-saas/genon/out/briefs/ch_13_top.txt

== STEP 2 · annotate master plan ==
brief written: /Users/kumar_radhakrishnan/main/kumar/AI/aruvi-saas/genon/out/briefs/ch_13_p11.txt
brief written: /Users/kumar_radhakrishnan/main/kumar/AI/aruvi-saas/genon/out/briefs/ch_13_p08.txt

== STEP 6 · arrange MCQ options ==
options arranged: 13 of 20 item(s) re-ordered this run. Nothing is written to the artefact (founder ruling 2026-08-04), so a 0 here means only that nothing was left to move — on a re-run that is expected, and it is NOT evidence the model arranged them unaided. Read this number on the FIRST pass of a freshly generated library or not at all.
      ch_13_canonical.json: 0 of 7 item(s) re-ordered
      ch_13_canonical_p08.json: 6 of 6 item(s) re-ordered
          #2 None #2: A–D now hold CBAD · correct B -> B
          #8 None #8: A–D now hold CABD · correct B -> C
          #9 None #9: A–D now hold DCAB · correct B -> D
          #12 None #12: A–D now hold CBAD · correct D -> D
          #14 None #14: A–D now hold BCDA · correct B -> A
          #15 None #15: A–D now hold DCBA · correct C -> B
      ch_13_canonical_p11.json: 7 of 7 item(s) re-ordered
          #2 None #2: A–D now hold ACBD · correct C -> B
          #7 None #7: A–D now hold CABD · correct B -> C
          #8 None #8: A–D now hold CDBA · correct B -> C
          #9 None #9: A–D now hold DCBA · correct C -> B
          #12 None #12: A–D now hold CBAD · correct C -> A
          #14 None #14: A–D now hold CDAB · correct C -> A
          #16 None #16: A–D now hold CABD · correct B -> C

== report: genon/out/library_reports/mathematics_iii_ch13_20260820_104953.md ==
deterministic checks: FAILURES — see report
Next: open a Cowork session and ask it to present this report for the human gate.
