$ /Library/Developer/CommandLineTools/usr/bin/python3 /Users/kumar_radhakrishnan/main/kumar/AI/aruvi-saas/genon/build_library.py mathematics vi 9 --certify-only

canonical plans written: 281 on authored standards, 59 provisional
brief written: /Users/kumar_radhakrishnan/main/kumar/AI/aruvi-saas/genon/out/briefs/ch_09_top.txt

== STEP 2 · annotate master plan ==
brief written: /Users/kumar_radhakrishnan/main/kumar/AI/aruvi-saas/genon/out/briefs/ch_09_p19.txt
brief written: /Users/kumar_radhakrishnan/main/kumar/AI/aruvi-saas/genon/out/briefs/ch_09_p14.txt

== STEP 6 · arrange MCQ options ==
options arranged: 14 of 25 item(s) re-ordered this run. Nothing is written to the artefact (founder ruling 2026-08-04), so a 0 here means only that nothing was left to move — on a re-run that is expected, and it is NOT evidence the model arranged them unaided. Read this number on the FIRST pass of a freshly generated library or not at all.
      ch_09_canonical.json: 0 of 9 item(s) re-ordered
      ch_09_canonical_p14.json: 7 of 7 item(s) re-ordered
          #1 None #1: A–D now hold CBDA · correct C -> A
          #2 None #2: A–D now hold CABD · correct B -> C
          #3 None #3: A–D now hold DABC · correct C -> D
          #4 None #4: A–D now hold DBCA · correct C -> C
          #5 None #5: A–D now hold DCBA · correct B -> C
          #6 None #6: A–D now hold ADCB · correct B -> D
          #7 None #7: A–D now hold BCDA · correct A -> D
      ch_09_canonical_p19.json: 7 of 9 item(s) re-ordered
          #1 None #1: A–D now hold CBDA · correct C -> A
          #3 None #3: A–D now hold DABC · correct C -> D
          #4 None #4: A–D now hold DBCA · correct B -> B
          #5 None #5: A–D now hold DABC · correct C -> D
          #6 None #6: A–D now hold DABC · correct B -> C
          #8 None #8: A–D now hold DABC · correct B -> C
          #9 None #9: A–D now hold BADC · correct C -> D

== report: genon/out/library_reports/mathematics_vi_ch09_20260819_133837.md ==
deterministic checks: FAILURES — see report
QUARANTINED (not servable): ch_09_canonical_p14.json
Next: open a Cowork session and ask it to present this report for the human gate.
