$ /Library/Developer/CommandLineTools/usr/bin/python3 /Users/kumar_radhakrishnan/main/kumar/AI/aruvi-saas/genon/build_library.py social_sciences vii 9 --certify-only

canonical plans written: 188 on authored standards, 152 provisional
brief written: /Users/kumar_radhakrishnan/main/kumar/AI/aruvi-saas/genon/out/briefs/ch_09_top.txt

== STEP 2 · annotate master plan ==
brief written: /Users/kumar_radhakrishnan/main/kumar/AI/aruvi-saas/genon/out/briefs/ch_09_p17.txt
brief written: /Users/kumar_radhakrishnan/main/kumar/AI/aruvi-saas/genon/out/briefs/ch_09_p13.txt

== STEP 6 · arrange MCQ options ==
options arranged: 15 of 24 item(s) re-ordered this run. Nothing is written to the artefact (founder ruling 2026-08-04), so a 0 here means only that nothing was left to move — on a re-run that is expected, and it is NOT evidence the model arranged them unaided. Read this number on the FIRST pass of a freshly generated library or not at all.
      ch_09_canonical.json: 0 of 8 item(s) re-ordered
      ch_09_canonical_p13.json: 8 of 8 item(s) re-ordered
          #1 C-4.1 U3: A–D now hold BCAD · correct A -> C
          #2 C-4.1 U6: A–D now hold DCAB · correct A -> C
          #6 C-8.1 U8: A–D now hold ACBD · correct A -> A
          #7 C-8.1 U12: A–D now hold CBDA · correct A -> D
          #9 C-4.2 U10: A–D now hold ACBD · correct A -> A
          #10 C-4.2 U12: A–D now hold ADCB · correct A -> A
          #12 C-5.1 U10: A–D now hold BDCA · correct A -> D
          #13 C-10.1 U8: A–D now hold CADB · correct A -> B
      ch_09_canonical_p17.json: 7 of 8 item(s) re-ordered
          #1 C-4.1 U1: A–D now hold BDCA · correct B -> A
          #2 C-4.1 U7: A–D now hold DACB · correct C -> C
          #6 C-8.1 U9: A–D now hold ADBC · correct B -> C
          #7 C-8.1 U15: A–D now hold BCAD · correct B -> A
          #10 C-5.1 U13: A–D now hold CDBA · correct C -> A
          #11 C-10.1 U9: A–D now hold BDCA · correct B -> A
          #12 C-10.1 U9: A–D now hold CDBA · correct C -> A

== report: genon/out/library_reports/social_sciences_vii_ch09_20260816_101637.md ==
deterministic checks: FAILURES — see report
Next: open a Cowork session and ask it to present this report for the human gate.
