$ /Library/Developer/CommandLineTools/usr/bin/python3 /Users/kumar_radhakrishnan/main/kumar/AI/aruvi-saas/genon/build_library.py science viii 11 --certify-only

canonical plans written: 236 on authored standards, 104 provisional
brief written: /Users/kumar_radhakrishnan/main/kumar/AI/aruvi-saas/genon/out/briefs/ch_11_top.txt

== STEP 2 · annotate master plan ==
brief written: /Users/kumar_radhakrishnan/main/kumar/AI/aruvi-saas/genon/out/briefs/ch_11_p13.txt
brief written: /Users/kumar_radhakrishnan/main/kumar/AI/aruvi-saas/genon/out/briefs/ch_11_p11.txt
brief written: /Users/kumar_radhakrishnan/main/kumar/AI/aruvi-saas/genon/out/briefs/ch_11_p09.txt

== STEP 6 · arrange MCQ options ==
options arranged: 32 of 40 item(s) re-ordered this run. Nothing is written to the artefact (founder ruling 2026-08-04), so a 0 here means only that nothing was left to move — on a re-run that is expected, and it is NOT evidence the model arranged them unaided. Read this number on the FIRST pass of a freshly generated library or not at all.
      ch_11_canonical.json: 0 of 8 item(s) re-ordered
      ch_11_canonical_p09.json: 12 of 12 item(s) re-ordered
          #1 C-2.5 PS1: A–D now hold ADBC · correct A -> A
          #2 C-2.5 PS1: A–D now hold ADCB · correct B -> D
          #3 C-2.5 PS2: A–D now hold CADB · correct A -> B
          #4 C-2.5 PS2: A–D now hold CADB · correct A -> B
          #6 C-2.5 PS3: A–D now hold CBDA · correct A -> D
          #7 C-2.5 PS3: A–D now hold DCBA · correct A -> D
          #9 C-2.5 PS4: A–D now hold CBAD · correct A -> C
          #10 C-2.5 PS4: A–D now hold BDAC · correct A -> C
          #12 C-2.5 PS5: A–D now hold ADBC · correct A -> A
          #13 C-2.5 PS5: A–D now hold BACD · correct A -> B
          #15 C-2.5 PS6: A–D now hold BCAD · correct A -> C
          #16 C-2.5 PS6: A–D now hold ADBC · correct A -> A
      ch_11_canonical_p11.json: 10 of 10 item(s) re-ordered
          #1 C-2.5 PS1: A–D now hold CDAB · correct A -> C
          #2 C-2.5 PS1: A–D now hold DCAB · correct A -> C
          #3 C-2.5 PS2: A–D now hold CADB · correct A -> B
          #4 C-2.5 PS2: A–D now hold BCDA · correct A -> D
          #6 C-2.5 PS3: A–D now hold CDBA · correct A -> D
          #7 C-2.5 PS3: A–D now hold BCDA · correct A -> D
          #9 C-2.5 PS4: A–D now hold CADB · correct A -> B
          #10 C-2.5 PS4: A–D now hold DABC · correct A -> B
          #12 C-2.5 PS5: A–D now hold DBCA · correct A -> D
          #13 C-2.5 PS5: A–D now hold ACDB · correct A -> A
      ch_11_canonical_p13.json: 10 of 10 item(s) re-ordered
          #1 C-2.5 PS1: A–D now hold DACB · correct A -> B
          #2 C-2.5 PS1: A–D now hold ABDC · correct A -> A
          #3 C-2.5 PS2: A–D now hold DBAC · correct A -> C
          #4 C-2.5 PS2: A–D now hold BCAD · correct A -> C
          #6 C-2.5 PS3: A–D now hold BCDA · correct A -> D
          #7 C-2.5 PS3: A–D now hold BCAD · correct A -> C
          #9 C-2.5 PS4: A–D now hold BCAD · correct A -> C
          #10 C-2.5 PS4: A–D now hold CBAD · correct A -> C
          #12 C-2.5 PS5: A–D now hold DACB · correct A -> B
          #13 C-2.5 PS5: A–D now hold DABC · correct A -> B

== report: genon/out/library_reports/science_viii_ch11_20260817_123824.md ==
deterministic checks: ALL PASS
Next: open a Cowork session and ask it to present this report for the human gate.
