$ /Library/Developer/CommandLineTools/usr/bin/python3 /Users/kumar_radhakrishnan/main/kumar/AI/aruvi-saas/genon/build_library.py mathematics v 7 --certify-only

canonical plans written: 323 on authored standards, 17 provisional
brief written: /Users/kumar_radhakrishnan/main/kumar/AI/aruvi-saas/genon/out/briefs/ch_07_top.txt

== STEP 2 · annotate master plan ==
brief written: /Users/kumar_radhakrishnan/main/kumar/AI/aruvi-saas/genon/out/briefs/ch_07_p09.txt
brief written: /Users/kumar_radhakrishnan/main/kumar/AI/aruvi-saas/genon/out/briefs/ch_07_p07.txt

== STEP 6 · arrange MCQ options ==
options arranged: 8 of 21 item(s) re-ordered this run. Nothing is written to the artefact (founder ruling 2026-08-04), so a 0 here means only that nothing was left to move — on a re-run that is expected, and it is NOT evidence the model arranged them unaided. Read this number on the FIRST pass of a freshly generated library or not at all.
      ch_07_canonical.json: 0 of 9 item(s) re-ordered
      ch_07_canonical_p07.json: 5 of 7 item(s) re-ordered
          #6 None #6: A–D now hold ADBC · correct B -> C
          #8 None #8: A–D now hold DBAC · correct C -> D
          #12 None #12: A–D now hold ABDC · correct B -> B
          #14 None #14: A–D now hold CABD · correct D -> D
          #17 None #17: A–D now hold DACB · correct C -> C
      ch_07_canonical_p09.json: 3 of 5 item(s) re-ordered
          #9 None #9: A–D now hold BCAD · correct B -> A
          #16 None #16: A–D now hold DCAB · correct B -> D
          #17 None #17: A–D now hold ABDC · correct C -> D

== report: genon/out/library_reports/mathematics_v_ch07_20260820_105001.md ==
deterministic checks: FAILURES — see report
Next: open a Cowork session and ask it to present this report for the human gate.
