$ /Library/Developer/CommandLineTools/usr/bin/python3 /Users/kumar_radhakrishnan/main/kumar/AI/aruvi-saas/genon/build_library.py science vi 10 --certify-only

canonical plans written: 236 on authored standards, 104 provisional
brief written: /Users/kumar_radhakrishnan/main/kumar/AI/aruvi-saas/genon/out/briefs/ch_10_top.txt

== STEP 2 · annotate master plan ==
brief written: /Users/kumar_radhakrishnan/main/kumar/AI/aruvi-saas/genon/out/briefs/ch_10_p15.txt
brief written: /Users/kumar_radhakrishnan/main/kumar/AI/aruvi-saas/genon/out/briefs/ch_10_p13.txt
brief written: /Users/kumar_radhakrishnan/main/kumar/AI/aruvi-saas/genon/out/briefs/ch_10_p11.txt
brief written: /Users/kumar_radhakrishnan/main/kumar/AI/aruvi-saas/genon/out/briefs/ch_10_p09.txt

== STEP 6 · arrange MCQ options ==
options arranged: 36 of 50 item(s) re-ordered this run. Nothing is written to the artefact (founder ruling 2026-08-04), so a 0 here means only that nothing was left to move — on a re-run that is expected, and it is NOT evidence the model arranged them unaided. Read this number on the FIRST pass of a freshly generated library or not at all.
      ch_10_canonical.json: 0 of 12 item(s) re-ordered
      ch_10_canonical_p09.json: 7 of 8 item(s) re-ordered
          #1 C-3.2 PS1: A–D now hold DBAC · correct B -> B
          #2 C-3.2 PS1: A–D now hold DBAC · correct C -> D
          #4 C-3.2 PS2: A–D now hold ACBD · correct A -> A
          #6 C-3.2 PS3: A–D now hold CDAB · correct B -> D
          #7 C-3.2 PS3: A–D now hold ADBC · correct A -> A
          #9 C-3.2 PS4: A–D now hold BADC · correct B -> A
          #10 C-3.2 PS4: A–D now hold CADB · correct B -> D
          #3 SKIPPED — cross-references an option label — left untouched, needs a human
      ch_10_canonical_p11.json: 10 of 10 item(s) re-ordered
          #1 C-3.2 PS1: A–D now hold CABD · correct A -> B
          #2 C-3.2 PS1: A–D now hold CABD · correct A -> B
          #3 C-3.2 PS2: A–D now hold CDBA · correct A -> D
          #4 C-3.2 PS2: A–D now hold CDBA · correct A -> D
          #6 C-3.2 PS3: A–D now hold BCAD · correct A -> C
          #7 C-3.2 PS3: A–D now hold BDAC · correct A -> C
          #9 C-3.2 PS4: A–D now hold ACBD · correct A -> A
          #10 C-3.2 PS4: A–D now hold DACB · correct A -> B
          #12 C-3.2 PS5: A–D now hold DACB · correct A -> B
          #13 C-3.2 PS5: A–D now hold DBCA · correct A -> D
      ch_10_canonical_p13.json: 9 of 10 item(s) re-ordered
          #1 C-3.2 PS1: A–D now hold DBAC · correct B -> B
          #2 C-3.2 PS1: A–D now hold DBAC · correct C -> D
          #3 C-3.2 PS2: A–D now hold ADBC · correct B -> C
          #4 C-3.2 PS2: A–D now hold BCAD · correct C -> B
          #6 C-3.2 PS3: A–D now hold ADCB · correct B -> D
          #7 C-3.2 PS3: A–D now hold ABDC · correct C -> D
          #9 C-3.2 PS4: A–D now hold DCAB · correct C -> B
          #10 C-3.2 PS4: A–D now hold ADCB · correct B -> D
          #12 C-3.2 PS5: A–D now hold CABD · correct C -> A
      ch_10_canonical_p15.json: 10 of 10 item(s) re-ordered
          #1 C-3.2 PS1: A–D now hold BDAC · correct B -> A
          #2 C-3.2 PS1: A–D now hold DACB · correct B -> D
          #3 C-3.2 PS2: A–D now hold BDCA · correct B -> A
          #4 C-3.2 PS2: A–D now hold DBAC · correct B -> B
          #6 C-3.2 PS3: A–D now hold CDAB · correct B -> D
          #7 C-3.2 PS3: A–D now hold CBDA · correct B -> B
          #9 C-3.2 PS4: A–D now hold DBCA · correct B -> B
          #10 C-3.2 PS4: A–D now hold BADC · correct B -> A
          #12 C-3.2 PS5: A–D now hold BCDA · correct B -> A
          #13 C-3.2 PS5: A–D now hold CBAD · correct B -> B

== report: genon/out/library_reports/science_vi_ch10_20260817_123814.md ==
deterministic checks: FAILURES — see report
Next: open a Cowork session and ask it to present this report for the human gate.
