$ /Library/Developer/CommandLineTools/usr/bin/python3 /Users/kumar_radhakrishnan/main/kumar/AI/aruvi-saas/genon/build_library.py science ix 13 --certify-only

canonical plans written: 200 on authored standards, 140 provisional
brief written: /Users/kumar_radhakrishnan/main/kumar/AI/aruvi-saas/genon/out/briefs/ch_13_top.txt

== STEP 2 · annotate master plan ==
brief written: /Users/kumar_radhakrishnan/main/kumar/AI/aruvi-saas/genon/out/briefs/ch_13_p07.txt
brief written: /Users/kumar_radhakrishnan/main/kumar/AI/aruvi-saas/genon/out/briefs/ch_13_p05.txt

== STEP 6 · arrange MCQ options ==
options arranged: 7 of 11 item(s) re-ordered this run. Nothing is written to the artefact (founder ruling 2026-08-04), so a 0 here means only that nothing was left to move — on a re-run that is expected, and it is NOT evidence the model arranged them unaided. Read this number on the FIRST pass of a freshly generated library or not at all.
      ch_13_canonical.json: 0 of 4 item(s) re-ordered
      ch_13_canonical_p05.json: 4 of 4 item(s) re-ordered
          #1 C-4.3 S1: A–D now hold ACDB · correct A -> A
          #2 C-4.3 S2: A–D now hold ACDB · correct A -> A
          #4 C-4.3 S4: A–D now hold ACBD · correct A -> A
          #6 C-4.3 S6: A–D now hold CDAB · correct A -> C
      ch_13_canonical_p07.json: 3 of 3 item(s) re-ordered
          #1 C-4.3 S1: A–D now hold DBAC · correct A -> C
          #2 C-4.3 S2: A–D now hold CDBA · correct A -> D
          #4 C-4.3 S4: A–D now hold CABD · correct A -> B

== report: genon/out/library_reports/science_ix_ch13_20260817_105917.md ==
deterministic checks: FAILURES — see report
Next: open a Cowork session and ask it to present this report for the human gate.
