$ /Library/Developer/CommandLineTools/usr/bin/python3 /Users/kumar_radhakrishnan/main/kumar/AI/aruvi-saas/genon/build_library.py science viii 11 --certify-only

canonical plans written: 235 on authored standards, 105 provisional
brief written: /Users/kumar_radhakrishnan/main/kumar/AI/aruvi-saas/genon/out/briefs/ch_11_top.txt

== STEP 2 · annotate master plan ==
brief written: /Users/kumar_radhakrishnan/main/kumar/AI/aruvi-saas/genon/out/briefs/ch_11_p13.txt
brief written: /Users/kumar_radhakrishnan/main/kumar/AI/aruvi-saas/genon/out/briefs/ch_11_p11.txt
brief written: /Users/kumar_radhakrishnan/main/kumar/AI/aruvi-saas/genon/out/briefs/ch_11_p09.txt

== STEP 6 · arrange MCQ options ==
options arranged: 8 of 8 item(s) re-ordered this run. Nothing is written to the artefact (founder ruling 2026-08-04), so a 0 here means only that nothing was left to move — on a re-run that is expected, and it is NOT evidence the model arranged them unaided. Read this number on the FIRST pass of a freshly generated library or not at all.
      ch_11_canonical.json: 8 of 8 item(s) re-ordered
          #1 C-2.5 PS1: A–D now hold CADB · correct A -> B
          #2 C-2.5 PS1: A–D now hold CDBA · correct A -> D
          #3 C-2.5 PS2: A–D now hold DCAB · correct A -> C
          #4 C-2.5 PS2: A–D now hold DBCA · correct A -> D
          #6 C-2.5 PS3: A–D now hold BACD · correct A -> B
          #7 C-2.5 PS3: A–D now hold BACD · correct A -> B
          #9 C-2.5 PS4: A–D now hold DBCA · correct A -> D
          #10 C-2.5 PS4: A–D now hold BADC · correct A -> B

== report: genon/out/library_reports/science_viii_ch11_20260817_115439.md ==
deterministic checks: FAILURES — see report
Next: open a Cowork session and ask it to present this report for the human gate.
