$ /Library/Developer/CommandLineTools/usr/bin/python3 /Users/kumar_radhakrishnan/main/kumar/AI/aruvi-saas/genon/build_library.py mathematics iii 3 --certify-only

canonical plans written: 322 on authored standards, 18 provisional
brief written: /Users/kumar_radhakrishnan/main/kumar/AI/aruvi-saas/genon/out/briefs/ch_03_top.txt

== STEP 2 · annotate master plan ==
brief written: /Users/kumar_radhakrishnan/main/kumar/AI/aruvi-saas/genon/out/briefs/ch_03_p11.txt
brief written: /Users/kumar_radhakrishnan/main/kumar/AI/aruvi-saas/genon/out/briefs/ch_03_p08.txt

== STEP 6 · arrange MCQ options ==
options arranged: 8 of 11 item(s) re-ordered this run. Nothing is written to the artefact (founder ruling 2026-08-04), so a 0 here means only that nothing was left to move — on a re-run that is expected, and it is NOT evidence the model arranged them unaided. Read this number on the FIRST pass of a freshly generated library or not at all.
      ch_03_canonical.json: 8 of 11 item(s) re-ordered
          #2 None #2: A–D now hold ABDC · correct B -> B
          #5 None #5: A–D now hold ACDB · correct B -> D
          #7 None #7: A–D now hold ACBD · correct C -> B
          #8 None #8: A–D now hold ACBD · correct C -> B
          #10 None #10: A–D now hold ACBD · correct A -> A
          #12 None #12: A–D now hold ADCB · correct D -> B
          #15 None #15: A–D now hold ADBC · correct D -> B
          #17 None #17: A–D now hold ACBD · correct C -> B

== report: genon/out/library_reports/mathematics_iii_ch03_20260819_174026.md ==
deterministic checks: FAILURES — see report
Next: open a Cowork session and ask it to present this report for the human gate.
