$ /Library/Developer/CommandLineTools/usr/bin/python3 /Users/kumar_radhakrishnan/main/kumar/AI/aruvi-saas/genon/build_library.py social_sciences viii 1 --certify-only

canonical plans written: 188 on authored standards, 152 provisional
brief written: /Users/kumar_radhakrishnan/main/kumar/AI/aruvi-saas/genon/out/briefs/ch_01_top.txt

== STEP 2 · annotate master plan ==
brief written: /Users/kumar_radhakrishnan/main/kumar/AI/aruvi-saas/genon/out/briefs/ch_01_p09.txt
brief written: /Users/kumar_radhakrishnan/main/kumar/AI/aruvi-saas/genon/out/briefs/ch_01_p07.txt

== STEP 6 · arrange MCQ options ==
options arranged: 18 of 30 item(s) re-ordered this run. Nothing is written to the artefact (founder ruling 2026-08-04), so a 0 here means only that nothing was left to move — on a re-run that is expected, and it is NOT evidence the model arranged them unaided. Read this number on the FIRST pass of a freshly generated library or not at all.
      ch_01_canonical.json: 0 of 10 item(s) re-ordered
      ch_01_canonical_p07.json: 9 of 10 item(s) re-ordered
          #1 C-6.2 U3: A–D now hold CDAB · correct A -> C
          #2 C-6.2 U3: A–D now hold CBAD · correct B -> B
          #6 C-6.3 U5: A–D now hold CADB · correct B -> D
          #7 C-6.3 U6: A–D now hold DACB · correct B -> D
          #9 C-6.4 U5: A–D now hold DCAB · correct B -> D
          #11 C-10.1 U6: A–D now hold DCBA · correct B -> C
          #12 C-10.1 U7: A–D now hold BADC · correct B -> A
          #13 C-9.1 U4: A–D now hold CBDA · correct B -> B
          #14 C-9.1 U4: A–D now hold ADCB · correct B -> D
      ch_01_canonical_p09.json: 9 of 10 item(s) re-ordered
          #1 C-6.2 U3: A–D now hold ABDC · correct A -> A
          #6 C-6.3 U5: A–D now hold BDCA · correct A -> D
          #7 C-6.3 U8: A–D now hold DBAC · correct A -> C
          #9 C-6.4 U6: A–D now hold CDBA · correct A -> D
          #10 C-6.4 U6: A–D now hold BACD · correct A -> B
          #11 C-10.1 U7: A–D now hold ADBC · correct A -> A
          #12 C-10.1 U8: A–D now hold DBAC · correct A -> C
          #13 C-9.1 U4: A–D now hold CABD · correct A -> B
          #14 C-9.1 U4: A–D now hold DABC · correct A -> B
          #2 SKIPPED — cross-references an option label — left untouched, needs a human

== report: genon/out/library_reports/social_sciences_viii_ch01_20260816_101639.md ==
deterministic checks: ALL PASS
Next: open a Cowork session and ask it to present this report for the human gate.
