$ /Library/Developer/CommandLineTools/usr/bin/python3 /Users/kumar_radhakrishnan/main/kumar/AI/aruvi-saas/genon/build_library.py mathematics iv 5 --certify-only

canonical plans written: 323 on authored standards, 17 provisional
brief written: /Users/kumar_radhakrishnan/main/kumar/AI/aruvi-saas/genon/out/briefs/ch_05_top.txt

== STEP 2 · annotate master plan ==
brief written: /Users/kumar_radhakrishnan/main/kumar/AI/aruvi-saas/genon/out/briefs/ch_05_p11.txt
brief written: /Users/kumar_radhakrishnan/main/kumar/AI/aruvi-saas/genon/out/briefs/ch_05_p08.txt

== STEP 6 · arrange MCQ options ==
options arranged: 14 of 24 item(s) re-ordered this run. Nothing is written to the artefact (founder ruling 2026-08-04), so a 0 here means only that nothing was left to move — on a re-run that is expected, and it is NOT evidence the model arranged them unaided. Read this number on the FIRST pass of a freshly generated library or not at all.
      ch_05_canonical.json: 0 of 9 item(s) re-ordered
      ch_05_canonical_p08.json: 5 of 6 item(s) re-ordered
          #3 None #3: A–D now hold BACD · correct A -> B
          #7 None #7: A–D now hold BCAD · correct A -> C
          #11 None #11: A–D now hold DCBA · correct A -> D
          #13 None #13: A–D now hold BDAC · correct A -> C
          #14 None #14: A–D now hold ACBD · correct A -> A
      ch_05_canonical_p11.json: 9 of 9 item(s) re-ordered
          #3 None #3: A–D now hold ABDC · correct B -> B
          #7 None #7: A–D now hold CADB · correct B -> D
          #9 None #9: A–D now hold BDCA · correct B -> A
          #10 None #10: A–D now hold ACBD · correct C -> B
          #13 None #13: A–D now hold ACDB · correct B -> D
          #14 None #14: A–D now hold CBAD · correct B -> B
          #15 None #15: A–D now hold CDBA · correct C -> A
          #16 None #16: A–D now hold ACDB · correct C -> B
          #18 None #18: A–D now hold BCDA · correct C -> B

== report: genon/out/library_reports/mathematics_iv_ch05_20260820_104955.md ==
deterministic checks: FAILURES — see report
QUARANTINED (not servable): ch_05_canonical_p08.json
QUARANTINED (not servable): ch_05_canonical_p11.json
Next: open a Cowork session and ask it to present this report for the human gate.
