$ /Library/Developer/CommandLineTools/usr/bin/python3 /Users/kumar_radhakrishnan/main/kumar/AI/aruvi-saas/genon/build_library.py mathematics iii 9 --certify-only

canonical plans written: 323 on authored standards, 17 provisional
brief written: /Users/kumar_radhakrishnan/main/kumar/AI/aruvi-saas/genon/out/briefs/ch_09_top.txt

== STEP 2 · annotate master plan ==
brief written: /Users/kumar_radhakrishnan/main/kumar/AI/aruvi-saas/genon/out/briefs/ch_09_p11.txt
brief written: /Users/kumar_radhakrishnan/main/kumar/AI/aruvi-saas/genon/out/briefs/ch_09_p08.txt

== STEP 6 · arrange MCQ options ==
options arranged: 6 of 23 item(s) re-ordered this run. Nothing is written to the artefact (founder ruling 2026-08-04), so a 0 here means only that nothing was left to move — on a re-run that is expected, and it is NOT evidence the model arranged them unaided. Read this number on the FIRST pass of a freshly generated library or not at all.
      ch_09_canonical.json: 0 of 7 item(s) re-ordered
      ch_09_canonical_p08.json: 6 of 8 item(s) re-ordered
          #2 None #2: A–D now hold CABD · correct A -> B
          #7 None #7: A–D now hold ADCB · correct None -> None
          #9 None #9: A–D now hold ACBD · correct A -> A
          #10 None #10: A–D now hold DABC · correct B -> C
          #12 None #12: A–D now hold CABD · correct B -> C
          #18 None #18: A–D now hold BACD · correct C -> C
      ch_09_canonical_p11.json: 0 of 8 item(s) re-ordered

== report: genon/out/library_reports/mathematics_iii_ch09_20260820_124615.md ==
deterministic checks: FAILURES — see report
Next: open a Cowork session and ask it to present this report for the human gate.
