$ /Library/Developer/CommandLineTools/usr/bin/python3 /Users/kumar_radhakrishnan/main/kumar/AI/aruvi-saas/genon/build_library.py mathematics iii 10 --certify-only

canonical plans written: 320 on authored standards, 20 provisional
brief written: /Users/kumar_radhakrishnan/main/kumar/AI/aruvi-saas/genon/out/briefs/ch_10_top.txt

== STEP 2 · annotate master plan ==
brief written: /Users/kumar_radhakrishnan/main/kumar/AI/aruvi-saas/genon/out/briefs/ch_10_p11.txt
brief written: /Users/kumar_radhakrishnan/main/kumar/AI/aruvi-saas/genon/out/briefs/ch_10_p08.txt

== STEP 6 · arrange MCQ options ==
options arranged: 8 of 9 item(s) re-ordered this run. Nothing is written to the artefact (founder ruling 2026-08-04), so a 0 here means only that nothing was left to move — on a re-run that is expected, and it is NOT evidence the model arranged them unaided. Read this number on the FIRST pass of a freshly generated library or not at all.
      ch_10_canonical.json: 8 of 9 item(s) re-ordered
          #1 None #1: A–D now hold DBAC · correct B -> B
          #4 None #4: A–D now hold ACDB · correct B -> D
          #5 None #5: A–D now hold ACDB · correct C -> B
          #7 None #7: A–D now hold BACD · correct B -> A
          #8 None #8: A–D now hold DCAB · correct B -> D
          #14 None #14: A–D now hold BCAD · correct B -> A
          #16 None #16: A–D now hold DABC · correct C -> D
          #17 None #17: A–D now hold ACDB · correct D -> C

== report: genon/out/library_reports/mathematics_iii_ch10_20260819_174028.md ==
deterministic checks: FAILURES — see report
Next: open a Cowork session and ask it to present this report for the human gate.
