$ /Library/Developer/CommandLineTools/usr/bin/python3 /Users/kumar_radhakrishnan/main/kumar/AI/aruvi-saas/genon/build_library.py social_sciences vii 7 --certify-only

canonical plans written: 188 on authored standards, 152 provisional
brief written: /Users/kumar_radhakrishnan/main/kumar/AI/aruvi-saas/genon/out/briefs/ch_07_top.txt

== STEP 2 · annotate master plan ==
brief written: /Users/kumar_radhakrishnan/main/kumar/AI/aruvi-saas/genon/out/briefs/ch_07_p15.txt
brief written: /Users/kumar_radhakrishnan/main/kumar/AI/aruvi-saas/genon/out/briefs/ch_07_p11.txt

== STEP 6 · arrange MCQ options ==
options arranged: 10 of 10 item(s) re-ordered this run. Nothing is written to the artefact (founder ruling 2026-08-04), so a 0 here means only that nothing was left to move — on a re-run that is expected, and it is NOT evidence the model arranged them unaided. Read this number on the FIRST pass of a freshly generated library or not at all.
      ch_07_canonical.json: 10 of 10 item(s) re-ordered
          #1 C-2.1 U2: A–D now hold BCAD · correct B -> A
          #2 C-2.1 U13: A–D now hold CADB · correct B -> D
          #6 C-10.1 U9: A–D now hold CDBA · correct B -> C
          #7 C-10.1 U11: A–D now hold BCAD · correct B -> A
          #9 C-3.1 U16: A–D now hold ADCB · correct B -> D
          #10 C-3.1 U5: A–D now hold BCDA · correct B -> A
          #11 C-9.1 U7: A–D now hold BADC · correct B -> A
          #12 C-9.1 U7: A–D now hold CDAB · correct B -> D
          #13 C-1.1 U3: A–D now hold CDAB · correct B -> D
          #14 C-1.1 U5: A–D now hold CADB · correct B -> D

== report: genon/out/library_reports/social_sciences_vii_ch07_20260816_092042.md ==
deterministic checks: FAILURES — see report
Next: open a Cowork session and ask it to present this report for the human gate.
