$ /Library/Developer/CommandLineTools/usr/bin/python3 /Users/kumar_radhakrishnan/main/kumar/AI/aruvi-saas/genon/build_library.py mathematics v 11 --certify-only

canonical plans written: 323 on authored standards, 17 provisional
brief written: /Users/kumar_radhakrishnan/main/kumar/AI/aruvi-saas/genon/out/briefs/ch_11_top.txt

== STEP 2 · annotate master plan ==
brief written: /Users/kumar_radhakrishnan/main/kumar/AI/aruvi-saas/genon/out/briefs/ch_11_p09.txt
brief written: /Users/kumar_radhakrishnan/main/kumar/AI/aruvi-saas/genon/out/briefs/ch_11_p07.txt

== STEP 6 · arrange MCQ options ==
options arranged: 6 of 17 item(s) re-ordered this run. Nothing is written to the artefact (founder ruling 2026-08-04), so a 0 here means only that nothing was left to move — on a re-run that is expected, and it is NOT evidence the model arranged them unaided. Read this number on the FIRST pass of a freshly generated library or not at all.
      ch_11_canonical.json: 0 of 6 item(s) re-ordered
      ch_11_canonical_p07.json: 6 of 6 item(s) re-ordered
          #1 None #1: A–D now hold ADBC · correct B -> C
          #3 None #3: A–D now hold DBCA · correct C -> C
          #4 None #4: A–D now hold ADBC · correct B -> C
          #7 None #7: A–D now hold BCDA · correct B -> A
          #10 None #10: A–D now hold CABD · correct B -> C
          #11 None #11: A–D now hold CABD · correct B -> C
      ch_11_canonical_p09.json: 0 of 5 item(s) re-ordered

== report: genon/out/library_reports/mathematics_v_ch11_20260820_124627.md ==
deterministic checks: FAILURES — see report
QUARANTINED (not servable): ch_11_canonical_p07.json
Next: open a Cowork session and ask it to present this report for the human gate.
