$ /Library/Developer/CommandLineTools/usr/bin/python3 /Users/kumar_radhakrishnan/main/kumar/AI/aruvi-saas/genon/build_library.py science ix 8 --certify-only

canonical plans written: 200 on authored standards, 140 provisional
brief written: /Users/kumar_radhakrishnan/main/kumar/AI/aruvi-saas/genon/out/briefs/ch_08_top.txt

== STEP 2 · annotate master plan ==
brief written: /Users/kumar_radhakrishnan/main/kumar/AI/aruvi-saas/genon/out/briefs/ch_08_p10.txt
brief written: /Users/kumar_radhakrishnan/main/kumar/AI/aruvi-saas/genon/out/briefs/ch_08_p07.txt

== STEP 6 · arrange MCQ options ==
options arranged: 5 of 15 item(s) re-ordered this run. Nothing is written to the artefact (founder ruling 2026-08-04), so a 0 here means only that nothing was left to move — on a re-run that is expected, and it is NOT evidence the model arranged them unaided. Read this number on the FIRST pass of a freshly generated library or not at all.
      ch_08_canonical.json: 0 of 5 item(s) re-ordered
      ch_08_canonical_p07.json: 5 of 5 item(s) re-ordered
          #1 C-1.1 S1: A–D now hold DBCA · correct B -> B
          #2 C-1.1 S2: A–D now hold DBAC · correct B -> B
          #4 C-1.1 S4: A–D now hold DABC · correct B -> C
          #6 C-1.1 S6: A–D now hold ACDB · correct B -> D
          #9 C-1.1 S9: A–D now hold DCBA · correct B -> C
      ch_08_canonical_p10.json: 0 of 5 item(s) re-ordered

== report: genon/out/library_reports/science_ix_ch08_20260817_105915.md ==
deterministic checks: FAILURES — see report
QUARANTINED (not servable): ch_08_canonical_p07.json
Next: open a Cowork session and ask it to present this report for the human gate.
