$ /Library/Developer/CommandLineTools/usr/bin/python3 /Users/kumar_radhakrishnan/main/kumar/AI/aruvi-saas/genon/build_library.py social_sciences viii 13 --certify-only

canonical plans written: 188 on authored standards, 152 provisional
brief written: /Users/kumar_radhakrishnan/main/kumar/AI/aruvi-saas/genon/out/briefs/ch_13_top.txt

== STEP 2 · annotate master plan ==
brief written: /Users/kumar_radhakrishnan/main/kumar/AI/aruvi-saas/genon/out/briefs/ch_13_p09.txt
brief written: /Users/kumar_radhakrishnan/main/kumar/AI/aruvi-saas/genon/out/briefs/ch_13_p07.txt

== STEP 6 · arrange MCQ options ==
options arranged: 19 of 30 item(s) re-ordered this run. Nothing is written to the artefact (founder ruling 2026-08-04), so a 0 here means only that nothing was left to move — on a re-run that is expected, and it is NOT evidence the model arranged them unaided. Read this number on the FIRST pass of a freshly generated library or not at all.
      ch_13_canonical.json: 0 of 10 item(s) re-ordered
      ch_13_canonical_p07.json: 10 of 10 item(s) re-ordered
          #1 C-9.1 U1: A–D now hold BACD · correct A -> B
          #2 C-9.1 U7: A–D now hold BDAC · correct B -> A
          #6 C-1.2 U2: A–D now hold ADBC · correct A -> A
          #7 C-1.2 U5: A–D now hold CDBA · correct B -> C
          #9 C-5.1 U6: A–D now hold CBDA · correct B -> B
          #10 C-5.1 U6: A–D now hold BDAC · correct B -> A
          #11 C-6.2 U1: A–D now hold BCAD · correct B -> A
          #12 C-6.2 U2: A–D now hold BDCA · correct B -> A
          #13 C-10.1 U7: A–D now hold ACBD · correct B -> C
          #14 C-10.1 U7: A–D now hold BCAD · correct B -> A
      ch_13_canonical_p09.json: 9 of 10 item(s) re-ordered
          #1 C-9.1 U1: A–D now hold CDAB · correct A -> C
          #2 C-9.1 U8: A–D now hold CBDA · correct A -> D
          #6 C-1.2 U2: A–D now hold BACD · correct A -> B
          #7 C-1.2 U5: A–D now hold BDCA · correct A -> D
          #9 C-5.1 U7: A–D now hold ACDB · correct A -> A
          #10 C-5.1 U9: A–D now hold ADBC · correct A -> A
          #12 C-6.2 U4: A–D now hold DACB · correct A -> B
          #13 C-10.1 U9: A–D now hold BCDA · correct A -> D
          #14 C-10.1 U9: A–D now hold CBAD · correct A -> C

== report: genon/out/library_reports/social_sciences_viii_ch13_20260816_101643.md ==
deterministic checks: FAILURES — see report
Next: open a Cowork session and ask it to present this report for the human gate.
