$ /Library/Developer/CommandLineTools/usr/bin/python3 /Users/kumar_radhakrishnan/main/kumar/AI/aruvi-saas/genon/build_library.py social_sciences vii 2 --certify-only

canonical plans written: 188 on authored standards, 152 provisional
brief written: /Users/kumar_radhakrishnan/main/kumar/AI/aruvi-saas/genon/out/briefs/ch_02_top.txt

== STEP 2 · annotate master plan ==
brief written: /Users/kumar_radhakrishnan/main/kumar/AI/aruvi-saas/genon/out/briefs/ch_02_p07.txt
brief written: /Users/kumar_radhakrishnan/main/kumar/AI/aruvi-saas/genon/out/briefs/ch_02_p05.txt

== STEP 6 · arrange MCQ options ==
options arranged: 6 of 12 item(s) re-ordered this run. Nothing is written to the artefact (founder ruling 2026-08-04), so a 0 here means only that nothing was left to move — on a re-run that is expected, and it is NOT evidence the model arranged them unaided. Read this number on the FIRST pass of a freshly generated library or not at all.
      ch_02_canonical.json: 0 of 4 item(s) re-ordered
      ch_02_canonical_p05.json: 2 of 4 item(s) re-ordered
          #2 C-6.1 U2: A–D now hold CBDA · correct B -> B
          #6 C-1.2 U2: A–D now hold ABDC · correct B -> B
      ch_02_canonical_p07.json: 4 of 4 item(s) re-ordered
          #1 C-6.1 U1: A–D now hold DCAB · correct C -> B
          #2 C-6.1 U2: A–D now hold DABC · correct B -> C
          #6 C-1.2 U3: A–D now hold CABD · correct B -> C
          #7 C-1.2 U3: A–D now hold ADBC · correct A -> A

== report: genon/out/library_reports/social_sciences_vii_ch02_20260816_101635.md ==
deterministic checks: FAILURES — see report
Next: open a Cowork session and ask it to present this report for the human gate.
