$ /Library/Developer/CommandLineTools/usr/bin/python3 /Users/kumar_radhakrishnan/main/kumar/AI/aruvi-saas/genon/build_library.py mathematics v 8 --certify-only

canonical plans written: 323 on authored standards, 17 provisional
brief written: /Users/kumar_radhakrishnan/main/kumar/AI/aruvi-saas/genon/out/briefs/ch_08_top.txt

== STEP 2 · annotate master plan ==
brief written: /Users/kumar_radhakrishnan/main/kumar/AI/aruvi-saas/genon/out/briefs/ch_08_p11.txt
brief written: /Users/kumar_radhakrishnan/main/kumar/AI/aruvi-saas/genon/out/briefs/ch_08_p08.txt

== STEP 6 · arrange MCQ options ==
options arranged: 7 of 13 item(s) re-ordered this run. Nothing is written to the artefact (founder ruling 2026-08-04), so a 0 here means only that nothing was left to move — on a re-run that is expected, and it is NOT evidence the model arranged them unaided. Read this number on the FIRST pass of a freshly generated library or not at all.
      ch_08_canonical.json: 0 of 5 item(s) re-ordered
      ch_08_canonical_p08.json: 7 of 8 item(s) re-ordered
          #1 None #1: A–D now hold CABD · correct B -> C
          #3 None #3: A–D now hold BDCA · correct C -> C
          #4 None #4: A–D now hold CABD · correct C -> A
          #5 None #5: A–D now hold ACBD · correct A -> A
          #7 None #7: A–D now hold DCAB · correct C -> B
          #8 None #8: A–D now hold BCDA · correct B -> A
          #9 None #9: A–D now hold CABD · correct C -> A

== report: genon/out/library_reports/mathematics_v_ch08_20260820_105001.md ==
deterministic checks: FAILURES — see report
Next: open a Cowork session and ask it to present this report for the human gate.
