$ /Library/Developer/CommandLineTools/usr/bin/python3 /Users/kumar_radhakrishnan/main/kumar/AI/aruvi-saas/genon/build_library.py science vii 7 --certify-only

canonical plans written: 236 on authored standards, 104 provisional
brief written: /Users/kumar_radhakrishnan/main/kumar/AI/aruvi-saas/genon/out/briefs/ch_07_top.txt

== STEP 2 · annotate master plan ==
brief written: /Users/kumar_radhakrishnan/main/kumar/AI/aruvi-saas/genon/out/briefs/ch_07_p12.txt
brief written: /Users/kumar_radhakrishnan/main/kumar/AI/aruvi-saas/genon/out/briefs/ch_07_p10.txt
brief written: /Users/kumar_radhakrishnan/main/kumar/AI/aruvi-saas/genon/out/briefs/ch_07_p08.txt

== STEP 6 · arrange MCQ options ==
options arranged: 26 of 36 item(s) re-ordered this run. Nothing is written to the artefact (founder ruling 2026-08-04), so a 0 here means only that nothing was left to move — on a re-run that is expected, and it is NOT evidence the model arranged them unaided. Read this number on the FIRST pass of a freshly generated library or not at all.
      ch_07_canonical.json: 0 of 10 item(s) re-ordered
      ch_07_canonical_p08.json: 8 of 8 item(s) re-ordered
          #1 C-1.3 PS1: A–D now hold BDCA · correct A -> D
          #2 C-1.3 PS1: A–D now hold CADB · correct A -> B
          #3 C-1.4 PS2: A–D now hold DABC · correct A -> B
          #4 C-1.4 PS2: A–D now hold DBAC · correct A -> C
          #6 C-1.4 PS3: A–D now hold CBAD · correct A -> C
          #7 C-1.4 PS3: A–D now hold ACBD · correct A -> A
          #9 C-1.4 PS4: A–D now hold BCDA · correct A -> D
          #10 C-1.4 PS4: A–D now hold DBAC · correct A -> C
      ch_07_canonical_p10.json: 10 of 10 item(s) re-ordered
          #1 C-1.4 PS1: A–D now hold DCAB · correct A -> C
          #2 C-1.4 PS1: A–D now hold DCAB · correct B -> D
          #3 C-1.3 PS2: A–D now hold DBAC · correct A -> C
          #4 C-1.3 PS2: A–D now hold CABD · correct A -> B
          #6 C-1.4 PS3: A–D now hold ABDC · correct A -> A
          #7 C-1.4 PS3: A–D now hold DABC · correct A -> B
          #9 C-1.4 PS4: A–D now hold CABD · correct A -> B
          #10 C-1.4 PS4: A–D now hold BADC · correct A -> B
          #12 C-1.4 PS5: A–D now hold BCDA · correct A -> D
          #13 C-1.4 PS5: A–D now hold DCAB · correct A -> C
      ch_07_canonical_p12.json: 8 of 8 item(s) re-ordered
          #1 C-1.4 PS1: A–D now hold CDAB · correct A -> C
          #2 C-1.4 PS1: A–D now hold ACDB · correct A -> A
          #3 C-1.3 PS2: A–D now hold CDBA · correct A -> D
          #4 C-1.4 PS2: A–D now hold ACDB · correct A -> A
          #6 C-1.4 PS3: A–D now hold DCAB · correct A -> C
          #7 C-1.4 PS3: A–D now hold CBAD · correct A -> C
          #9 C-1.4 PS4: A–D now hold ADCB · correct A -> A
          #10 C-1.3 PS4: A–D now hold ADCB · correct A -> A

== report: genon/out/library_reports/science_vii_ch07_20260817_123817.md ==
deterministic checks: ALL PASS
Next: open a Cowork session and ask it to present this report for the human gate.
