$ /Library/Developer/CommandLineTools/usr/bin/python3 /Users/kumar_radhakrishnan/main/kumar/AI/aruvi-saas/genon/build_library.py social_sciences viii 14 --certify-only

canonical plans written: 188 on authored standards, 152 provisional
brief written: /Users/kumar_radhakrishnan/main/kumar/AI/aruvi-saas/genon/out/briefs/ch_14_top.txt

== STEP 2 · annotate master plan ==
brief written: /Users/kumar_radhakrishnan/main/kumar/AI/aruvi-saas/genon/out/briefs/ch_14_p12.txt
brief written: /Users/kumar_radhakrishnan/main/kumar/AI/aruvi-saas/genon/out/briefs/ch_14_p09.txt

== STEP 6 · arrange MCQ options ==
options arranged: 23 of 36 item(s) re-ordered this run. Nothing is written to the artefact (founder ruling 2026-08-04), so a 0 here means only that nothing was left to move — on a re-run that is expected, and it is NOT evidence the model arranged them unaided. Read this number on the FIRST pass of a freshly generated library or not at all.
      ch_14_canonical.json: 0 of 12 item(s) re-ordered
      ch_14_canonical_p09.json: 11 of 12 item(s) re-ordered
          #1 C-9.1 U3: A–D now hold DABC · correct A -> B
          #2 C-9.1 U6: A–D now hold DBAC · correct A -> C
          #6 C-6.4 U3: A–D now hold ADCB · correct A -> A
          #7 C-6.4 U8: A–D now hold BCAD · correct A -> C
          #9 C-6.3 U6: A–D now hold BACD · correct A -> B
          #10 C-6.3 U9: A–D now hold ACDB · correct A -> A
          #12 C-7.1 U5: A–D now hold CADB · correct A -> B
          #13 C-7.1 U5: A–D now hold ADBC · correct A -> A
          #15 C-1.2 U2: A–D now hold ABDC · correct A -> A
          #16 C-1.2 U1: A–D now hold CBAD · correct A -> C
          #18 C-5.1 U6: A–D now hold ACBD · correct A -> A
      ch_14_canonical_p12.json: 12 of 12 item(s) re-ordered
          #1 C-9.1 U3: A–D now hold BCDA · correct A -> D
          #2 C-9.1 U5: A–D now hold BACD · correct B -> A
          #6 C-6.4 U3: A–D now hold ABDC · correct B -> B
          #7 C-6.4 U10: A–D now hold ADCB · correct C -> C
          #9 C-6.3 U8: A–D now hold DACB · correct B -> D
          #10 C-6.3 U7: A–D now hold DBAC · correct A -> C
          #12 C-7.1 U6: A–D now hold DABC · correct B -> C
          #13 C-7.1 U12: A–D now hold DCAB · correct B -> D
          #15 C-1.2 U2: A–D now hold CADB · correct C -> A
          #16 C-1.2 U10: A–D now hold DBCA · correct B -> B
          #17 C-5.1 U7: A–D now hold BCAD · correct B -> A
          #18 C-5.1 U9: A–D now hold DABC · correct B -> C

== report: genon/out/library_reports/social_sciences_viii_ch14_20260816_101643.md ==
deterministic checks: FAILURES — see report
Next: open a Cowork session and ask it to present this report for the human gate.
