$ /Library/Developer/CommandLineTools/usr/bin/python3 /Users/kumar_radhakrishnan/main/kumar/AI/aruvi-saas/genon/build_library.py mathematics iii 4 --certify-only

canonical plans written: 323 on authored standards, 17 provisional
brief written: /Users/kumar_radhakrishnan/main/kumar/AI/aruvi-saas/genon/out/briefs/ch_04_top.txt

== STEP 2 · annotate master plan ==
brief written: /Users/kumar_radhakrishnan/main/kumar/AI/aruvi-saas/genon/out/briefs/ch_04_p09.txt
brief written: /Users/kumar_radhakrishnan/main/kumar/AI/aruvi-saas/genon/out/briefs/ch_04_p07.txt

== STEP 6 · arrange MCQ options ==
options arranged: 8 of 16 item(s) re-ordered this run. Nothing is written to the artefact (founder ruling 2026-08-04), so a 0 here means only that nothing was left to move — on a re-run that is expected, and it is NOT evidence the model arranged them unaided. Read this number on the FIRST pass of a freshly generated library or not at all.
      ch_04_canonical.json: 0 of 6 item(s) re-ordered
      ch_04_canonical_p07.json: 3 of 5 item(s) re-ordered
          #8 None #8: A–D now hold DABC · correct A -> B
          #9 None #9: A–D now hold CDAB · correct A -> C
          #10 None #10: A–D now hold DBAC · correct A -> C
      ch_04_canonical_p09.json: 5 of 5 item(s) re-ordered
          #4 None #4: A–D now hold DABC · correct A -> B
          #7 None #7: A–D now hold ADBC · correct A -> A
          #10 None #10: A–D now hold ACDB · correct A -> A
          #12 None #12: A–D now hold BDAC · correct A -> C
          #13 None #13: A–D now hold DBAC · correct A -> C

== report: genon/out/library_reports/mathematics_iii_ch04_20260820_104950.md ==
deterministic checks: FAILURES — see report
QUARANTINED (not servable): ch_04_canonical_p07.json
Next: open a Cowork session and ask it to present this report for the human gate.
