$ /Library/Developer/CommandLineTools/usr/bin/python3 /Users/kumar_radhakrishnan/main/kumar/AI/aruvi-saas/genon/build_library.py the_world_around_us iii 10 --certify-only

canonical plans written: 40 on authored standards, 300 provisional
brief written: /Users/kumar_radhakrishnan/main/kumar/AI/aruvi-saas/genon/out/briefs/ch_10_top.txt

== STEP 2 · annotate master plan ==
brief written: /Users/kumar_radhakrishnan/main/kumar/AI/aruvi-saas/genon/out/briefs/ch_10_p08.txt
brief written: /Users/kumar_radhakrishnan/main/kumar/AI/aruvi-saas/genon/out/briefs/ch_10_p06.txt

== STEP 6 · arrange MCQ options ==
options arranged: 6 of 10 item(s) re-ordered this run. Nothing is written to the artefact (founder ruling 2026-08-04), so a 0 here means only that nothing was left to move — on a re-run that is expected, and it is NOT evidence the model arranged them unaided. Read this number on the FIRST pass of a freshly generated library or not at all.
      ch_10_canonical.json: 0 of 4 item(s) re-ordered
      ch_10_canonical_p06.json: 3 of 3 item(s) re-ordered
          #1 C-1.1 U1: A–D now hold BCAD · correct A -> C
          #2 C-7.1 U2: A–D now hold DCBA · correct B -> C
          #5 C-7.2 U5: A–D now hold BCDA · correct C -> B
      ch_10_canonical_p08.json: 3 of 3 item(s) re-ordered
          #2 C-7.1 U2: A–D now hold DCBA · correct C -> B
          #6 C-7.1 U6: A–D now hold BACD · correct B -> A
          #8 C-7.2 U8: A–D now hold CDBA · correct B -> C

== report: genon/out/library_reports/the_world_around_us_iii_ch10_20260812_145759.md ==
deterministic checks: ALL PASS
Next: open a Cowork session and ask it to present this report for the human gate.
