$ /Library/Developer/CommandLineTools/usr/bin/python3 /Users/kumar_radhakrishnan/main/kumar/AI/aruvi-saas/genon/build_library.py social_sciences viii 5 --certify-only

canonical plans written: 188 on authored standards, 152 provisional
brief written: /Users/kumar_radhakrishnan/main/kumar/AI/aruvi-saas/genon/out/briefs/ch_05_top.txt

== STEP 2 · annotate master plan ==
brief written: /Users/kumar_radhakrishnan/main/kumar/AI/aruvi-saas/genon/out/briefs/ch_05_p10.txt
brief written: /Users/kumar_radhakrishnan/main/kumar/AI/aruvi-saas/genon/out/briefs/ch_05_p07.txt

== STEP 6 · arrange MCQ options ==
options arranged: 12 of 12 item(s) re-ordered this run. Nothing is written to the artefact (founder ruling 2026-08-04), so a 0 here means only that nothing was left to move — on a re-run that is expected, and it is NOT evidence the model arranged them unaided. Read this number on the FIRST pass of a freshly generated library or not at all.
      ch_05_canonical.json: 12 of 12 item(s) re-ordered
          #1 C-4.1 U1: A–D now hold CDAB · correct B -> D
          #2 C-4.1 U6: A–D now hold CDBA · correct A -> D
          #6 C-5.2 U2: A–D now hold DCBA · correct B -> C
          #7 C-5.2 U11: A–D now hold ACBD · correct B -> C
          #9 C-4.2 U11: A–D now hold BADC · correct B -> A
          #10 C-4.2 U7: A–D now hold BACD · correct B -> A
          #11 C-8.3 U3: A–D now hold CBAD · correct B -> B
          #12 C-8.3 U3: A–D now hold CBAD · correct B -> B
          #13 C-5.1 U2: A–D now hold BCDA · correct B -> A
          #14 C-5.1 U5: A–D now hold BDAC · correct B -> A
          #15 C-10.1 U4: A–D now hold DBAC · correct B -> B
          #16 C-10.1 U5: A–D now hold ACDB · correct B -> D

== report: genon/out/library_reports/social_sciences_viii_ch05_20260816_092045.md ==
deterministic checks: FAILURES — see report
Next: open a Cowork session and ask it to present this report for the human gate.
