$ /Library/Developer/CommandLineTools/usr/bin/python3 /Users/kumar_radhakrishnan/main/kumar/AI/aruvi-saas/genon/build_library.py social_sciences vi 3 --certify-only

canonical plans written: 188 on authored standards, 152 provisional
brief written: /Users/kumar_radhakrishnan/main/kumar/AI/aruvi-saas/genon/out/briefs/ch_03_top.txt

== STEP 2 · annotate master plan ==
brief written: /Users/kumar_radhakrishnan/main/kumar/AI/aruvi-saas/genon/out/briefs/ch_03_p14.txt
brief written: /Users/kumar_radhakrishnan/main/kumar/AI/aruvi-saas/genon/out/briefs/ch_03_p10.txt

== STEP 6 · arrange MCQ options ==
options arranged: 19 of 29 item(s) re-ordered this run. Nothing is written to the artefact (founder ruling 2026-08-04), so a 0 here means only that nothing was left to move — on a re-run that is expected, and it is NOT evidence the model arranged them unaided. Read this number on the FIRST pass of a freshly generated library or not at all.
      ch_03_canonical.json: 0 of 10 item(s) re-ordered
      ch_03_canonical_p10.json: 9 of 9 item(s) re-ordered
          #1 C-6.4 U3: A–D now hold BACD · correct B -> A
          #2 C-6.4 U4: A–D now hold BDCA · correct C -> C
          #6 C-6.1 U2: A–D now hold ACDB · correct B -> D
          #7 C-6.1 U6: A–D now hold CBAD · correct B -> B
          #9 C-7.2 U1: A–D now hold BADC · correct B -> A
          #10 C-7.2 U5: A–D now hold DBAC · correct B -> B
          #11 C-6.2 U5: A–D now hold DBAC · correct B -> B
          #12 C-7.1 U4: A–D now hold ACDB · correct B -> D
          #13 C-7.1 U8: A–D now hold ADBC · correct B -> C
      ch_03_canonical_p14.json: 10 of 10 item(s) re-ordered
          #1 C-6.4 U3: A–D now hold BCAD · correct B -> A
          #2 C-6.4 U9: A–D now hold BDCA · correct C -> C
          #6 C-6.1 U2: A–D now hold ADBC · correct A -> A
          #7 C-6.1 U8: A–D now hold DBAC · correct B -> B
          #9 C-7.2 U2: A–D now hold ADBC · correct B -> C
          #10 C-7.2 U13: A–D now hold DACB · correct B -> D
          #12 C-6.2 U6: A–D now hold DBCA · correct C -> C
          #13 C-6.2 U6: A–D now hold BDCA · correct B -> A
          #14 C-7.1 U5: A–D now hold BDAC · correct B -> A
          #15 C-7.1 U4: A–D now hold DACB · correct B -> D

== report: genon/out/library_reports/social_sciences_vi_ch03_20260816_101630.md ==
deterministic checks: FAILURES — see report
Next: open a Cowork session and ask it to present this report for the human gate.
