$ /Library/Developer/CommandLineTools/usr/bin/python3 /Users/kumar_radhakrishnan/main/kumar/AI/aruvi-saas/genon/build_library.py mathematics iii 8 --certify-only

canonical plans written: 323 on authored standards, 17 provisional
brief written: /Users/kumar_radhakrishnan/main/kumar/AI/aruvi-saas/genon/out/briefs/ch_08_top.txt

== STEP 2 · annotate master plan ==
brief written: /Users/kumar_radhakrishnan/main/kumar/AI/aruvi-saas/genon/out/briefs/ch_08_p08.txt
brief written: /Users/kumar_radhakrishnan/main/kumar/AI/aruvi-saas/genon/out/briefs/ch_08_p06.txt

== STEP 6 · arrange MCQ options ==
options arranged: 8 of 17 item(s) re-ordered this run. Nothing is written to the artefact (founder ruling 2026-08-04), so a 0 here means only that nothing was left to move — on a re-run that is expected, and it is NOT evidence the model arranged them unaided. Read this number on the FIRST pass of a freshly generated library or not at all.
      ch_08_canonical.json: 0 of 7 item(s) re-ordered
      ch_08_canonical_p06.json: 8 of 10 item(s) re-ordered
          #3 None #3: A–D now hold CBDA · correct A -> D
          #7 None #7: A–D now hold DCBA · correct C -> B
          #9 None #9: A–D now hold BACD · correct B -> A
          #10 None #10: A–D now hold BACD · correct C -> C
          #14 None #14: A–D now hold ACBD · correct A -> A
          #15 None #15: A–D now hold ABDC · correct B -> B
          #16 None #16: A–D now hold ACBD · correct A -> A
          #19 None #19: A–D now hold DABC · correct C -> D

== report: genon/out/library_reports/mathematics_iii_ch08_20260820_104951.md ==
deterministic checks: FAILURES — see report
Next: open a Cowork session and ask it to present this report for the human gate.
