$ /Library/Developer/CommandLineTools/usr/bin/python3 /Users/kumar_radhakrishnan/main/kumar/AI/aruvi-saas/genon/build_library.py mathematics v 10 --certify-only

canonical plans written: 323 on authored standards, 17 provisional
brief written: /Users/kumar_radhakrishnan/main/kumar/AI/aruvi-saas/genon/out/briefs/ch_10_top.txt

== STEP 2 · annotate master plan ==
brief written: /Users/kumar_radhakrishnan/main/kumar/AI/aruvi-saas/genon/out/briefs/ch_10_p07.txt
brief written: /Users/kumar_radhakrishnan/main/kumar/AI/aruvi-saas/genon/out/briefs/ch_10_p05.txt

== STEP 6 · arrange MCQ options ==
options arranged: 11 of 18 item(s) re-ordered this run. Nothing is written to the artefact (founder ruling 2026-08-04), so a 0 here means only that nothing was left to move — on a re-run that is expected, and it is NOT evidence the model arranged them unaided. Read this number on the FIRST pass of a freshly generated library or not at all.
      ch_10_canonical.json: 0 of 5 item(s) re-ordered
      ch_10_canonical_p05.json: 4 of 6 item(s) re-ordered
          #4 None #4: A–D now hold DABC · correct C -> D
          #6 None #6: A–D now hold BADC · correct C -> D
          #8 None #8: A–D now hold ACDB · correct None -> None
          #10 None #10: A–D now hold DBAC · correct A -> C
      ch_10_canonical_p07.json: 7 of 7 item(s) re-ordered
          #2 None #2: A–D now hold ACBD · correct A -> A
          #6 None #6: A–D now hold CDAB · correct B -> D
          #7 None #7: A–D now hold DCAB · correct C -> B
          #9 None #9: A–D now hold CDAB · correct C -> A
          #10 None #10: A–D now hold ADBC · correct C -> D
          #12 None #12: A–D now hold ABDC · correct C -> D
          #15 None #15: A–D now hold CDAB · correct B -> D

== report: genon/out/library_reports/mathematics_v_ch10_20260820_105002.md ==
deterministic checks: FAILURES — see report
Next: open a Cowork session and ask it to present this report for the human gate.
