$ /Library/Developer/CommandLineTools/usr/bin/python3 /Users/kumar_radhakrishnan/main/kumar/AI/aruvi-saas/genon/build_library.py science vi 8 --certify-only

canonical plans written: 236 on authored standards, 104 provisional
brief written: /Users/kumar_radhakrishnan/main/kumar/AI/aruvi-saas/genon/out/briefs/ch_08_top.txt

== STEP 2 · annotate master plan ==
brief written: /Users/kumar_radhakrishnan/main/kumar/AI/aruvi-saas/genon/out/briefs/ch_08_p18.txt
brief written: /Users/kumar_radhakrishnan/main/kumar/AI/aruvi-saas/genon/out/briefs/ch_08_p16.txt
brief written: /Users/kumar_radhakrishnan/main/kumar/AI/aruvi-saas/genon/out/briefs/ch_08_p14.txt
brief written: /Users/kumar_radhakrishnan/main/kumar/AI/aruvi-saas/genon/out/briefs/ch_08_p12.txt

== STEP 6 · arrange MCQ options ==
options arranged: 9 of 10 item(s) re-ordered this run. Nothing is written to the artefact (founder ruling 2026-08-04), so a 0 here means only that nothing was left to move — on a re-run that is expected, and it is NOT evidence the model arranged them unaided. Read this number on the FIRST pass of a freshly generated library or not at all.
      ch_08_canonical.json: 9 of 10 item(s) re-ordered
          #1 C-1.2 PS1: A–D now hold CDAB · correct B -> D
          #2 C-1.2 PS1: A–D now hold DACB · correct B -> D
          #3 C-1.1 PS2: A–D now hold ADCB · correct B -> D
          #4 C-1.1 PS2: A–D now hold DACB · correct B -> D
          #7 C-1.2 PS3: A–D now hold BACD · correct B -> A
          #9 C-1.2 PS4: A–D now hold ADCB · correct B -> D
          #10 C-1.2 PS4: A–D now hold CBDA · correct B -> B
          #12 C-1.1 PS5: A–D now hold ABDC · correct B -> B
          #13 C-1.2 PS5: A–D now hold DBCA · correct C -> C

== report: genon/out/library_reports/science_vi_ch08_20260817_115432.md ==
deterministic checks: FAILURES — see report
QUARANTINED (not servable): ch_08_canonical.json
Next: open a Cowork session and ask it to present this report for the human gate.
