$ /Library/Developer/CommandLineTools/usr/bin/python3 /Users/kumar_radhakrishnan/main/kumar/AI/aruvi-saas/genon/build_library.py science ix 11 --certify-only

canonical plans written: 200 on authored standards, 140 provisional
brief written: /Users/kumar_radhakrishnan/main/kumar/AI/aruvi-saas/genon/out/briefs/ch_11_top.txt

== STEP 2 · annotate master plan ==
brief written: /Users/kumar_radhakrishnan/main/kumar/AI/aruvi-saas/genon/out/briefs/ch_11_p12.txt
brief written: /Users/kumar_radhakrishnan/main/kumar/AI/aruvi-saas/genon/out/briefs/ch_11_p09.txt

== STEP 6 · arrange MCQ options ==
options arranged: 9 of 16 item(s) re-ordered this run. Nothing is written to the artefact (founder ruling 2026-08-04), so a 0 here means only that nothing was left to move — on a re-run that is expected, and it is NOT evidence the model arranged them unaided. Read this number on the FIRST pass of a freshly generated library or not at all.
      ch_11_canonical.json: 0 of 7 item(s) re-ordered
      ch_11_canonical_p09.json: 5 of 5 item(s) re-ordered
          #1 C-3.2 S1: A–D now hold DBAC · correct A -> C
          #3 C-3.2 S3: A–D now hold DABC · correct A -> B
          #5 C-3.2 S6: A–D now hold CBAD · correct A -> C
          #7 C-3.2 S9: A–D now hold BCAD · correct A -> C
          #9 C-3.2 S13: A–D now hold DCAB · correct A -> C
      ch_11_canonical_p12.json: 4 of 4 item(s) re-ordered
          #1 C-3.2 S1: A–D now hold DABC · correct B -> C
          #3 C-3.2 S3: A–D now hold ADCB · correct B -> D
          #6 C-3.2 S6: A–D now hold BCAD · correct C -> B
          #12 C-3.2 S12: A–D now hold DBAC · correct C -> D

== report: genon/out/library_reports/science_ix_ch11_20260817_105916.md ==
deterministic checks: FAILURES — see report
Next: open a Cowork session and ask it to present this report for the human gate.
