$ /Library/Developer/CommandLineTools/usr/bin/python3 /Users/kumar_radhakrishnan/main/kumar/AI/aruvi-saas/genon/build_library.py social_sciences viii 13 --certify-only

canonical plans written: 188 on authored standards, 152 provisional
brief written: /Users/kumar_radhakrishnan/main/kumar/AI/aruvi-saas/genon/out/briefs/ch_13_top.txt

== STEP 2 · annotate master plan ==
brief written: /Users/kumar_radhakrishnan/main/kumar/AI/aruvi-saas/genon/out/briefs/ch_13_p09.txt
brief written: /Users/kumar_radhakrishnan/main/kumar/AI/aruvi-saas/genon/out/briefs/ch_13_p07.txt

== STEP 6 · arrange MCQ options ==
options arranged: 10 of 10 item(s) re-ordered this run. Nothing is written to the artefact (founder ruling 2026-08-04), so a 0 here means only that nothing was left to move — on a re-run that is expected, and it is NOT evidence the model arranged them unaided. Read this number on the FIRST pass of a freshly generated library or not at all.
      ch_13_canonical.json: 10 of 10 item(s) re-ordered
          #1 C-9.1 U1: A–D now hold DABC · correct A -> B
          #2 C-9.1 U9: A–D now hold CDAB · correct A -> C
          #6 C-1.2 U2: A–D now hold ABDC · correct A -> A
          #7 C-1.2 U6: A–D now hold ACBD · correct A -> A
          #9 C-5.1 U7: A–D now hold BCDA · correct A -> D
          #10 C-5.1 U9: A–D now hold DACB · correct A -> B
          #11 C-6.2 U1: A–D now hold BACD · correct A -> B
          #12 C-6.2 U4: A–D now hold DCAB · correct A -> C
          #13 C-10.1 U10: A–D now hold CBDA · correct A -> D
          #14 C-10.1 U11: A–D now hold CBAD · correct A -> C

== report: genon/out/library_reports/social_sciences_viii_ch13_20260816_092047.md ==
deterministic checks: FAILURES — see report
Next: open a Cowork session and ask it to present this report for the human gate.
