$ /Library/Developer/CommandLineTools/usr/bin/python3 /Users/kumar_radhakrishnan/main/kumar/AI/aruvi-saas/genon/build_library.py science viii 2 --certify-only

canonical plans written: 235 on authored standards, 105 provisional
brief written: /Users/kumar_radhakrishnan/main/kumar/AI/aruvi-saas/genon/out/briefs/ch_02_top.txt

== STEP 2 · annotate master plan ==
brief written: /Users/kumar_radhakrishnan/main/kumar/AI/aruvi-saas/genon/out/briefs/ch_02_p15.txt
brief written: /Users/kumar_radhakrishnan/main/kumar/AI/aruvi-saas/genon/out/briefs/ch_02_p13.txt
brief written: /Users/kumar_radhakrishnan/main/kumar/AI/aruvi-saas/genon/out/briefs/ch_02_p11.txt
brief written: /Users/kumar_radhakrishnan/main/kumar/AI/aruvi-saas/genon/out/briefs/ch_02_p09.txt

== STEP 6 · arrange MCQ options ==
options arranged: 9 of 10 item(s) re-ordered this run. Nothing is written to the artefact (founder ruling 2026-08-04), so a 0 here means only that nothing was left to move — on a re-run that is expected, and it is NOT evidence the model arranged them unaided. Read this number on the FIRST pass of a freshly generated library or not at all.
      ch_02_canonical.json: 9 of 10 item(s) re-ordered
          #1 C-3.2 PS1: A–D now hold CADB · correct A -> B
          #3 C-3.1 PS2: A–D now hold BCDA · correct A -> D
          #4 C-3.1 PS2: A–D now hold CBAD · correct A -> C
          #6 C-3.1 PS3: A–D now hold DBCA · correct A -> D
          #7 C-3.1 PS3: A–D now hold BCDA · correct A -> D
          #9 C-3.1 PS4: A–D now hold ACBD · correct A -> A
          #10 C-3.1 PS4: A–D now hold DCAB · correct A -> C
          #12 C-3.2 PS5: A–D now hold DBCA · correct A -> D
          #13 C-3.2 PS5: A–D now hold BDCA · correct A -> D

== report: genon/out/library_reports/science_viii_ch02_20260817_115436.md ==
deterministic checks: FAILURES — see report
Next: open a Cowork session and ask it to present this report for the human gate.
