$ /Library/Developer/CommandLineTools/usr/bin/python3 /Users/kumar_radhakrishnan/main/kumar/AI/aruvi-saas/genon/build_library.py science viii 9 --certify-only

canonical plans written: 235 on authored standards, 105 provisional
brief written: /Users/kumar_radhakrishnan/main/kumar/AI/aruvi-saas/genon/out/briefs/ch_09_top.txt

== STEP 2 · annotate master plan ==
brief written: /Users/kumar_radhakrishnan/main/kumar/AI/aruvi-saas/genon/out/briefs/ch_09_p15.txt
brief written: /Users/kumar_radhakrishnan/main/kumar/AI/aruvi-saas/genon/out/briefs/ch_09_p13.txt
brief written: /Users/kumar_radhakrishnan/main/kumar/AI/aruvi-saas/genon/out/briefs/ch_09_p11.txt
brief written: /Users/kumar_radhakrishnan/main/kumar/AI/aruvi-saas/genon/out/briefs/ch_09_p09.txt

== STEP 6 · arrange MCQ options ==
options arranged: 10 of 10 item(s) re-ordered this run. Nothing is written to the artefact (founder ruling 2026-08-04), so a 0 here means only that nothing was left to move — on a re-run that is expected, and it is NOT evidence the model arranged them unaided. Read this number on the FIRST pass of a freshly generated library or not at all.
      ch_09_canonical.json: 10 of 10 item(s) re-ordered
          #1 C-1.1 PS1: A–D now hold CADB · correct A -> B
          #2 C-1.1 PS1: A–D now hold DACB · correct A -> B
          #3 C-1.1 PS2: A–D now hold BDAC · correct A -> C
          #4 C-1.1 PS2: A–D now hold DABC · correct A -> B
          #6 C-1.1 PS3: A–D now hold DBCA · correct A -> D
          #7 C-1.1 PS3: A–D now hold CBAD · correct A -> C
          #8 C-1.3 PS4: A–D now hold CBAD · correct A -> C
          #9 C-1.3 PS4: A–D now hold BACD · correct A -> B
          #11 C-1.3 PS5: A–D now hold BACD · correct A -> B
          #12 C-1.3 PS5: A–D now hold BCAD · correct A -> C

== report: genon/out/library_reports/science_viii_ch09_20260817_115438.md ==
deterministic checks: FAILURES — see report
Next: open a Cowork session and ask it to present this report for the human gate.
