$ /Library/Developer/CommandLineTools/usr/bin/python3 /Users/kumar_radhakrishnan/main/kumar/AI/aruvi-saas/genon/build_library.py science vii 6 --certify-only

canonical plans written: 235 on authored standards, 105 provisional
brief written: /Users/kumar_radhakrishnan/main/kumar/AI/aruvi-saas/genon/out/briefs/ch_06_top.txt

== STEP 2 · annotate master plan ==
brief written: /Users/kumar_radhakrishnan/main/kumar/AI/aruvi-saas/genon/out/briefs/ch_06_p09.txt
brief written: /Users/kumar_radhakrishnan/main/kumar/AI/aruvi-saas/genon/out/briefs/ch_06_p07.txt

== STEP 6 · arrange MCQ options ==
options arranged: 8 of 8 item(s) re-ordered this run. Nothing is written to the artefact (founder ruling 2026-08-04), so a 0 here means only that nothing was left to move — on a re-run that is expected, and it is NOT evidence the model arranged them unaided. Read this number on the FIRST pass of a freshly generated library or not at all.
      ch_06_canonical.json: 8 of 8 item(s) re-ordered
          #1 C-4.3 PS1: A–D now hold ADBC · correct B -> C
          #2 C-4.3 PS1: A–D now hold DACB · correct B -> D
          #3 C-4.3 PS2: A–D now hold DACB · correct B -> D
          #4 C-4.3 PS2: A–D now hold DACB · correct B -> D
          #6 C-4.3 PS3: A–D now hold DBCA · correct B -> B
          #7 C-4.3 PS3: A–D now hold DACB · correct B -> D
          #9 C-4.3 PS4: A–D now hold ADCB · correct A -> A
          #10 C-4.3 PS4: A–D now hold ACBD · correct B -> C

== report: genon/out/library_reports/science_vii_ch06_20260817_115434.md ==
deterministic checks: FAILURES — see report
Next: open a Cowork session and ask it to present this report for the human gate.
