$ /Library/Developer/CommandLineTools/usr/bin/python3 /Users/kumar_radhakrishnan/main/kumar/AI/aruvi-saas/genon/build_library.py social_sciences viii 8 --certify-only

canonical plans written: 188 on authored standards, 152 provisional
brief written: /Users/kumar_radhakrishnan/main/kumar/AI/aruvi-saas/genon/out/briefs/ch_08_top.txt

== STEP 2 · annotate master plan ==
brief written: /Users/kumar_radhakrishnan/main/kumar/AI/aruvi-saas/genon/out/briefs/ch_08_p11.txt
brief written: /Users/kumar_radhakrishnan/main/kumar/AI/aruvi-saas/genon/out/briefs/ch_08_p08.txt

== STEP 6 · arrange MCQ options ==
options arranged: 20 of 30 item(s) re-ordered this run. Nothing is written to the artefact (founder ruling 2026-08-04), so a 0 here means only that nothing was left to move — on a re-run that is expected, and it is NOT evidence the model arranged them unaided. Read this number on the FIRST pass of a freshly generated library or not at all.
      ch_08_canonical.json: 0 of 10 item(s) re-ordered
      ch_08_canonical_p08.json: 10 of 10 item(s) re-ordered
          #1 C-6.1 U1: A–D now hold DCAB · correct A -> C
          #2 C-6.1 U8: A–D now hold BDCA · correct A -> D
          #6 C-1.2 U1: A–D now hold CBAD · correct A -> C
          #7 C-1.2 U4: A–D now hold DCAB · correct A -> C
          #9 C-6.3 U2: A–D now hold BCAD · correct A -> C
          #10 C-6.3 U6: A–D now hold BADC · correct A -> B
          #12 C-6.4 U5: A–D now hold CBDA · correct A -> D
          #13 C-6.4 U7: A–D now hold BDAC · correct A -> C
          #15 C-6.2 U5: A–D now hold DCAB · correct A -> C
          #16 C-6.2 U7: A–D now hold DACB · correct A -> B
      ch_08_canonical_p11.json: 10 of 10 item(s) re-ordered
          #1 C-6.1 U1: A–D now hold ACDB · correct A -> A
          #2 C-6.1 U3: A–D now hold CDAB · correct A -> C
          #6 C-1.2 U1: A–D now hold DACB · correct A -> B
          #7 C-1.2 U5: A–D now hold ABDC · correct A -> A
          #9 C-6.3 U4: A–D now hold BDCA · correct A -> D
          #10 C-6.3 U8: A–D now hold ADBC · correct A -> A
          #12 C-6.4 U6: A–D now hold BADC · correct A -> B
          #13 C-6.4 U7: A–D now hold CBAD · correct A -> C
          #15 C-6.2 U6: A–D now hold CBDA · correct A -> D
          #16 C-6.2 U11: A–D now hold CABD · correct A -> B

== report: genon/out/library_reports/social_sciences_viii_ch08_20260816_101641.md ==
deterministic checks: FAILURES — see report
QUARANTINED (not servable): ch_08_canonical_p08.json
QUARANTINED (not servable): ch_08_canonical_p11.json
Next: open a Cowork session and ask it to present this report for the human gate.
