$ /Library/Developer/CommandLineTools/usr/bin/python3 /Users/kumar_radhakrishnan/main/kumar/AI/aruvi-saas/genon/build_library.py science vi 4 --certify-only

canonical plans written: 243 on authored standards, 97 provisional
brief written: /Users/kumar_radhakrishnan/main/kumar/AI/aruvi-saas/genon/out/briefs/ch_04_top.txt

== STEP 2 · annotate master plan ==
brief written: /Users/kumar_radhakrishnan/main/kumar/AI/aruvi-saas/genon/out/briefs/ch_04_p12.txt
brief written: /Users/kumar_radhakrishnan/main/kumar/AI/aruvi-saas/genon/out/briefs/ch_04_p10.txt
brief written: /Users/kumar_radhakrishnan/main/kumar/AI/aruvi-saas/genon/out/briefs/ch_04_p08.txt

== STEP 6 · arrange MCQ options ==
options arranged: 0 of 38 item(s) re-ordered this run. Nothing is written to the artefact (founder ruling 2026-08-04), so a 0 here means only that nothing was left to move — on a re-run that is expected, and it is NOT evidence the model arranged them unaided. Read this number on the FIRST pass of a freshly generated library or not at all.
      ch_04_canonical.json: 0 of 12 item(s) re-ordered
          #10 SKIPPED — cross-references an option label — left untouched, needs a human
      ch_04_canonical_p08.json: 0 of 8 item(s) re-ordered
          #4 SKIPPED — cross-references an option label — left untouched, needs a human
      ch_04_canonical_p10.json: 0 of 8 item(s) re-ordered
          #9 SKIPPED — cross-references an option label — left untouched, needs a human
      ch_04_canonical_p12.json: 0 of 10 item(s) re-ordered
          #4 SKIPPED — cross-references an option label — left untouched, needs a human

== report: genon/out/library_reports/science_vi_ch04_20260818_165815.md ==
deterministic checks: ALL PASS
Next: open a Cowork session and ask it to present this report for the human gate.
