$ /Library/Developer/CommandLineTools/usr/bin/python3 /Users/kumar_radhakrishnan/main/kumar/AI/aruvi-saas/genon/build_library.py social_sciences vii 5 --certify-only

canonical plans written: 188 on authored standards, 152 provisional
brief written: /Users/kumar_radhakrishnan/main/kumar/AI/aruvi-saas/genon/out/briefs/ch_05_top.txt

== STEP 2 · annotate master plan ==
brief written: /Users/kumar_radhakrishnan/main/kumar/AI/aruvi-saas/genon/out/briefs/ch_05_p15.txt
brief written: /Users/kumar_radhakrishnan/main/kumar/AI/aruvi-saas/genon/out/briefs/ch_05_p11.txt

== STEP 6 · arrange MCQ options ==
options arranged: 10 of 10 item(s) re-ordered this run. Nothing is written to the artefact (founder ruling 2026-08-04), so a 0 here means only that nothing was left to move — on a re-run that is expected, and it is NOT evidence the model arranged them unaided. Read this number on the FIRST pass of a freshly generated library or not at all.
      ch_05_canonical.json: 10 of 10 item(s) re-ordered
          #1 C-2.1 U1: A–D now hold ACDB · correct B -> D
          #2 C-2.1 U15: A–D now hold BCAD · correct C -> B
          #6 C-3.1 U4: A–D now hold BCAD · correct B -> A
          #7 C-3.1 U14: A–D now hold CABD · correct B -> C
          #9 C-3.2 U7: A–D now hold DACB · correct C -> C
          #10 C-3.2 U11: A–D now hold ACBD · correct B -> C
          #11 C-4.1 U4: A–D now hold BCAD · correct B -> A
          #12 C-4.1 U10: A–D now hold BDCA · correct B -> A
          #13 C-10.1 U12: A–D now hold DCBA · correct B -> C
          #14 C-10.1 U16: A–D now hold DBCA · correct B -> B

== report: genon/out/library_reports/social_sciences_vii_ch05_20260816_092041.md ==
deterministic checks: FAILURES — see report
Next: open a Cowork session and ask it to present this report for the human gate.
