$ /Library/Developer/CommandLineTools/usr/bin/python3 /Users/kumar_radhakrishnan/main/kumar/AI/aruvi-saas/genon/build_library.py science ix 2 --certify-only

canonical plans written: 200 on authored standards, 140 provisional
brief written: /Users/kumar_radhakrishnan/main/kumar/AI/aruvi-saas/genon/out/briefs/ch_02_top.txt

== STEP 2 · annotate master plan ==
brief written: /Users/kumar_radhakrishnan/main/kumar/AI/aruvi-saas/genon/out/briefs/ch_02_p12.txt
brief written: /Users/kumar_radhakrishnan/main/kumar/AI/aruvi-saas/genon/out/briefs/ch_02_p09.txt

== STEP 6 · arrange MCQ options ==
options arranged: 11 of 16 item(s) re-ordered this run. Nothing is written to the artefact (founder ruling 2026-08-04), so a 0 here means only that nothing was left to move — on a re-run that is expected, and it is NOT evidence the model arranged them unaided. Read this number on the FIRST pass of a freshly generated library or not at all.
      ch_02_canonical.json: 0 of 5 item(s) re-ordered
      ch_02_canonical_p09.json: 5 of 5 item(s) re-ordered
          #2 C-3.1 S3: A–D now hold DBAC · correct A -> C
          #3 C-3.1 S4: A–D now hold CBDA · correct A -> D
          #6 C-3.1 S8: A–D now hold ACBD · correct A -> A
          #7 C-3.3 S10: A–D now hold DCAB · correct A -> C
          #9 C-3.1 S12: A–D now hold ACDB · correct A -> A
      ch_02_canonical_p12.json: 6 of 6 item(s) re-ordered
          #2 C-3.1 S3: A–D now hold ADBC · correct B -> C
          #4 C-3.1 S5: A–D now hold CBDA · correct B -> B
          #6 C-3.1 S7: A–D now hold BCAD · correct A -> C
          #9 C-3.3 S10: A–D now hold CDAB · correct B -> D
          #11 C-3.1 S12: A–D now hold CBDA · correct C -> A
          #13 C-3.1 S14: A–D now hold CADB · correct B -> D

== report: genon/out/library_reports/science_ix_ch02_20260817_105913.md ==
deterministic checks: FAILURES — see report
Next: open a Cowork session and ask it to present this report for the human gate.
