$ /Library/Developer/CommandLineTools/usr/bin/python3 /Users/kumar_radhakrishnan/main/kumar/AI/aruvi-saas/genon/build_library.py science viii 1 --certify-only

canonical plans written: 235 on authored standards, 105 provisional
brief written: /Users/kumar_radhakrishnan/main/kumar/AI/aruvi-saas/genon/out/briefs/ch_01_top.txt

== STEP 2 · annotate master plan ==
brief written: /Users/kumar_radhakrishnan/main/kumar/AI/aruvi-saas/genon/out/briefs/ch_01_p04.txt

== STEP 6 · arrange MCQ options ==
options arranged: 10 of 10 item(s) re-ordered this run. Nothing is written to the artefact (founder ruling 2026-08-04), so a 0 here means only that nothing was left to move — on a re-run that is expected, and it is NOT evidence the model arranged them unaided. Read this number on the FIRST pass of a freshly generated library or not at all.
      ch_01_canonical.json: 10 of 10 item(s) re-ordered
          #1 C-6.2 PS1: A–D now hold BDAC · correct B -> A
          #2 C-6.2 PS1: A–D now hold ACBD · correct B -> C
          #3 C-6.2 PS2: A–D now hold DBAC · correct C -> D
          #4 C-6.2 PS2: A–D now hold CDAB · correct B -> D
          #6 C-6.2 PS3: A–D now hold BDAC · correct B -> A
          #7 C-6.2 PS3: A–D now hold BCDA · correct B -> A
          #9 C-6.2 PS4: A–D now hold CADB · correct B -> D
          #10 C-6.2 PS4: A–D now hold DACB · correct C -> C
          #12 C-6.2 PS5: A–D now hold DBCA · correct B -> B
          #13 C-6.2 PS5: A–D now hold DBAC · correct B -> B

== report: genon/out/library_reports/science_viii_ch01_20260817_115436.md ==
deterministic checks: FAILURES — see report
Next: open a Cowork session and ask it to present this report for the human gate.
