$ /Library/Developer/CommandLineTools/usr/bin/python3 /Users/kumar_radhakrishnan/main/kumar/AI/aruvi-saas/genon/build_library.py social_sciences viii 12 --certify-only

canonical plans written: 188 on authored standards, 152 provisional
brief written: /Users/kumar_radhakrishnan/main/kumar/AI/aruvi-saas/genon/out/briefs/ch_12_top.txt

== STEP 2 · annotate master plan ==
brief written: /Users/kumar_radhakrishnan/main/kumar/AI/aruvi-saas/genon/out/briefs/ch_12_p11.txt
brief written: /Users/kumar_radhakrishnan/main/kumar/AI/aruvi-saas/genon/out/briefs/ch_12_p08.txt

== STEP 6 · arrange MCQ options ==
options arranged: 11 of 12 item(s) re-ordered this run. Nothing is written to the artefact (founder ruling 2026-08-04), so a 0 here means only that nothing was left to move — on a re-run that is expected, and it is NOT evidence the model arranged them unaided. Read this number on the FIRST pass of a freshly generated library or not at all.
      ch_12_canonical.json: 11 of 12 item(s) re-ordered
          #1 C-8.1 U3: A–D now hold CADB · correct A -> B
          #2 C-8.1 U10: A–D now hold BACD · correct A -> B
          #6 C-5.1 U11: A–D now hold DACB · correct A -> B
          #7 C-5.1 U13: A–D now hold CBAD · correct A -> C
          #9 C-5.2 U4: A–D now hold CABD · correct A -> B
          #10 C-5.2 U12: A–D now hold DCBA · correct A -> D
          #12 C-4.2 U6: A–D now hold CBAD · correct A -> C
          #13 C-4.2 U6: A–D now hold BCAD · correct A -> C
          #14 C-7.1 U6: A–D now hold DACB · correct A -> B
          #15 C-7.1 U6: A–D now hold ABDC · correct A -> A
          #16 C-10.1 U9: A–D now hold CADB · correct A -> B

== report: genon/out/library_reports/social_sciences_viii_ch12_20260816_092046.md ==
deterministic checks: FAILURES — see report
Next: open a Cowork session and ask it to present this report for the human gate.
