$ /Library/Developer/CommandLineTools/usr/bin/python3 /Users/kumar_radhakrishnan/main/kumar/AI/aruvi-saas/genon/build_library.py science viii 5 --certify-only

canonical plans written: 236 on authored standards, 104 provisional
brief written: /Users/kumar_radhakrishnan/main/kumar/AI/aruvi-saas/genon/out/briefs/ch_05_top.txt

== STEP 2 · annotate master plan ==
brief written: /Users/kumar_radhakrishnan/main/kumar/AI/aruvi-saas/genon/out/briefs/ch_05_p16.txt
brief written: /Users/kumar_radhakrishnan/main/kumar/AI/aruvi-saas/genon/out/briefs/ch_05_p14.txt
brief written: /Users/kumar_radhakrishnan/main/kumar/AI/aruvi-saas/genon/out/briefs/ch_05_p12.txt
brief written: /Users/kumar_radhakrishnan/main/kumar/AI/aruvi-saas/genon/out/briefs/ch_05_p10.txt

== STEP 6 · arrange MCQ options ==
options arranged: 32 of 46 item(s) re-ordered this run. Nothing is written to the artefact (founder ruling 2026-08-04), so a 0 here means only that nothing was left to move — on a re-run that is expected, and it is NOT evidence the model arranged them unaided. Read this number on the FIRST pass of a freshly generated library or not at all.
      ch_05_canonical.json: 0 of 12 item(s) re-ordered
      ch_05_canonical_p10.json: 6 of 8 item(s) re-ordered
          #1 C-2.1 PS1: A–D now hold CDBA · correct B -> C
          #2 C-2.1 PS1: A–D now hold BCAD · correct C -> B
          #4 C-2.1 PS2: A–D now hold DCAB · correct B -> D
          #6 C-1.3 PS3: A–D now hold CBDA · correct C -> A
          #7 C-1.3 PS3: A–D now hold DCBA · correct B -> C
          #9 C-2.1 PS4: A–D now hold DACB · correct B -> D
      ch_05_canonical_p12.json: 8 of 8 item(s) re-ordered
          #1 C-2.1 PS1: A–D now hold DBAC · correct A -> C
          #2 C-2.1 PS1: A–D now hold BACD · correct A -> B
          #3 C-2.1 PS2: A–D now hold DCAB · correct A -> C
          #4 C-2.1 PS2: A–D now hold CDAB · correct A -> C
          #6 C-1.3 PS3: A–D now hold ADBC · correct A -> A
          #7 C-1.3 PS3: A–D now hold BCAD · correct A -> C
          #9 C-2.1 PS4: A–D now hold BACD · correct A -> B
          #10 C-2.1 PS4: A–D now hold CDAB · correct A -> C
      ch_05_canonical_p14.json: 8 of 8 item(s) re-ordered
          #1 C-2.1 PS1: A–D now hold DCBA · correct B -> C
          #2 C-2.1 PS1: A–D now hold BACD · correct B -> A
          #3 C-2.1 PS2: A–D now hold CBAD · correct B -> B
          #4 C-2.1 PS2: A–D now hold CBAD · correct C -> A
          #6 C-1.3 PS3: A–D now hold DABC · correct B -> C
          #7 C-1.3 PS3: A–D now hold BCAD · correct B -> A
          #9 C-2.1 PS4: A–D now hold BCAD · correct B -> A
          #10 C-2.1 PS4: A–D now hold DACB · correct B -> D
      ch_05_canonical_p16.json: 10 of 10 item(s) re-ordered
          #1 C-2.1 PS1: A–D now hold BCDA · correct C -> B
          #2 C-2.1 PS1: A–D now hold CABD · correct C -> A
          #3 C-2.1 PS2: A–D now hold BDCA · correct B -> A
          #4 C-2.1 PS2: A–D now hold DABC · correct D -> A
          #6 C-1.3 PS3: A–D now hold CBDA · correct C -> A
          #7 C-1.3 PS3: A–D now hold CDBA · correct C -> A
          #9 C-2.1 PS4: A–D now hold ADBC · correct B -> C
          #10 C-2.1 PS4: A–D now hold DBCA · correct B -> B
          #12 C-2.1 PS5: A–D now hold ADCB · correct C -> C
          #13 C-2.1 PS5: A–D now hold ABDC · correct C -> D

== report: genon/out/library_reports/science_viii_ch05_20260817_123821.md ==
deterministic checks: ALL PASS
Next: open a Cowork session and ask it to present this report for the human gate.
