$ /Library/Developer/CommandLineTools/usr/bin/python3 /Users/kumar_radhakrishnan/main/kumar/AI/aruvi-saas/genon/build_library.py social_sciences viii 11 --certify-only

canonical plans written: 188 on authored standards, 152 provisional
brief written: /Users/kumar_radhakrishnan/main/kumar/AI/aruvi-saas/genon/out/briefs/ch_11_top.txt

== STEP 2 · annotate master plan ==
brief written: /Users/kumar_radhakrishnan/main/kumar/AI/aruvi-saas/genon/out/briefs/ch_11_p12.txt
brief written: /Users/kumar_radhakrishnan/main/kumar/AI/aruvi-saas/genon/out/briefs/ch_11_p09.txt

== STEP 6 · arrange MCQ options ==
options arranged: 22 of 36 item(s) re-ordered this run. Nothing is written to the artefact (founder ruling 2026-08-04), so a 0 here means only that nothing was left to move — on a re-run that is expected, and it is NOT evidence the model arranged them unaided. Read this number on the FIRST pass of a freshly generated library or not at all.
      ch_11_canonical.json: 0 of 12 item(s) re-ordered
      ch_11_canonical_p09.json: 10 of 12 item(s) re-ordered
          #1 C-4.1 U3: A–D now hold ACDB · correct B -> D
          #2 C-4.1 U5: A–D now hold BACD · correct C -> C
          #6 C-4.2 U4: A–D now hold BACD · correct B -> A
          #7 C-4.2 U8: A–D now hold DACB · correct C -> C
          #10 C-5.2 U4: A–D now hold BADC · correct B -> A
          #12 C-8.1 U1: A–D now hold BADC · correct B -> A
          #13 C-8.1 U4: A–D now hold CDBA · correct B -> C
          #15 C-5.1 U2: A–D now hold ADBC · correct B -> C
          #17 C-10.1 U4: A–D now hold BADC · correct B -> A
          #18 C-10.1 U8: A–D now hold CBAD · correct B -> B
          #9 SKIPPED — cross-references an option label — left untouched, needs a human
      ch_11_canonical_p12.json: 12 of 12 item(s) re-ordered
          #1 C-4.1 U1: A–D now hold CBAD · correct B -> B
          #2 C-4.1 U4: A–D now hold ABDC · correct D -> C
          #6 C-4.2 U6: A–D now hold BDCA · correct B -> A
          #7 C-4.2 U12: A–D now hold BACD · correct B -> A
          #9 C-5.2 U2: A–D now hold BACD · correct B -> A
          #10 C-5.2 U6: A–D now hold BADC · correct B -> A
          #12 C-8.1 U5: A–D now hold BACD · correct A -> B
          #13 C-8.1 U9: A–D now hold ACBD · correct B -> C
          #15 C-5.1 U2: A–D now hold CADB · correct B -> D
          #16 C-5.1 U2: A–D now hold ACBD · correct B -> C
          #17 C-10.1 U6: A–D now hold BACD · correct B -> A
          #18 C-10.1 U6: A–D now hold CDAB · correct B -> D

== report: genon/out/library_reports/social_sciences_viii_ch11_20260816_101642.md ==
deterministic checks: FAILURES — see report
Next: open a Cowork session and ask it to present this report for the human gate.
