$ /Library/Developer/CommandLineTools/usr/bin/python3 /Users/kumar_radhakrishnan/main/kumar/AI/aruvi-saas/genon/build_library.py social_sciences vii 6 --certify-only

canonical plans written: 188 on authored standards, 152 provisional
brief written: /Users/kumar_radhakrishnan/main/kumar/AI/aruvi-saas/genon/out/briefs/ch_06_top.txt

== STEP 2 · annotate master plan ==
brief written: /Users/kumar_radhakrishnan/main/kumar/AI/aruvi-saas/genon/out/briefs/ch_06_p15.txt
brief written: /Users/kumar_radhakrishnan/main/kumar/AI/aruvi-saas/genon/out/briefs/ch_06_p11.txt

== STEP 6 · arrange MCQ options ==
options arranged: 10 of 10 item(s) re-ordered this run. Nothing is written to the artefact (founder ruling 2026-08-04), so a 0 here means only that nothing was left to move — on a re-run that is expected, and it is NOT evidence the model arranged them unaided. Read this number on the FIRST pass of a freshly generated library or not at all.
      ch_06_canonical.json: 10 of 10 item(s) re-ordered
          #1 C-2.1 U1: A–D now hold CABD · correct A -> B
          #2 C-2.1 U7: A–D now hold BCDA · correct A -> D
          #6 C-2.2 U2: A–D now hold ADBC · correct A -> A
          #7 C-2.2 U11: A–D now hold DBCA · correct A -> D
          #9 C-3.1 U4: A–D now hold BCAD · correct A -> C
          #10 C-3.1 U14: A–D now hold ADBC · correct A -> A
          #11 C-7.3 U10: A–D now hold CABD · correct A -> B
          #12 C-7.3 U11: A–D now hold DCAB · correct A -> C
          #13 C-10.1 U4: A–D now hold CDAB · correct A -> C
          #14 C-10.1 U4: A–D now hold DACB · correct A -> B

== report: genon/out/library_reports/social_sciences_vii_ch06_20260816_092042.md ==
deterministic checks: FAILURES — see report
Next: open a Cowork session and ask it to present this report for the human gate.
