$ /Library/Developer/CommandLineTools/usr/bin/python3 /Users/kumar_radhakrishnan/main/kumar/AI/aruvi-saas/genon/build_library.py social_sciences vi 5 --certify-only

canonical plans written: 188 on authored standards, 152 provisional
brief written: /Users/kumar_radhakrishnan/main/kumar/AI/aruvi-saas/genon/out/briefs/ch_05_top.txt

== STEP 2 · annotate master plan ==
brief written: /Users/kumar_radhakrishnan/main/kumar/AI/aruvi-saas/genon/out/briefs/ch_05_p11.txt
brief written: /Users/kumar_radhakrishnan/main/kumar/AI/aruvi-saas/genon/out/briefs/ch_05_p08.txt

== STEP 6 · arrange MCQ options ==
options arranged: 15 of 22 item(s) re-ordered this run. Nothing is written to the artefact (founder ruling 2026-08-04), so a 0 here means only that nothing was left to move — on a re-run that is expected, and it is NOT evidence the model arranged them unaided. Read this number on the FIRST pass of a freshly generated library or not at all.
      ch_05_canonical.json: 0 of 6 item(s) re-ordered
      ch_05_canonical_p08.json: 7 of 8 item(s) re-ordered
          #1 C-2.1 U1: A–D now hold ADCB · correct A -> A
          #6 C-1.1 U2: A–D now hold ACDB · correct A -> A
          #7 C-1.1 U4: A–D now hold ABDC · correct A -> A
          #9 C-7.2 U3: A–D now hold CBAD · correct A -> C
          #10 C-7.2 U5: A–D now hold ACDB · correct A -> A
          #11 C-7.3 U7: A–D now hold BADC · correct A -> B
          #12 C-7.3 U8: A–D now hold BACD · correct A -> B
      ch_05_canonical_p11.json: 8 of 8 item(s) re-ordered
          #1 C-2.1 U2: A–D now hold CDAB · correct B -> D
          #2 C-2.1 U8: A–D now hold DBAC · correct B -> B
          #6 C-1.1 U2: A–D now hold BCDA · correct B -> A
          #7 C-1.1 U10: A–D now hold ADCB · correct B -> D
          #9 C-7.2 U3: A–D now hold ADCB · correct C -> C
          #10 C-7.2 U5: A–D now hold BACD · correct B -> A
          #11 C-7.3 U9: A–D now hold ACDB · correct B -> D
          #12 C-7.3 U10: A–D now hold CABD · correct B -> C

== report: genon/out/library_reports/social_sciences_vi_ch05_20260816_101631.md ==
deterministic checks: FAILURES — see report
Next: open a Cowork session and ask it to present this report for the human gate.
