$ /Library/Developer/CommandLineTools/usr/bin/python3 /Users/kumar_radhakrishnan/main/kumar/AI/aruvi-saas/genon/build_library.py science ix 10 --certify-only

canonical plans written: 200 on authored standards, 140 provisional
brief written: /Users/kumar_radhakrishnan/main/kumar/AI/aruvi-saas/genon/out/briefs/ch_10_top.txt

== STEP 2 · annotate master plan ==
brief written: /Users/kumar_radhakrishnan/main/kumar/AI/aruvi-saas/genon/out/briefs/ch_10_p15.txt
brief written: /Users/kumar_radhakrishnan/main/kumar/AI/aruvi-saas/genon/out/briefs/ch_10_p11.txt

== STEP 6 · arrange MCQ options ==
options arranged: 14 of 21 item(s) re-ordered this run. Nothing is written to the artefact (founder ruling 2026-08-04), so a 0 here means only that nothing was left to move — on a re-run that is expected, and it is NOT evidence the model arranged them unaided. Read this number on the FIRST pass of a freshly generated library or not at all.
      ch_10_canonical.json: 0 of 6 item(s) re-ordered
      ch_10_canonical_p11.json: 9 of 9 item(s) re-ordered
          #1 C-2.7 S1: A–D now hold DCBA · correct A -> D
          #2 C-2.7 S2: A–D now hold ADCB · correct A -> A
          #3 C-2.7 S3: A–D now hold DABC · correct A -> B
          #5 C-2.7 S5: A–D now hold DACB · correct A -> B
          #6 C-2.7 S6: A–D now hold CBDA · correct A -> D
          #9 C-2.7 S9: A–D now hold DABC · correct A -> B
          #11 C-2.7 S11: A–D now hold BACD · correct A -> B
          #12 C-2.7 S12: A–D now hold CABD · correct A -> B
          #15 C-2.7 S15: A–D now hold BADC · correct A -> B
      ch_10_canonical_p15.json: 5 of 6 item(s) re-ordered
          #2 C-2.7 S2: A–D now hold ACDB · correct B -> D
          #3 C-2.7 S3: A–D now hold DABC · correct A -> B
          #6 C-2.7 S6: A–D now hold CDAB · correct B -> D
          #11 C-2.7 S11: A–D now hold ADBC · correct B -> C
          #12 C-2.7 S12: A–D now hold ACBD · correct C -> B

== report: genon/out/library_reports/science_ix_ch10_20260817_105916.md ==
deterministic checks: FAILURES — see report
Next: open a Cowork session and ask it to present this report for the human gate.
