$ /Library/Developer/CommandLineTools/usr/bin/python3 /Users/kumar_radhakrishnan/main/kumar/AI/aruvi-saas/genon/build_library.py social_sciences vi 8 --certify-only

canonical plans written: 188 on authored standards, 152 provisional
brief written: /Users/kumar_radhakrishnan/main/kumar/AI/aruvi-saas/genon/out/briefs/ch_08_top.txt

== STEP 2 · annotate master plan ==
brief written: /Users/kumar_radhakrishnan/main/kumar/AI/aruvi-saas/genon/out/briefs/ch_08_p11.txt
brief written: /Users/kumar_radhakrishnan/main/kumar/AI/aruvi-saas/genon/out/briefs/ch_08_p08.txt

== STEP 6 · arrange MCQ options ==
options arranged: 16 of 24 item(s) re-ordered this run. Nothing is written to the artefact (founder ruling 2026-08-04), so a 0 here means only that nothing was left to move — on a re-run that is expected, and it is NOT evidence the model arranged them unaided. Read this number on the FIRST pass of a freshly generated library or not at all.
      ch_08_canonical.json: 0 of 8 item(s) re-ordered
      ch_08_canonical_p08.json: 8 of 8 item(s) re-ordered
          #1 C-7.1 U1: A–D now hold DBAC · correct A -> C
          #2 C-7.1 U4: A–D now hold CBDA · correct A -> D
          #6 C-7.3 U5: A–D now hold ACDB · correct A -> A
          #7 C-7.3 U6: A–D now hold CABD · correct A -> B
          #9 C-2.2 U3: A–D now hold CBAD · correct A -> C
          #10 C-2.2 U6: A–D now hold CDBA · correct A -> D
          #11 C-10.1 U3: A–D now hold CDAB · correct A -> C
          #12 C-10.1 U8: A–D now hold CABD · correct A -> B
      ch_08_canonical_p11.json: 8 of 8 item(s) re-ordered
          #1 C-7.1 U1: A–D now hold CDAB · correct B -> D
          #2 C-7.1 U4: A–D now hold CADB · correct C -> A
          #6 C-7.3 U7: A–D now hold BCAD · correct B -> A
          #7 C-7.3 U5: A–D now hold ABDC · correct B -> B
          #9 C-2.2 U3: A–D now hold CDBA · correct B -> C
          #10 C-2.2 U6: A–D now hold BADC · correct B -> A
          #11 C-10.1 U3: A–D now hold CABD · correct B -> C
          #12 C-10.1 U5: A–D now hold ACBD · correct B -> C

== report: genon/out/library_reports/social_sciences_vi_ch08_20260816_101632.md ==
deterministic checks: FAILURES — see report
Next: open a Cowork session and ask it to present this report for the human gate.
