$ /Library/Developer/CommandLineTools/usr/bin/python3 /Users/kumar_radhakrishnan/main/kumar/AI/aruvi-saas/genon/build_library.py science vii 11 --certify-only

canonical plans written: 235 on authored standards, 105 provisional
brief written: /Users/kumar_radhakrishnan/main/kumar/AI/aruvi-saas/genon/out/briefs/ch_11_top.txt

== STEP 2 · annotate master plan ==
brief written: /Users/kumar_radhakrishnan/main/kumar/AI/aruvi-saas/genon/out/briefs/ch_11_p16.txt
brief written: /Users/kumar_radhakrishnan/main/kumar/AI/aruvi-saas/genon/out/briefs/ch_11_p14.txt
brief written: /Users/kumar_radhakrishnan/main/kumar/AI/aruvi-saas/genon/out/briefs/ch_11_p12.txt
brief written: /Users/kumar_radhakrishnan/main/kumar/AI/aruvi-saas/genon/out/briefs/ch_11_p10.txt

== STEP 6 · arrange MCQ options ==
options arranged: 14 of 14 item(s) re-ordered this run. Nothing is written to the artefact (founder ruling 2026-08-04), so a 0 here means only that nothing was left to move — on a re-run that is expected, and it is NOT evidence the model arranged them unaided. Read this number on the FIRST pass of a freshly generated library or not at all.
      ch_11_canonical.json: 14 of 14 item(s) re-ordered
          #1 C-2.4 PS1: A–D now hold ACBD · correct A -> A
          #2 C-2.4 PS1: A–D now hold DCBA · correct B -> C
          #3 C-2.4 PS2: A–D now hold ABDC · correct B -> B
          #4 C-2.4 PS2: A–D now hold DACB · correct C -> C
          #6 C-2.4 PS3: A–D now hold ACDB · correct A -> A
          #7 C-2.4 PS3: A–D now hold BADC · correct B -> A
          #9 C-2.4 PS4: A–D now hold DACB · correct A -> B
          #10 C-2.4 PS4: A–D now hold DBAC · correct B -> B
          #12 C-2.4 PS5: A–D now hold CDAB · correct A -> C
          #13 C-2.4 PS5: A–D now hold BDAC · correct A -> C
          #15 C-2.4 PS6: A–D now hold DCAB · correct A -> C
          #16 C-2.4 PS6: A–D now hold BCAD · correct B -> A
          #18 C-2.4 PS7: A–D now hold CDBA · correct A -> D
          #19 C-2.4 PS7: A–D now hold DACB · correct A -> B

== report: genon/out/library_reports/science_vii_ch11_20260817_115436.md ==
deterministic checks: FAILURES — see report
Next: open a Cowork session and ask it to present this report for the human gate.
