$ /Library/Developer/CommandLineTools/usr/bin/python3 /Users/kumar_radhakrishnan/main/kumar/AI/aruvi-saas/genon/build_library.py science vii 4 --certify-only

canonical plans written: 236 on authored standards, 104 provisional
brief written: /Users/kumar_radhakrishnan/main/kumar/AI/aruvi-saas/genon/out/briefs/ch_04_top.txt

== STEP 2 · annotate master plan ==
brief written: /Users/kumar_radhakrishnan/main/kumar/AI/aruvi-saas/genon/out/briefs/ch_04_p15.txt
brief written: /Users/kumar_radhakrishnan/main/kumar/AI/aruvi-saas/genon/out/briefs/ch_04_p13.txt
brief written: /Users/kumar_radhakrishnan/main/kumar/AI/aruvi-saas/genon/out/briefs/ch_04_p11.txt
brief written: /Users/kumar_radhakrishnan/main/kumar/AI/aruvi-saas/genon/out/briefs/ch_04_p09.txt

== STEP 6 · arrange MCQ options ==
options arranged: 30 of 42 item(s) re-ordered this run. Nothing is written to the artefact (founder ruling 2026-08-04), so a 0 here means only that nothing was left to move — on a re-run that is expected, and it is NOT evidence the model arranged them unaided. Read this number on the FIRST pass of a freshly generated library or not at all.
      ch_04_canonical.json: 0 of 10 item(s) re-ordered
      ch_04_canonical_p09.json: 6 of 6 item(s) re-ordered
          #1 C-1.1 PS1: A–D now hold BCDA · correct A -> D
          #2 C-1.1 PS1: A–D now hold BCDA · correct A -> D
          #3 C-1.1 PS2: A–D now hold DCBA · correct A -> D
          #4 C-1.2 PS2: A–D now hold CBAD · correct A -> C
          #6 C-1.2 PS3: A–D now hold CBAD · correct A -> C
          #7 C-1.2 PS3: A–D now hold DCAB · correct A -> C
      ch_04_canonical_p11.json: 6 of 6 item(s) re-ordered
          #1 C-1.1 PS1: A–D now hold CABD · correct A -> B
          #2 C-1.1 PS1: A–D now hold CBAD · correct A -> C
          #3 C-1.2 PS2: A–D now hold CDBA · correct A -> D
          #4 C-1.2 PS2: A–D now hold CABD · correct A -> B
          #6 C-1.1 PS3: A–D now hold BDCA · correct A -> D
          #7 C-1.2 PS3: A–D now hold CBDA · correct A -> D
      ch_04_canonical_p13.json: 10 of 10 item(s) re-ordered
          #1 C-1.1 PS1: A–D now hold CADB · correct B -> D
          #2 C-1.1 PS1: A–D now hold DCAB · correct C -> B
          #3 C-1.1 PS2: A–D now hold BCAD · correct B -> A
          #4 C-1.1 PS2: A–D now hold DBCA · correct B -> B
          #6 C-1.2 PS3: A–D now hold DBCA · correct B -> B
          #7 C-1.2 PS3: A–D now hold BDAC · correct B -> A
          #9 C-1.2 PS4: A–D now hold BADC · correct B -> A
          #10 C-1.2 PS4: A–D now hold DACB · correct B -> D
          #12 C-1.1 PS5: A–D now hold DACB · correct B -> D
          #13 C-1.2 PS5: A–D now hold DCBA · correct C -> B
      ch_04_canonical_p15.json: 8 of 10 item(s) re-ordered
          #1 C-1.1 PS1: A–D now hold DCBA · correct B -> C
          #4 C-1.1 PS2: A–D now hold BACD · correct B -> A
          #6 C-1.2 PS3: A–D now hold ACDB · correct C -> B
          #7 C-1.2 PS3: A–D now hold CADB · correct B -> D
          #9 C-1.2 PS4: A–D now hold DCAB · correct A -> C
          #10 C-1.2 PS4: A–D now hold CDBA · correct A -> D
          #12 C-1.1 PS5: A–D now hold DABC · correct A -> B
          #13 C-1.2 PS5: A–D now hold ADBC · correct B -> C
          #3 SKIPPED — cross-references an option label — left untouched, needs a human

== report: genon/out/library_reports/science_vii_ch04_20260817_123816.md ==
deterministic checks: FAILURES — see report
QUARANTINED (not servable): ch_04_canonical_p09.json
Next: open a Cowork session and ask it to present this report for the human gate.
