$ /Library/Developer/CommandLineTools/usr/bin/python3 /Users/kumar_radhakrishnan/main/kumar/AI/aruvi-saas/genon/build_library.py the_world_around_us iii 11 --certify-only

canonical plans written: 40 on authored standards, 300 provisional
brief written: /Users/kumar_radhakrishnan/main/kumar/AI/aruvi-saas/genon/out/briefs/ch_11_top.txt

== STEP 2 · annotate master plan ==
brief written: /Users/kumar_radhakrishnan/main/kumar/AI/aruvi-saas/genon/out/briefs/ch_11_p14.txt
brief written: /Users/kumar_radhakrishnan/main/kumar/AI/aruvi-saas/genon/out/briefs/ch_11_p10.txt

== STEP 6 · arrange MCQ options ==
options arranged: 6 of 11 item(s) re-ordered this run. Nothing is written to the artefact (founder ruling 2026-08-04), so a 0 here means only that nothing was left to move — on a re-run that is expected, and it is NOT evidence the model arranged them unaided. Read this number on the FIRST pass of a freshly generated library or not at all.
      ch_11_canonical.json: 0 of 4 item(s) re-ordered
      ch_11_canonical_p10.json: 3 of 3 item(s) re-ordered
          #1 C-1.1 U1: A–D now hold CABD · correct B -> C
          #4 C-1.3 U4: A–D now hold ACDB · correct B -> D
          #7 C-4.6 U7: A–D now hold CADB · correct B -> D
      ch_11_canonical_p14.json: 3 of 4 item(s) re-ordered
          #1 C-1.2 U1: A–D now hold BDCA · correct A -> D
          #4 C-6.1 U4: A–D now hold CBDA · correct B -> B
          #8 C-4.6 U8: A–D now hold DABC · correct C -> D

== report: genon/out/library_reports/the_world_around_us_iii_ch11_20260812_145759.md ==
deterministic checks: ALL PASS
Next: open a Cowork session and ask it to present this report for the human gate.
