$ /Library/Developer/CommandLineTools/usr/bin/python3 /Users/kumar_radhakrishnan/main/kumar/AI/aruvi-saas/genon/build_library.py mathematics vi 10 --certify-only

canonical plans written: 281 on authored standards, 59 provisional
brief written: /Users/kumar_radhakrishnan/main/kumar/AI/aruvi-saas/genon/out/briefs/ch_10_top.txt

== STEP 2 · annotate master plan ==
brief written: /Users/kumar_radhakrishnan/main/kumar/AI/aruvi-saas/genon/out/briefs/ch_10_p13.txt
brief written: /Users/kumar_radhakrishnan/main/kumar/AI/aruvi-saas/genon/out/briefs/ch_10_p10.txt

== STEP 6 · arrange MCQ options ==
options arranged: 6 of 8 item(s) re-ordered this run. Nothing is written to the artefact (founder ruling 2026-08-04), so a 0 here means only that nothing was left to move — on a re-run that is expected, and it is NOT evidence the model arranged them unaided. Read this number on the FIRST pass of a freshly generated library or not at all.
      ch_10_canonical.json: 0 of 2 item(s) re-ordered
      ch_10_canonical_p10.json: 3 of 3 item(s) re-ordered
          #1 None #1: A–D now hold ABDC · correct B -> B
          #2 None #2: A–D now hold BCAD · correct B -> A
          #3 None #3: A–D now hold CDAB · correct B -> D
      ch_10_canonical_p13.json: 3 of 3 item(s) re-ordered
          #1 None #1: A–D now hold CBAD · correct B -> B
          #2 None #2: A–D now hold ACDB · correct A -> A
          #3 None #3: A–D now hold BDCA · correct A -> D

== report: genon/out/library_reports/mathematics_vi_ch10_20260819_133837.md ==
deterministic checks: FAILURES — see report
Next: open a Cowork session and ask it to present this report for the human gate.
