$ /Library/Developer/CommandLineTools/usr/bin/python3 /Users/kumar_radhakrishnan/main/kumar/AI/aruvi-saas/genon/build_library.py mathematics vi 7 --certify-only

canonical plans written: 281 on authored standards, 59 provisional
brief written: /Users/kumar_radhakrishnan/main/kumar/AI/aruvi-saas/genon/out/briefs/ch_07_top.txt

== STEP 2 · annotate master plan ==
brief written: /Users/kumar_radhakrishnan/main/kumar/AI/aruvi-saas/genon/out/briefs/ch_07_p14.txt
brief written: /Users/kumar_radhakrishnan/main/kumar/AI/aruvi-saas/genon/out/briefs/ch_07_p10.txt

== STEP 6 · arrange MCQ options ==
options arranged: 8 of 15 item(s) re-ordered this run. Nothing is written to the artefact (founder ruling 2026-08-04), so a 0 here means only that nothing was left to move — on a re-run that is expected, and it is NOT evidence the model arranged them unaided. Read this number on the FIRST pass of a freshly generated library or not at all.
      ch_07_canonical.json: 0 of 7 item(s) re-ordered
      ch_07_canonical_p10.json: 4 of 4 item(s) re-ordered
          #1 None #1: A–D now hold ACDB · correct A -> A
          #2 None #2: A–D now hold DACB · correct A -> B
          #3 None #3: A–D now hold ACBD · correct A -> A
          #4 None #4: A–D now hold ADBC · correct A -> A
      ch_07_canonical_p14.json: 4 of 4 item(s) re-ordered
          #1 None #1: A–D now hold CDBA · correct A -> D
          #2 None #2: A–D now hold CBAD · correct A -> C
          #3 None #3: A–D now hold ABDC · correct A -> A
          #4 None #4: A–D now hold ADBC · correct A -> A

== report: genon/out/library_reports/mathematics_vi_ch07_20260819_133836.md ==
deterministic checks: ALL PASS
Next: open a Cowork session and ask it to present this report for the human gate.
