$ /Library/Developer/CommandLineTools/usr/bin/python3 /Users/kumar_radhakrishnan/main/kumar/AI/aruvi-saas/genon/build_library.py english iv 1 --certify-only

canonical plans written: 148 on authored standards, 192 provisional
brief written: /Users/kumar_radhakrishnan/main/kumar/AI/aruvi-saas/genon/out/briefs/ch_01_top.txt

== STEP 2 · annotate master plan ==
brief written: /Users/kumar_radhakrishnan/main/kumar/AI/aruvi-saas/genon/out/briefs/ch_01_p10.txt
brief written: /Users/kumar_radhakrishnan/main/kumar/AI/aruvi-saas/genon/out/briefs/ch_01_p07.txt

== STEP 6 · arrange MCQ options ==
options arranged: 6 of 8 item(s) re-ordered this run. Nothing is written to the artefact (founder ruling 2026-08-04), so a 0 here means only that nothing was left to move — on a re-run that is expected, and it is NOT evidence the model arranged them unaided. Read this number on the FIRST pass of a freshly generated library or not at all.
      ch_01_canonical.json: 0 of 2 item(s) re-ordered
      ch_01_canonical_p07.json: 3 of 3 item(s) re-ordered
          #1 None #1: A–D now hold ACDB · correct A -> A
          #3 None #3: A–D now hold 132 · correct 1 -> 1
          #5 None #5: A–D now hold BACD · correct A -> B
      ch_01_canonical_p10.json: 3 of 3 item(s) re-ordered
          #1 None #1: A–D now hold DCAB · correct B -> D
          #3 None #3: A–D now hold BACD · correct C -> C
          #5 None #5: A–D now hold CBDA · correct B -> B

== report: genon/out/library_reports/english_iv_ch01_20260815_183408.md ==
deterministic checks: FAILURES — see report
Next: open a Cowork session and ask it to present this report for the human gate.
