$ /Library/Developer/CommandLineTools/usr/bin/python3 /Users/kumar_radhakrishnan/main/kumar/AI/aruvi-saas/genon/build_library.py social_sciences viii 5 --certify-only

canonical plans written: 188 on authored standards, 152 provisional
brief written: /Users/kumar_radhakrishnan/main/kumar/AI/aruvi-saas/genon/out/briefs/ch_05_top.txt

== STEP 2 · annotate master plan ==
brief written: /Users/kumar_radhakrishnan/main/kumar/AI/aruvi-saas/genon/out/briefs/ch_05_p10.txt
brief written: /Users/kumar_radhakrishnan/main/kumar/AI/aruvi-saas/genon/out/briefs/ch_05_p07.txt

== STEP 6 · arrange MCQ options ==
options arranged: 22 of 35 item(s) re-ordered this run. Nothing is written to the artefact (founder ruling 2026-08-04), so a 0 here means only that nothing was left to move — on a re-run that is expected, and it is NOT evidence the model arranged them unaided. Read this number on the FIRST pass of a freshly generated library or not at all.
      ch_05_canonical.json: 0 of 12 item(s) re-ordered
      ch_05_canonical_p07.json: 12 of 12 item(s) re-ordered
          #1 C-4.1 U1: A–D now hold ADBC · correct A -> A
          #2 C-4.1 U6: A–D now hold BACD · correct A -> B
          #6 C-5.2 U2: A–D now hold BDCA · correct A -> D
          #7 C-5.2 U2: A–D now hold DABC · correct A -> B
          #9 C-4.2 U4: A–D now hold BDAC · correct A -> C
          #10 C-4.2 U7: A–D now hold BDCA · correct A -> D
          #11 C-8.3 U3: A–D now hold DBAC · correct A -> C
          #12 C-8.3 U3: A–D now hold DCAB · correct A -> C
          #13 C-5.1 U1: A–D now hold ACDB · correct A -> A
          #14 C-5.1 U2: A–D now hold ACBD · correct A -> A
          #15 C-10.1 U4: A–D now hold BACD · correct A -> B
          #16 C-10.1 U7: A–D now hold BDCA · correct A -> D
      ch_05_canonical_p10.json: 10 of 11 item(s) re-ordered
          #1 C-4.1 U1: A–D now hold DABC · correct A -> B
          #2 C-4.1 U4: A–D now hold BCAD · correct B -> A
          #6 C-5.2 U2: A–D now hold CBAD · correct B -> B
          #7 C-5.2 U10: A–D now hold ADCB · correct B -> D
          #9 C-4.2 U1: A–D now hold CABD · correct B -> C
          #11 C-8.3 U3: A–D now hold DCBA · correct C -> B
          #12 C-5.1 U2: A–D now hold CABD · correct B -> C
          #13 C-5.1 U4: A–D now hold CABD · correct B -> C
          #14 C-10.1 U4: A–D now hold DBCA · correct B -> B
          #15 C-10.1 U9: A–D now hold CADB · correct B -> D
          #10 SKIPPED — cross-references an option label — left untouched, needs a human

== report: genon/out/library_reports/social_sciences_viii_ch05_20260816_101640.md ==
deterministic checks: FAILURES — see report
Next: open a Cowork session and ask it to present this report for the human gate.
