$ /Library/Developer/CommandLineTools/usr/bin/python3 /Users/kumar_radhakrishnan/main/kumar/AI/aruvi-saas/genon/build_library.py social_sciences viii 9 --certify-only

canonical plans written: 188 on authored standards, 152 provisional
brief written: /Users/kumar_radhakrishnan/main/kumar/AI/aruvi-saas/genon/out/briefs/ch_09_top.txt

== STEP 2 · annotate master plan ==
brief written: /Users/kumar_radhakrishnan/main/kumar/AI/aruvi-saas/genon/out/briefs/ch_09_p14.txt
brief written: /Users/kumar_radhakrishnan/main/kumar/AI/aruvi-saas/genon/out/briefs/ch_09_p10.txt

== STEP 6 · arrange MCQ options ==
options arranged: 29 of 45 item(s) re-ordered this run. Nothing is written to the artefact (founder ruling 2026-08-04), so a 0 here means only that nothing was left to move — on a re-run that is expected, and it is NOT evidence the model arranged them unaided. Read this number on the FIRST pass of a freshly generated library or not at all.
      ch_09_canonical.json: 0 of 15 item(s) re-ordered
      ch_09_canonical_p10.json: 16 of 16 item(s) re-ordered
          #1 C-2.1 U1: A–D now hold BACD · correct B -> A
          #2 C-2.1 U6: A–D now hold CDAB · correct C -> A
          #6 C-1.1 U4: A–D now hold ADCB · correct B -> D
          #7 C-1.1 U7: A–D now hold DABC · correct B -> C
          #9 C-3.2 U4: A–D now hold BDAC · correct B -> A
          #10 C-3.2 U10: A–D now hold ACBD · correct B -> C
          #12 C-4.2 U3: A–D now hold BDAC · correct B -> A
          #13 C-4.2 U10: A–D now hold DACB · correct B -> D
          #15 C-2.2 U2: A–D now hold BDAC · correct B -> A
          #16 C-2.2 U2: A–D now hold CBAD · correct B -> B
          #17 C-5.1 U1: A–D now hold DCBA · correct C -> B
          #18 C-5.1 U8: A–D now hold ADBC · correct B -> C
          #19 C-9.1 U1: A–D now hold BACD · correct B -> A
          #20 C-9.1 U7: A–D now hold BACD · correct B -> A
          #21 C-10.1 U2: A–D now hold CABD · correct B -> C
          #22 C-10.1 U2: A–D now hold BDCA · correct B -> A
      ch_09_canonical_p14.json: 13 of 14 item(s) re-ordered
          #1 C-2.1 U1: A–D now hold ADCB · correct A -> A
          #2 C-2.1 U8: A–D now hold CADB · correct B -> D
          #6 C-1.1 U5: A–D now hold DACB · correct B -> D
          #7 C-1.1 U8: A–D now hold BDCA · correct B -> A
          #10 C-3.2 U8: A–D now hold BADC · correct B -> A
          #12 C-4.2 U3: A–D now hold DCAB · correct B -> D
          #13 C-4.2 U9: A–D now hold BACD · correct B -> A
          #15 C-2.2 U2: A–D now hold ADCB · correct A -> A
          #16 C-2.2 U4: A–D now hold CBAD · correct C -> A
          #17 C-5.1 U1: A–D now hold ABDC · correct A -> A
          #18 C-9.1 U1: A–D now hold CADB · correct A -> B
          #19 C-9.1 U10: A–D now hold DCAB · correct B -> D
          #20 C-10.1 U2: A–D now hold CABD · correct A -> B

== report: genon/out/library_reports/social_sciences_viii_ch09_20260816_101641.md ==
deterministic checks: FAILURES — see report
Next: open a Cowork session and ask it to present this report for the human gate.
