$ /Library/Developer/CommandLineTools/usr/bin/python3 /Users/kumar_radhakrishnan/main/kumar/AI/aruvi-saas/genon/build_library.py social_sciences viii 6 --certify-only

canonical plans written: 188 on authored standards, 152 provisional
brief written: /Users/kumar_radhakrishnan/main/kumar/AI/aruvi-saas/genon/out/briefs/ch_06_top.txt

== STEP 2 · annotate master plan ==
brief written: /Users/kumar_radhakrishnan/main/kumar/AI/aruvi-saas/genon/out/briefs/ch_06_p10.txt
brief written: /Users/kumar_radhakrishnan/main/kumar/AI/aruvi-saas/genon/out/briefs/ch_06_p07.txt

== STEP 6 · arrange MCQ options ==
options arranged: 9 of 9 item(s) re-ordered this run. Nothing is written to the artefact (founder ruling 2026-08-04), so a 0 here means only that nothing was left to move — on a re-run that is expected, and it is NOT evidence the model arranged them unaided. Read this number on the FIRST pass of a freshly generated library or not at all.
      ch_06_canonical.json: 9 of 9 item(s) re-ordered
          #1 C-4.1 U2: A–D now hold CDBA · correct A -> D
          #2 C-4.1 U8: A–D now hold BDCA · correct B -> A
          #6 C-4.2 U3: A–D now hold DCAB · correct B -> D
          #7 C-4.2 U11: A–D now hold BDCA · correct B -> A
          #9 C-8.2 U4: A–D now hold CBAD · correct B -> B
          #10 C-8.2 U5: A–D now hold ACBD · correct C -> B
          #11 C-8.1 U4: A–D now hold DCBA · correct A -> D
          #12 C-10.1 U4: A–D now hold BACD · correct B -> A
          #13 C-10.1 U4: A–D now hold ABDC · correct B -> B

== report: genon/out/library_reports/social_sciences_viii_ch06_20260816_092045.md ==
deterministic checks: FAILURES — see report
Next: open a Cowork session and ask it to present this report for the human gate.
