$ /Library/Developer/CommandLineTools/usr/bin/python3 /Users/kumar_radhakrishnan/main/kumar/AI/aruvi-saas/genon/build_library.py social_sciences viii 10 --certify-only

canonical plans written: 188 on authored standards, 152 provisional
brief written: /Users/kumar_radhakrishnan/main/kumar/AI/aruvi-saas/genon/out/briefs/ch_10_top.txt

== STEP 2 · annotate master plan ==
brief written: /Users/kumar_radhakrishnan/main/kumar/AI/aruvi-saas/genon/out/briefs/ch_10_p10.txt
brief written: /Users/kumar_radhakrishnan/main/kumar/AI/aruvi-saas/genon/out/briefs/ch_10_p07.txt

== STEP 6 · arrange MCQ options ==
options arranged: 19 of 30 item(s) re-ordered this run. Nothing is written to the artefact (founder ruling 2026-08-04), so a 0 here means only that nothing was left to move — on a re-run that is expected, and it is NOT evidence the model arranged them unaided. Read this number on the FIRST pass of a freshly generated library or not at all.
      ch_10_canonical.json: 0 of 10 item(s) re-ordered
      ch_10_canonical_p07.json: 9 of 10 item(s) re-ordered
          #1 C-7.1 U1: A–D now hold CBAD · correct B -> B
          #2 C-7.1 U5: A–D now hold CBDA · correct A -> D
          #6 C-2.2 U2: A–D now hold ACDB · correct A -> A
          #7 C-2.2 U6: A–D now hold CDBA · correct A -> D
          #10 C-10.1 U4: A–D now hold CABD · correct B -> C
          #12 C-1.2 U1: A–D now hold CBAD · correct B -> B
          #13 C-1.2 U5: A–D now hold BACD · correct A -> B
          #14 C-4.2 U4: A–D now hold BADC · correct B -> A
          #15 C-4.2 U5: A–D now hold DCAB · correct B -> D
          #9 SKIPPED — cross-references an option label — left untouched, needs a human
      ch_10_canonical_p10.json: 10 of 10 item(s) re-ordered
          #1 C-7.1 U2: A–D now hold DABC · correct B -> C
          #2 C-7.1 U6: A–D now hold CDBA · correct B -> C
          #6 C-2.2 U3: A–D now hold BCDA · correct B -> A
          #7 C-2.2 U4: A–D now hold CADB · correct B -> D
          #9 C-10.1 U1: A–D now hold ABDC · correct B -> B
          #10 C-10.1 U4: A–D now hold DBCA · correct B -> B
          #12 C-1.2 U1: A–D now hold DABC · correct B -> C
          #13 C-1.2 U7: A–D now hold CABD · correct B -> C
          #14 C-4.2 U2: A–D now hold CDBA · correct B -> C
          #15 C-4.2 U6: A–D now hold DCAB · correct B -> D

== report: genon/out/library_reports/social_sciences_viii_ch10_20260816_101642.md ==
deterministic checks: FAILURES — see report
QUARANTINED (not servable): ch_10_canonical_p07.json
QUARANTINED (not servable): ch_10_canonical_p10.json
Next: open a Cowork session and ask it to present this report for the human gate.
