$ /Library/Developer/CommandLineTools/usr/bin/python3 /Users/kumar_radhakrishnan/main/kumar/AI/aruvi-saas/genon/build_library.py science ix 12 --certify-only

canonical plans written: 197 on authored standards, 143 provisional
brief written: /Users/kumar_radhakrishnan/main/kumar/AI/aruvi-saas/genon/out/briefs/ch_12_top.txt

== STEP 2 · annotate master plan ==
brief written: /Users/kumar_radhakrishnan/main/kumar/AI/aruvi-saas/genon/out/briefs/ch_12_p12.txt
brief written: /Users/kumar_radhakrishnan/main/kumar/AI/aruvi-saas/genon/out/briefs/ch_12_p09.txt

== STEP 6 · arrange MCQ options ==
options arranged: 7 of 7 item(s) re-ordered this run. Nothing is written to the artefact (founder ruling 2026-08-04), so a 0 here means only that nothing was left to move — on a re-run that is expected, and it is NOT evidence the model arranged them unaided. Read this number on the FIRST pass of a freshly generated library or not at all.
      ch_12_canonical.json: 7 of 7 item(s) re-ordered
          #1 C-4.1 S1: A–D now hold DABC · correct A -> B
          #2 C-4.1 S2: A–D now hold ADCB · correct A -> A
          #4 C-4.1 S4: A–D now hold DCAB · correct A -> C
          #6 C-4.1 S6: A–D now hold BCAD · correct A -> C
          #8 C-4.1 S8: A–D now hold CDBA · correct A -> D
          #11 C-4.2 S11: A–D now hold DBAC · correct A -> C
          #13 C-4.1 S13: A–D now hold CADB · correct A -> B

== report: genon/out/library_reports/science_ix_ch12_20260817_100657.md ==
deterministic checks: FAILURES — see report
QUARANTINED (not servable): ch_12_canonical.json
Next: open a Cowork session and ask it to present this report for the human gate.
