$ /Library/Developer/CommandLineTools/usr/bin/python3 /Users/kumar_radhakrishnan/main/kumar/AI/aruvi-saas/genon/build_library.py the_world_around_us iv 8 --certify-only

canonical plans written: 40 on authored standards, 300 provisional
brief written: /Users/kumar_radhakrishnan/main/kumar/AI/aruvi-saas/genon/out/briefs/ch_08_top.txt

== STEP 2 · annotate master plan ==
brief written: /Users/kumar_radhakrishnan/main/kumar/AI/aruvi-saas/genon/out/briefs/ch_08_p11.txt
brief written: /Users/kumar_radhakrishnan/main/kumar/AI/aruvi-saas/genon/out/briefs/ch_08_p08.txt

== STEP 6 · arrange MCQ options ==
options arranged: 5 of 9 item(s) re-ordered this run. Nothing is written to the artefact (founder ruling 2026-08-04), so a 0 here means only that nothing was left to move — on a re-run that is expected, and it is NOT evidence the model arranged them unaided. Read this number on the FIRST pass of a freshly generated library or not at all.
      ch_08_canonical.json: 0 of 4 item(s) re-ordered
      ch_08_canonical_p08.json: 3 of 3 item(s) re-ordered
          #1 C-4.3 U1: A–D now hold DCBA · correct A -> D
          #5 C-4.4 U5: A–D now hold ADCB · correct B -> D
          #8 C-4.3 U8: A–D now hold DCAB · correct B -> D
      ch_08_canonical_p11.json: 2 of 2 item(s) re-ordered
          #1 C-4.3 U1: A–D now hold DCBA · correct A -> D
          #5 C-4.3 U5: A–D now hold DBCA · correct B -> B

== report: genon/out/library_reports/the_world_around_us_iv_ch08_20260812_145757.md ==
deterministic checks: FAILURES — see report
QUARANTINED (not servable): ch_08_canonical_p11.json
Next: open a Cowork session and ask it to present this report for the human gate.
