$ /Library/Developer/CommandLineTools/usr/bin/python3 /Users/kumar_radhakrishnan/main/kumar/AI/aruvi-saas/genon/build_library.py social_sciences ix 6 --certify-only

canonical plans written: 48 on authored standards, 292 provisional
brief written: /Users/kumar_radhakrishnan/main/kumar/AI/aruvi-saas/genon/out/briefs/ch_06_top.txt

== STEP 2 · annotate master plan ==
brief written: /Users/kumar_radhakrishnan/main/kumar/AI/aruvi-saas/genon/out/briefs/ch_06_p15.txt
brief written: /Users/kumar_radhakrishnan/main/kumar/AI/aruvi-saas/genon/out/briefs/ch_06_p11.txt

== STEP 6 · arrange MCQ options ==
options arranged: 8 of 9 item(s) re-ordered this run. Nothing is written to the artefact (founder ruling 2026-08-04), so a 0 here means only that nothing was left to move — on a re-run that is expected, and it is NOT evidence the model arranged them unaided. Read this number on the FIRST pass of a freshly generated library or not at all.
      ch_06_canonical.json: 8 of 9 item(s) re-ordered
          #6 C-5.1 U1: A–D now hold BDCA · correct B -> A
          #9 C-5.2 U4: A–D now hold DCBA · correct B -> C
          #12 C-5.3 U4: A–D now hold BDCA · correct B -> A
          #14 C-5.5 U8: A–D now hold DABC · correct B -> C
          #17 C-6.2 U7: A–D now hold ADCB · correct B -> D
          #20 C-6.4 U16: A–D now hold BDAC · correct B -> A
          #22 C-1.3 U16: A–D now hold BDCA · correct B -> A
          #24 C-2.5 U13: A–D now hold DABC · correct B -> C

== report: genon/out/library_reports/social_sciences_ix_ch06_20260812_162654.md ==
deterministic checks: FAILURES — see report
Next: open a Cowork session and ask it to present this report for the human gate.
