$ /Library/Developer/CommandLineTools/usr/bin/python3 /Users/kumar_radhakrishnan/main/kumar/AI/aruvi-saas/genon/build_library.py social_sciences ix 5 --certify-only

canonical plans written: 48 on authored standards, 292 provisional
brief written: /Users/kumar_radhakrishnan/main/kumar/AI/aruvi-saas/genon/out/briefs/ch_05_top.txt

== STEP 2 · annotate master plan ==
brief written: /Users/kumar_radhakrishnan/main/kumar/AI/aruvi-saas/genon/out/briefs/ch_05_p17.txt
brief written: /Users/kumar_radhakrishnan/main/kumar/AI/aruvi-saas/genon/out/briefs/ch_05_p13.txt

== STEP 6 · arrange MCQ options ==
options arranged: 11 of 11 item(s) re-ordered this run. Nothing is written to the artefact (founder ruling 2026-08-04), so a 0 here means only that nothing was left to move — on a re-run that is expected, and it is NOT evidence the model arranged them unaided. Read this number on the FIRST pass of a freshly generated library or not at all.
      ch_05_canonical.json: 11 of 11 item(s) re-ordered
          #1 C-1.3 U5: A–D now hold DBCA · correct B -> B
          #6 C-1.1 U10: A–D now hold BADC · correct B -> A
          #9 C-1.2 U5: A–D now hold BACD · correct A -> B
          #12 C-1.4 U15: A–D now hold CABD · correct B -> C
          #15 C-5.1 U4: A–D now hold DACB · correct B -> D
          #18 C-8.3 U18: A–D now hold CADB · correct B -> D
          #21 C-6.1 U9: A–D now hold BCAD · correct B -> A
          #24 C-5.4 U4: A–D now hold ADCB · correct B -> D
          #26 C-7.4 U18: A–D now hold BADC · correct B -> A
          #28 C-6.2 U10: A–D now hold BCDA · correct B -> A
          #30 C-9.1 U15: A–D now hold ABDC · correct B -> B

== report: genon/out/library_reports/social_sciences_ix_ch05_20260812_162653.md ==
deterministic checks: FAILURES — see report
Next: open a Cowork session and ask it to present this report for the human gate.
