$ /Library/Developer/CommandLineTools/usr/bin/python3 /Users/kumar_radhakrishnan/main/kumar/AI/aruvi-saas/genon/build_library.py social_sciences ix 7 --certify-only

canonical plans written: 48 on authored standards, 292 provisional
brief written: /Users/kumar_radhakrishnan/main/kumar/AI/aruvi-saas/genon/out/briefs/ch_07_top.txt

== STEP 2 · annotate master plan ==
brief written: /Users/kumar_radhakrishnan/main/kumar/AI/aruvi-saas/genon/out/briefs/ch_07_p07.txt
brief written: /Users/kumar_radhakrishnan/main/kumar/AI/aruvi-saas/genon/out/briefs/ch_07_p05.txt

== STEP 6 · arrange MCQ options ==
options arranged: 8 of 12 item(s) re-ordered this run. Nothing is written to the artefact (founder ruling 2026-08-04), so a 0 here means only that nothing was left to move — on a re-run that is expected, and it is NOT evidence the model arranged them unaided. Read this number on the FIRST pass of a freshly generated library or not at all.
      ch_07_canonical.json: 0 of 4 item(s) re-ordered
      ch_07_canonical_p05.json: 4 of 4 item(s) re-ordered
          #1 C-5.4 U1: A–D now hold BDAC · correct A -> C
          #6 C-5.5 U4: A–D now hold ADCB · correct B -> D
          #9 C-6.4 U5: A–D now hold BADC · correct B -> A
          #12 C-5.3 U1: A–D now hold ACDB · correct B -> D
      ch_07_canonical_p07.json: 4 of 4 item(s) re-ordered
          #1 C-5.4 U2: A–D now hold CDBA · correct B -> C
          #6 C-5.5 U6: A–D now hold CDAB · correct B -> D
          #9 C-6.4 U5: A–D now hold DBAC · correct B -> B
          #12 C-5.3 U1: A–D now hold BDAC · correct B -> A

== report: genon/out/library_reports/social_sciences_ix_ch07_20260812_185027.md ==
deterministic checks: ALL PASS
Next: open a Cowork session and ask it to present this report for the human gate.
