$ /Library/Developer/CommandLineTools/usr/bin/python3 /Users/kumar_radhakrishnan/main/kumar/AI/aruvi-saas/genon/build_library.py social_sciences viii 8 --certify-only

canonical plans written: 188 on authored standards, 152 provisional
brief written: /Users/kumar_radhakrishnan/main/kumar/AI/aruvi-saas/genon/out/briefs/ch_08_top.txt

== STEP 2 · annotate master plan ==
brief written: /Users/kumar_radhakrishnan/main/kumar/AI/aruvi-saas/genon/out/briefs/ch_08_p11.txt
brief written: /Users/kumar_radhakrishnan/main/kumar/AI/aruvi-saas/genon/out/briefs/ch_08_p08.txt

== STEP 6 · arrange MCQ options ==
options arranged: 10 of 10 item(s) re-ordered this run. Nothing is written to the artefact (founder ruling 2026-08-04), so a 0 here means only that nothing was left to move — on a re-run that is expected, and it is NOT evidence the model arranged them unaided. Read this number on the FIRST pass of a freshly generated library or not at all.
      ch_08_canonical.json: 10 of 10 item(s) re-ordered
          #1 C-6.1 U4: A–D now hold DABC · correct A -> B
          #2 C-6.1 U12: A–D now hold CDBA · correct C -> A
          #6 C-1.2 U2: A–D now hold ADBC · correct B -> C
          #7 C-1.2 U5: A–D now hold DBAC · correct C -> D
          #9 C-6.3 U9: A–D now hold CDAB · correct C -> A
          #10 C-6.3 U12: A–D now hold DABC · correct A -> B
          #12 C-6.4 U8: A–D now hold CABD · correct A -> B
          #13 C-6.4 U11: A–D now hold ABDC · correct B -> B
          #15 C-6.2 U7: A–D now hold BCAD · correct A -> C
          #16 C-6.2 U9: A–D now hold CADB · correct A -> B

== report: genon/out/library_reports/social_sciences_viii_ch08_20260816_092045.md ==
deterministic checks: FAILURES — see report
Next: open a Cowork session and ask it to present this report for the human gate.
