$ /Library/Developer/CommandLineTools/usr/bin/python3 /Users/kumar_radhakrishnan/main/kumar/AI/aruvi-saas/genon/build_library.py mathematics iv 6 --certify-only

canonical plans written: 323 on authored standards, 17 provisional
brief written: /Users/kumar_radhakrishnan/main/kumar/AI/aruvi-saas/genon/out/briefs/ch_06_top.txt

== STEP 2 · annotate master plan ==
brief written: /Users/kumar_radhakrishnan/main/kumar/AI/aruvi-saas/genon/out/briefs/ch_06_p09.txt
brief written: /Users/kumar_radhakrishnan/main/kumar/AI/aruvi-saas/genon/out/briefs/ch_06_p07.txt

== STEP 6 · arrange MCQ options ==
options arranged: 8 of 18 item(s) re-ordered this run. Nothing is written to the artefact (founder ruling 2026-08-04), so a 0 here means only that nothing was left to move — on a re-run that is expected, and it is NOT evidence the model arranged them unaided. Read this number on the FIRST pass of a freshly generated library or not at all.
      ch_06_canonical.json: 0 of 7 item(s) re-ordered
      ch_06_canonical_p07.json: 8 of 11 item(s) re-ordered
          #2 None #2: A–D now hold DACB · correct B -> D
          #5 None #5: A–D now hold BCDA · correct C -> B
          #8 None #8: A–D now hold CADB · correct C -> A
          #9 None #9: A–D now hold DBAC · correct C -> D
          #12 None #12: A–D now hold CABD · correct C -> A
          #15 None #15: A–D now hold CDAB · correct B -> D
          #17 None #17: A–D now hold DCAB · correct B -> D
          #18 None #18: A–D now hold ADBC · correct B -> C

== report: genon/out/library_reports/mathematics_iv_ch06_20260820_104956.md ==
deterministic checks: FAILURES — see report
Next: open a Cowork session and ask it to present this report for the human gate.
