$ /Library/Developer/CommandLineTools/usr/bin/python3 /Users/kumar_radhakrishnan/main/kumar/AI/aruvi-saas/genon/build_library.py the_world_around_us v 1 --certify-only

canonical plans written: 40 on authored standards, 300 provisional
brief written: /Users/kumar_radhakrishnan/main/kumar/AI/aruvi-saas/genon/out/briefs/ch_01_top.txt

== STEP 2 · annotate master plan ==
brief written: /Users/kumar_radhakrishnan/main/kumar/AI/aruvi-saas/genon/out/briefs/ch_01_p11.txt
brief written: /Users/kumar_radhakrishnan/main/kumar/AI/aruvi-saas/genon/out/briefs/ch_01_p08.txt

== STEP 6 · arrange MCQ options ==
options arranged: 6 of 10 item(s) re-ordered this run. Nothing is written to the artefact (founder ruling 2026-08-04), so a 0 here means only that nothing was left to move — on a re-run that is expected, and it is NOT evidence the model arranged them unaided. Read this number on the FIRST pass of a freshly generated library or not at all.
      ch_01_canonical.json: 0 of 4 item(s) re-ordered
      ch_01_canonical_p08.json: 3 of 3 item(s) re-ordered
          #1 C-4.4 U1: A–D now hold DCBA · correct B -> C
          #4 C-6.1 U4: A–D now hold BDAC · correct C -> D
          #6 C-5.3 U6: A–D now hold BDAC · correct B -> A
      ch_01_canonical_p11.json: 3 of 3 item(s) re-ordered
          #1 C-2.1 U1: A–D now hold DBAC · correct B -> B
          #4 C-4.4 U4: A–D now hold ACDB · correct C -> B
          #6 C-5.3 U6: A–D now hold CADB · correct C -> A

== report: genon/out/library_reports/the_world_around_us_v_ch01_20260812_145755.md ==
deterministic checks: FAILURES — see report
Next: open a Cowork session and ask it to present this report for the human gate.
