$ /usr/bin/python3 /sessions/cool-sweet-heisenberg/mnt/aruvi-saas/genon/build_library.py mathematics ix 6 --certify-only

canonical plans written: 243 on authored standards, 97 provisional
brief written: /sessions/cool-sweet-heisenberg/mnt/aruvi-saas/genon/out/briefs/ch_06_top.txt

== STEP 2 · annotate master plan ==
brief written: /sessions/cool-sweet-heisenberg/mnt/aruvi-saas/genon/out/briefs/ch_06_p12.txt
brief written: /sessions/cool-sweet-heisenberg/mnt/aruvi-saas/genon/out/briefs/ch_06_p09.txt

== STEP 6 · arrange MCQ options ==
options arranged: 6 of 8 item(s) re-ordered this run. Nothing is written to the artefact (founder ruling 2026-08-04), so a 0 here means only that nothing was left to move — on a re-run that is expected, and it is NOT evidence the model arranged them unaided. Read this number on the FIRST pass of a freshly generated library or not at all.
      ch_06_canonical.json: 0 of 2 item(s) re-ordered
      ch_06_canonical_p09.json: 3 of 3 item(s) re-ordered
          #1 C-5.1 S1: A–D now hold CBAD · correct A -> C
          #3 C-4.4 S3: A–D now hold ADCB · correct B -> D
          #6 C-5.1 S6: A–D now hold BADC · correct B -> A
      ch_06_canonical_p12.json: 3 of 3 item(s) re-ordered
          #1 C-5.1 S1: A–D now hold CBAD · correct A -> C
          #3 C-4.4 S3: A–D now hold BDAC · correct B -> A
          #9 C-5.1 S8: A–D now hold DABC · correct A -> B

== report: genon/out/library_reports/mathematics_ix_ch06_20260818_165901.md ==
deterministic checks: FAILURES — see report
Next: open a Cowork session and ask it to present this report for the human gate.
