$ /Library/Developer/CommandLineTools/usr/bin/python3 /Users/kumar_radhakrishnan/main/kumar/AI/aruvi-saas/genon/build_library.py social_sciences vi 1 --certify-only

canonical plans written: 188 on authored standards, 152 provisional
brief written: /Users/kumar_radhakrishnan/main/kumar/AI/aruvi-saas/genon/out/briefs/ch_01_top.txt

== STEP 2 · annotate master plan ==
brief written: /Users/kumar_radhakrishnan/main/kumar/AI/aruvi-saas/genon/out/briefs/ch_01_p07.txt
brief written: /Users/kumar_radhakrishnan/main/kumar/AI/aruvi-saas/genon/out/briefs/ch_01_p05.txt

== STEP 6 · arrange MCQ options ==
options arranged: 10 of 18 item(s) re-ordered this run. Nothing is written to the artefact (founder ruling 2026-08-04), so a 0 here means only that nothing was left to move — on a re-run that is expected, and it is NOT evidence the model arranged them unaided. Read this number on the FIRST pass of a freshly generated library or not at all.
      ch_01_canonical.json: 0 of 6 item(s) re-ordered
      ch_01_canonical_p05.json: 5 of 6 item(s) re-ordered
          #1 C-1.2 U1: A–D now hold DABC · correct B -> C
          #2 C-1.2 U5: A–D now hold CADB · correct B -> D
          #6 C-6.1 U3: A–D now hold BCAD · correct B -> A
          #8 C-10.1 U4: A–D now hold BCAD · correct C -> B
          #9 C-10.1 U4: A–D now hold CDBA · correct B -> C
      ch_01_canonical_p07.json: 5 of 6 item(s) re-ordered
          #1 C-1.2 U1: A–D now hold CBDA · correct B -> B
          #2 C-1.2 U6: A–D now hold CADB · correct B -> D
          #6 C-6.1 U4: A–D now hold ADCB · correct C -> C
          #8 C-10.1 U5: A–D now hold CABD · correct B -> C
          #9 C-10.1 U5: A–D now hold CBAD · correct C -> A

== report: genon/out/library_reports/social_sciences_vi_ch01_20260816_101630.md ==
deterministic checks: ALL PASS
Next: open a Cowork session and ask it to present this report for the human gate.
