$ /Library/Developer/CommandLineTools/usr/bin/python3 /Users/kumar_radhakrishnan/main/kumar/AI/aruvi-saas/genon/build_library.py social_sciences vi 13 --certify-only

canonical plans written: 188 on authored standards, 152 provisional
brief written: /Users/kumar_radhakrishnan/main/kumar/AI/aruvi-saas/genon/out/briefs/ch_13_top.txt

== STEP 2 · annotate master plan ==
brief written: /Users/kumar_radhakrishnan/main/kumar/AI/aruvi-saas/genon/out/briefs/ch_13_p09.txt
brief written: /Users/kumar_radhakrishnan/main/kumar/AI/aruvi-saas/genon/out/briefs/ch_13_p07.txt

== STEP 6 · arrange MCQ options ==
options arranged: 12 of 18 item(s) re-ordered this run. Nothing is written to the artefact (founder ruling 2026-08-04), so a 0 here means only that nothing was left to move — on a re-run that is expected, and it is NOT evidence the model arranged them unaided. Read this number on the FIRST pass of a freshly generated library or not at all.
      ch_13_canonical.json: 0 of 6 item(s) re-ordered
      ch_13_canonical_p07.json: 6 of 6 item(s) re-ordered
          #1 C-9.1 U2: A–D now hold BDCA · correct C -> C
          #2 C-9.1 U4: A–D now hold CABD · correct B -> C
          #6 C-4.1 U6: A–D now hold CADB · correct B -> D
          #7 C-4.1 U7: A–D now hold BDAC · correct B -> A
          #9 C-7.3 U5: A–D now hold CABD · correct C -> A
          #10 C-7.3 U5: A–D now hold DBAC · correct C -> D
      ch_13_canonical_p09.json: 6 of 6 item(s) re-ordered
          #1 C-9.1 U2: A–D now hold BADC · correct B -> A
          #2 C-9.1 U3: A–D now hold ACDB · correct B -> D
          #6 C-4.1 U7: A–D now hold ADCB · correct B -> D
          #7 C-4.1 U8: A–D now hold BACD · correct B -> A
          #9 C-7.3 U6: A–D now hold ADBC · correct B -> C
          #10 C-7.3 U6: A–D now hold DCAB · correct B -> D

== report: genon/out/library_reports/social_sciences_vi_ch13_20260816_101634.md ==
deterministic checks: FAILURES — see report
Next: open a Cowork session and ask it to present this report for the human gate.
