$ /Library/Developer/CommandLineTools/usr/bin/python3 /Users/kumar_radhakrishnan/main/kumar/AI/aruvi-saas/genon/build_library.py science viii 5 --certify-only

canonical plans written: 235 on authored standards, 105 provisional
brief written: /Users/kumar_radhakrishnan/main/kumar/AI/aruvi-saas/genon/out/briefs/ch_05_top.txt

== STEP 2 · annotate master plan ==
brief written: /Users/kumar_radhakrishnan/main/kumar/AI/aruvi-saas/genon/out/briefs/ch_05_p16.txt
brief written: /Users/kumar_radhakrishnan/main/kumar/AI/aruvi-saas/genon/out/briefs/ch_05_p14.txt
brief written: /Users/kumar_radhakrishnan/main/kumar/AI/aruvi-saas/genon/out/briefs/ch_05_p12.txt
brief written: /Users/kumar_radhakrishnan/main/kumar/AI/aruvi-saas/genon/out/briefs/ch_05_p10.txt

== STEP 6 · arrange MCQ options ==
options arranged: 10 of 12 item(s) re-ordered this run. Nothing is written to the artefact (founder ruling 2026-08-04), so a 0 here means only that nothing was left to move — on a re-run that is expected, and it is NOT evidence the model arranged them unaided. Read this number on the FIRST pass of a freshly generated library or not at all.
      ch_05_canonical.json: 10 of 12 item(s) re-ordered
          #1 C-2.1 PS1: A–D now hold CBDA · correct B -> B
          #2 C-2.1 PS1: A–D now hold ACDB · correct B -> D
          #3 C-2.1 PS2: A–D now hold BDAC · correct C -> D
          #4 C-2.1 PS2: A–D now hold CDAB · correct B -> D
          #6 C-2.1 PS3: A–D now hold BDAC · correct B -> A
          #7 C-2.1 PS3: A–D now hold DCAB · correct C -> B
          #10 C-1.3 PS4: A–D now hold DBAC · correct B -> B
          #13 C-2.1 PS5: A–D now hold BDCA · correct B -> A
          #15 C-2.1 PS6: A–D now hold CBAD · correct B -> B
          #16 C-2.1 PS6: A–D now hold DCAB · correct B -> D

== report: genon/out/library_reports/science_viii_ch05_20260817_115437.md ==
deterministic checks: FAILURES — see report
Next: open a Cowork session and ask it to present this report for the human gate.
