$ /Library/Developer/CommandLineTools/usr/bin/python3 /Users/kumar_radhakrishnan/main/kumar/AI/aruvi-saas/genon/build_library.py science viii 4 --certify-only

canonical plans written: 235 on authored standards, 105 provisional
brief written: /Users/kumar_radhakrishnan/main/kumar/AI/aruvi-saas/genon/out/briefs/ch_04_top.txt

== STEP 2 · annotate master plan ==
brief written: /Users/kumar_radhakrishnan/main/kumar/AI/aruvi-saas/genon/out/briefs/ch_04_p13.txt
brief written: /Users/kumar_radhakrishnan/main/kumar/AI/aruvi-saas/genon/out/briefs/ch_04_p11.txt
brief written: /Users/kumar_radhakrishnan/main/kumar/AI/aruvi-saas/genon/out/briefs/ch_04_p09.txt

== STEP 6 · arrange MCQ options ==
options arranged: 11 of 12 item(s) re-ordered this run. Nothing is written to the artefact (founder ruling 2026-08-04), so a 0 here means only that nothing was left to move — on a re-run that is expected, and it is NOT evidence the model arranged them unaided. Read this number on the FIRST pass of a freshly generated library or not at all.
      ch_04_canonical.json: 11 of 12 item(s) re-ordered
          #1 C-2.2 PS1: A–D now hold CDAB · correct B -> D
          #2 C-2.2 PS1: A–D now hold ABDC · correct B -> B
          #3 C-2.3 PS2: A–D now hold DCAB · correct A -> C
          #4 C-2.3 PS2: A–D now hold ADBC · correct B -> C
          #6 C-2.3 PS3: A–D now hold CABD · correct A -> B
          #7 C-2.3 PS3: A–D now hold ABDC · correct B -> B
          #9 C-2.2 PS4: A–D now hold ADBC · correct A -> A
          #12 C-2.2 PS5: A–D now hold DBCA · correct B -> B
          #13 C-2.2 PS5: A–D now hold DCBA · correct B -> C
          #15 C-2.2 PS6: A–D now hold CADB · correct B -> D
          #16 C-2.2 PS6: A–D now hold CBAD · correct B -> B

== report: genon/out/library_reports/science_viii_ch04_20260817_115437.md ==
deterministic checks: FAILURES — see report
Next: open a Cowork session and ask it to present this report for the human gate.
