$ /usr/bin/python3 /sessions/cool-sweet-heisenberg/mnt/aruvi-saas/genon/build_library.py mathematics ix 7 --certify-only

canonical plans written: 243 on authored standards, 97 provisional
brief written: /sessions/cool-sweet-heisenberg/mnt/aruvi-saas/genon/out/briefs/ch_07_top.txt

== STEP 2 · annotate master plan ==
brief written: /sessions/cool-sweet-heisenberg/mnt/aruvi-saas/genon/out/briefs/ch_07_p08.txt
brief written: /sessions/cool-sweet-heisenberg/mnt/aruvi-saas/genon/out/briefs/ch_07_p06.txt

== STEP 6 · arrange MCQ options ==
options arranged: 7 of 12 item(s) re-ordered this run. Nothing is written to the artefact (founder ruling 2026-08-04), so a 0 here means only that nothing was left to move — on a re-run that is expected, and it is NOT evidence the model arranged them unaided. Read this number on the FIRST pass of a freshly generated library or not at all.
      ch_07_canonical.json: 0 of 4 item(s) re-ordered
      ch_07_canonical_p06.json: 4 of 4 item(s) re-ordered
          #1 C-6.2 S1: A–D now hold DABC · correct A -> B
          #2 C-6.2 S2: A–D now hold ADCB · correct B -> D
          #3 C-6.2 S3: A–D now hold DBAC · correct A -> C
          #4 C-6.2 S4: A–D now hold BDAC · correct B -> A
      ch_07_canonical_p08.json: 3 of 4 item(s) re-ordered
          #1 C-6.2 S1: A–D now hold ACBD · correct B -> C
          #2 C-6.2 S2: A–D now hold BCAD · correct C -> B
          #4 C-6.2 S4: A–D now hold ADCB · correct B -> D

== report: genon/out/library_reports/mathematics_ix_ch07_20260818_165902.md ==
deterministic checks: FAILURES — see report
QUARANTINED (not servable): ch_07_canonical_p06.json
Next: open a Cowork session and ask it to present this report for the human gate.
