$ /Library/Developer/CommandLineTools/usr/bin/python3 /Users/kumar_radhakrishnan/main/kumar/AI/aruvi-saas/genon/build_library.py mathematics iii 3 --certify-only

canonical plans written: 323 on authored standards, 17 provisional
brief written: /Users/kumar_radhakrishnan/main/kumar/AI/aruvi-saas/genon/out/briefs/ch_03_top.txt

== STEP 2 · annotate master plan ==
brief written: /Users/kumar_radhakrishnan/main/kumar/AI/aruvi-saas/genon/out/briefs/ch_03_p11.txt
brief written: /Users/kumar_radhakrishnan/main/kumar/AI/aruvi-saas/genon/out/briefs/ch_03_p08.txt

== STEP 6 · arrange MCQ options ==
options arranged: 12 of 30 item(s) re-ordered this run. Nothing is written to the artefact (founder ruling 2026-08-04), so a 0 here means only that nothing was left to move — on a re-run that is expected, and it is NOT evidence the model arranged them unaided. Read this number on the FIRST pass of a freshly generated library or not at all.
      ch_03_canonical.json: 0 of 11 item(s) re-ordered
      ch_03_canonical_p08.json: 4 of 9 item(s) re-ordered
          #2 None #2: A–D now hold ADBC · correct B -> C
          #5 None #5: A–D now hold DABC · correct B -> C
          #8 None #8: A–D now hold DABC · correct B -> C
          #11 None #11: A–D now hold CABD · correct B -> C
      ch_03_canonical_p11.json: 8 of 10 item(s) re-ordered
          #6 None #6: A–D now hold ADCB · correct B -> D
          #9 None #9: A–D now hold ABDC · correct B -> B
          #10 None #10: A–D now hold DBAC · correct B -> B
          #12 None #12: A–D now hold DBCA · correct C -> C
          #13 None #13: A–D now hold DBCA · correct C -> C
          #14 None #14: A–D now hold ADCB · correct D -> B
          #16 None #16: A–D now hold DBAC · correct B -> B
          #18 None #18: A–D now hold ACDB · correct D -> C

== report: genon/out/library_reports/mathematics_iii_ch03_20260820_104949.md ==
deterministic checks: ALL PASS
Next: open a Cowork session and ask it to present this report for the human gate.
