$ /Library/Developer/CommandLineTools/usr/bin/python3 /Users/kumar_radhakrishnan/main/kumar/AI/aruvi-saas/genon/build_library.py science vi 6 --certify-only

canonical plans written: 236 on authored standards, 104 provisional
brief written: /Users/kumar_radhakrishnan/main/kumar/AI/aruvi-saas/genon/out/briefs/ch_06_top.txt

== STEP 2 · annotate master plan ==
brief written: /Users/kumar_radhakrishnan/main/kumar/AI/aruvi-saas/genon/out/briefs/ch_06_p12.txt
brief written: /Users/kumar_radhakrishnan/main/kumar/AI/aruvi-saas/genon/out/briefs/ch_06_p10.txt
brief written: /Users/kumar_radhakrishnan/main/kumar/AI/aruvi-saas/genon/out/briefs/ch_06_p08.txt

== STEP 6 · arrange MCQ options ==
options arranged: 22 of 32 item(s) re-ordered this run. Nothing is written to the artefact (founder ruling 2026-08-04), so a 0 here means only that nothing was left to move — on a re-run that is expected, and it is NOT evidence the model arranged them unaided. Read this number on the FIRST pass of a freshly generated library or not at all.
      ch_06_canonical.json: 0 of 8 item(s) re-ordered
      ch_06_canonical_p08.json: 8 of 8 item(s) re-ordered
          #1 C-1.1 PS1: A–D now hold CDAB · correct A -> C
          #2 C-1.1 PS1: A–D now hold CBAD · correct B -> B
          #3 C-1.1 PS2: A–D now hold BDCA · correct B -> A
          #4 C-1.1 PS2: A–D now hold DCAB · correct C -> B
          #6 C-1.3 PS3: A–D now hold DABC · correct C -> D
          #7 C-1.3 PS3: A–D now hold ACBD · correct B -> C
          #9 C-1.3 PS4: A–D now hold ADCB · correct B -> D
          #10 C-1.3 PS4: A–D now hold DACB · correct C -> C
      ch_06_canonical_p10.json: 7 of 8 item(s) re-ordered
          #2 C-1.1 PS1: A–D now hold DCAB · correct C -> B
          #3 C-1.1 PS2: A–D now hold ABDC · correct A -> A
          #4 C-1.1 PS2: A–D now hold DABC · correct B -> C
          #6 C-1.3 PS3: A–D now hold BACD · correct B -> A
          #7 C-1.3 PS3: A–D now hold DCBA · correct B -> C
          #9 C-1.3 PS4: A–D now hold ABDC · correct B -> B
          #10 C-1.1 PS4: A–D now hold DBCA · correct B -> B
      ch_06_canonical_p12.json: 7 of 8 item(s) re-ordered
          #2 C-1.1 PS1: A–D now hold ACDB · correct C -> B
          #3 C-1.1 PS2: A–D now hold CDAB · correct B -> D
          #4 C-1.1 PS2: A–D now hold CADB · correct C -> A
          #6 C-1.3 PS3: A–D now hold CBAD · correct B -> B
          #7 C-1.3 PS3: A–D now hold BACD · correct B -> A
          #9 C-1.3 PS4: A–D now hold BACD · correct C -> C
          #10 C-1.3 PS4: A–D now hold CABD · correct B -> C

== report: genon/out/library_reports/science_vi_ch06_20260817_123813.md ==
deterministic checks: ALL PASS
Next: open a Cowork session and ask it to present this report for the human gate.
