$ /Library/Developer/CommandLineTools/usr/bin/python3 /Users/kumar_radhakrishnan/main/kumar/AI/aruvi-saas/genon/build_library.py mathematics vi 2 --certify-only

canonical plans written: 281 on authored standards, 59 provisional
brief written: /Users/kumar_radhakrishnan/main/kumar/AI/aruvi-saas/genon/out/briefs/ch_02_top.txt

== STEP 2 · annotate master plan ==
brief written: /Users/kumar_radhakrishnan/main/kumar/AI/aruvi-saas/genon/out/briefs/ch_02_p16.txt
brief written: /Users/kumar_radhakrishnan/main/kumar/AI/aruvi-saas/genon/out/briefs/ch_02_p12.txt

== STEP 6 · arrange MCQ options ==
options arranged: 12 of 19 item(s) re-ordered this run. Nothing is written to the artefact (founder ruling 2026-08-04), so a 0 here means only that nothing was left to move — on a re-run that is expected, and it is NOT evidence the model arranged them unaided. Read this number on the FIRST pass of a freshly generated library or not at all.
      ch_02_canonical.json: 0 of 7 item(s) re-ordered
      ch_02_canonical_p12.json: 5 of 5 item(s) re-ordered
          #1 None #1: A–D now hold DCAB · correct A -> C
          #2 None #2: A–D now hold ACBD · correct B -> C
          #3 None #3: A–D now hold CDBA · correct B -> C
          #4 None #4: A–D now hold ACDB · correct C -> B
          #5 None #5: A–D now hold ACDB · correct C -> B
      ch_02_canonical_p16.json: 7 of 7 item(s) re-ordered
          #1 None #1: A–D now hold DCAB · correct A -> C
          #2 None #2: A–D now hold ABDC · correct A -> A
          #3 None #3: A–D now hold ADBC · correct A -> A
          #5 None #5: A–D now hold ACBD · correct A -> A
          #6 None #6: A–D now hold BCAD · correct A -> C
          #7 None #7: A–D now hold DBAC · correct A -> C
          #8 None #8: A–D now hold CABD · correct A -> B

== report: genon/out/library_reports/mathematics_vi_ch02_20260819_133834.md ==
deterministic checks: FAILURES — see report
Next: open a Cowork session and ask it to present this report for the human gate.
