$ /Library/Developer/CommandLineTools/usr/bin/python3 /Users/kumar_radhakrishnan/main/kumar/AI/aruvi-saas/genon/build_library.py science vii 12 --certify-only

canonical plans written: 236 on authored standards, 104 provisional
brief written: /Users/kumar_radhakrishnan/main/kumar/AI/aruvi-saas/genon/out/briefs/ch_12_top.txt

== STEP 2 · annotate master plan ==
brief written: /Users/kumar_radhakrishnan/main/kumar/AI/aruvi-saas/genon/out/briefs/ch_12_p12.txt
brief written: /Users/kumar_radhakrishnan/main/kumar/AI/aruvi-saas/genon/out/briefs/ch_12_p10.txt
brief written: /Users/kumar_radhakrishnan/main/kumar/AI/aruvi-saas/genon/out/briefs/ch_12_p08.txt

== STEP 6 · arrange MCQ options ==
options arranged: 28 of 38 item(s) re-ordered this run. Nothing is written to the artefact (founder ruling 2026-08-04), so a 0 here means only that nothing was left to move — on a re-run that is expected, and it is NOT evidence the model arranged them unaided. Read this number on the FIRST pass of a freshly generated library or not at all.
      ch_12_canonical.json: 0 of 10 item(s) re-ordered
      ch_12_canonical_p08.json: 8 of 8 item(s) re-ordered
          #1 C-2.5 PS1: A–D now hold ABDC · correct A -> A
          #2 C-2.5 PS1: A–D now hold DCAB · correct A -> C
          #3 C-2.5 PS2: A–D now hold DCAB · correct A -> C
          #4 C-2.5 PS2: A–D now hold BDCA · correct A -> D
          #6 C-2.5 PS3: A–D now hold DCBA · correct A -> D
          #7 C-2.5 PS3: A–D now hold DABC · correct A -> B
          #9 C-2.5 PS4: A–D now hold DCBA · correct A -> D
          #10 C-2.5 PS4: A–D now hold BDAC · correct A -> C
      ch_12_canonical_p10.json: 10 of 10 item(s) re-ordered
          #1 C-2.5 PS1: A–D now hold DCBA · correct B -> C
          #2 C-2.5 PS1: A–D now hold DBAC · correct B -> B
          #3 C-2.5 PS2: A–D now hold ACDB · correct B -> D
          #4 C-2.5 PS2: A–D now hold BACD · correct B -> A
          #6 C-2.5 PS3: A–D now hold BCAD · correct B -> A
          #7 C-2.5 PS3: A–D now hold ABDC · correct B -> B
          #9 C-2.5 PS4: A–D now hold BACD · correct B -> A
          #10 C-2.5 PS4: A–D now hold DBCA · correct A -> D
          #12 C-2.5 PS5: A–D now hold DBCA · correct A -> D
          #13 C-2.5 PS5: A–D now hold ADCB · correct B -> D
      ch_12_canonical_p12.json: 10 of 10 item(s) re-ordered
          #1 C-2.5 PS1: A–D now hold BCAD · correct A -> C
          #2 C-2.5 PS1: A–D now hold DABC · correct A -> B
          #3 C-2.5 PS2: A–D now hold DABC · correct A -> B
          #4 C-2.5 PS2: A–D now hold DACB · correct A -> B
          #6 C-2.5 PS3: A–D now hold CDBA · correct A -> D
          #7 C-2.5 PS3: A–D now hold DACB · correct A -> B
          #9 C-2.5 PS4: A–D now hold DCBA · correct A -> D
          #10 C-2.5 PS4: A–D now hold CADB · correct A -> B
          #12 C-2.5 PS5: A–D now hold ADCB · correct A -> A
          #13 C-2.5 PS5: A–D now hold ABDC · correct A -> A

== report: genon/out/library_reports/science_vii_ch12_20260817_123819.md ==
deterministic checks: ALL PASS
Next: open a Cowork session and ask it to present this report for the human gate.
