$ /Library/Developer/CommandLineTools/usr/bin/python3 /Users/kumar_radhakrishnan/main/kumar/AI/aruvi-saas/genon/build_library.py mathematics iii 10 --certify-only

canonical plans written: 323 on authored standards, 17 provisional
brief written: /Users/kumar_radhakrishnan/main/kumar/AI/aruvi-saas/genon/out/briefs/ch_10_top.txt

== STEP 2 · annotate master plan ==
brief written: /Users/kumar_radhakrishnan/main/kumar/AI/aruvi-saas/genon/out/briefs/ch_10_p11.txt
brief written: /Users/kumar_radhakrishnan/main/kumar/AI/aruvi-saas/genon/out/briefs/ch_10_p08.txt

== STEP 6 · arrange MCQ options ==
options arranged: 6 of 26 item(s) re-ordered this run. Nothing is written to the artefact (founder ruling 2026-08-04), so a 0 here means only that nothing was left to move — on a re-run that is expected, and it is NOT evidence the model arranged them unaided. Read this number on the FIRST pass of a freshly generated library or not at all.
      ch_10_canonical.json: 0 of 9 item(s) re-ordered
      ch_10_canonical_p08.json: 6 of 7 item(s) re-ordered
          #3 None #3: A–D now hold DCBA · correct A -> D
          #5 None #5: A–D now hold CABD · correct A -> B
          #7 None #7: A–D now hold BCAD · correct B -> A
          #10 None #10: A–D now hold BCDA · correct A -> D
          #12 None #12: A–D now hold DCAB · correct A -> C
          #15 None #15: A–D now hold DCAB · correct B -> D
      ch_10_canonical_p11.json: 0 of 10 item(s) re-ordered

== report: genon/out/library_reports/mathematics_iii_ch10_20260820_124616.md ==
deterministic checks: FAILURES — see report
QUARANTINED (not servable): ch_10_canonical_p08.json
Next: open a Cowork session and ask it to present this report for the human gate.
