$ /Library/Developer/CommandLineTools/usr/bin/python3 /Users/kumar_radhakrishnan/main/kumar/AI/aruvi-saas/genon/build_library.py social_sciences vi 9 --certify-only

canonical plans written: 188 on authored standards, 152 provisional
brief written: /Users/kumar_radhakrishnan/main/kumar/AI/aruvi-saas/genon/out/briefs/ch_09_top.txt

== STEP 2 · annotate master plan ==
brief written: /Users/kumar_radhakrishnan/main/kumar/AI/aruvi-saas/genon/out/briefs/ch_09_p12.txt
brief written: /Users/kumar_radhakrishnan/main/kumar/AI/aruvi-saas/genon/out/briefs/ch_09_p09.txt

== STEP 6 · arrange MCQ options ==
options arranged: 20 of 30 item(s) re-ordered this run. Nothing is written to the artefact (founder ruling 2026-08-04), so a 0 here means only that nothing was left to move — on a re-run that is expected, and it is NOT evidence the model arranged them unaided. Read this number on the FIRST pass of a freshly generated library or not at all.
      ch_09_canonical.json: 0 of 10 item(s) re-ordered
      ch_09_canonical_p09.json: 10 of 10 item(s) re-ordered
          #1 C-4.1 U1: A–D now hold ACBD · correct B -> C
          #2 C-4.1 U7: A–D now hold BACD · correct B -> A
          #6 C-7.1 U2: A–D now hold DCAB · correct B -> D
          #7 C-7.1 U7: A–D now hold CBAD · correct B -> B
          #9 C-3.2 U8: A–D now hold DCBA · correct B -> C
          #10 C-3.2 U8: A–D now hold CDAB · correct A -> C
          #11 C-5.1 U5: A–D now hold ACBD · correct A -> A
          #12 C-5.1 U8: A–D now hold CADB · correct B -> D
          #13 C-4.2 U3: A–D now hold DACB · correct B -> D
          #14 C-4.2 U5: A–D now hold BACD · correct B -> A
      ch_09_canonical_p12.json: 10 of 10 item(s) re-ordered
          #1 C-4.1 U1: A–D now hold BACD · correct B -> A
          #2 C-4.1 U7: A–D now hold DBAC · correct B -> B
          #6 C-7.1 U2: A–D now hold DBAC · correct B -> B
          #7 C-7.1 U8: A–D now hold CADB · correct C -> A
          #9 C-3.2 U9: A–D now hold CBDA · correct C -> A
          #10 C-3.2 U10: A–D now hold ADBC · correct B -> C
          #11 C-5.1 U5: A–D now hold ACDB · correct C -> B
          #12 C-5.1 U9: A–D now hold BCDA · correct C -> B
          #13 C-4.2 U3: A–D now hold BADC · correct B -> A
          #14 C-4.2 U9: A–D now hold BCAD · correct B -> A

== report: genon/out/library_reports/social_sciences_vi_ch09_20260816_101632.md ==
deterministic checks: FAILURES — see report
Next: open a Cowork session and ask it to present this report for the human gate.
