$ /Library/Developer/CommandLineTools/usr/bin/python3 /Users/kumar_radhakrishnan/main/kumar/AI/aruvi-saas/genon/build_library.py the_world_around_us iv 3 --certify-only

canonical plans written: 40 on authored standards, 300 provisional
brief written: /Users/kumar_radhakrishnan/main/kumar/AI/aruvi-saas/genon/out/briefs/ch_03_top.txt

== STEP 2 · annotate master plan ==
brief written: /Users/kumar_radhakrishnan/main/kumar/AI/aruvi-saas/genon/out/briefs/ch_03_p13.txt
brief written: /Users/kumar_radhakrishnan/main/kumar/AI/aruvi-saas/genon/out/briefs/ch_03_p10.txt

== STEP 6 · arrange MCQ options ==
options arranged: 7 of 12 item(s) re-ordered this run. Nothing is written to the artefact (founder ruling 2026-08-04), so a 0 here means only that nothing was left to move — on a re-run that is expected, and it is NOT evidence the model arranged them unaided. Read this number on the FIRST pass of a freshly generated library or not at all.
      ch_03_canonical.json: 0 of 5 item(s) re-ordered
      ch_03_canonical_p10.json: 3 of 3 item(s) re-ordered
          #1 C-3.1 U1: A–D now hold BADC · correct C -> D
          #4 C-6.1 U4: A–D now hold DACB · correct A -> B
          #7 C-1.1 U7: A–D now hold CADB · correct A -> B
      ch_03_canonical_p13.json: 4 of 4 item(s) re-ordered
          #1 C-3.1 U1: A–D now hold BDAC · correct B -> A
          #3 C-6.1 U3: A–D now hold ADCB · correct C -> C
          #5 C-1.1 U5: A–D now hold DCAB · correct B -> D
          #8 C-1.1 U8: A–D now hold DBAC · correct B -> B

== report: genon/out/library_reports/the_world_around_us_iv_ch03_20260812_145756.md ==
deterministic checks: FAILURES — see report
Next: open a Cowork session and ask it to present this report for the human gate.
