$ /Library/Developer/CommandLineTools/usr/bin/python3 /Users/kumar_radhakrishnan/main/kumar/AI/aruvi-saas/genon/build_library.py mathematics iv 1 --certify-only

canonical plans written: 320 on authored standards, 20 provisional
brief written: /Users/kumar_radhakrishnan/main/kumar/AI/aruvi-saas/genon/out/briefs/ch_01_top.txt

== STEP 2 · annotate master plan ==
brief written: /Users/kumar_radhakrishnan/main/kumar/AI/aruvi-saas/genon/out/briefs/ch_01_p11.txt
brief written: /Users/kumar_radhakrishnan/main/kumar/AI/aruvi-saas/genon/out/briefs/ch_01_p08.txt

== STEP 6 · arrange MCQ options ==
options arranged: 12 of 13 item(s) re-ordered this run. Nothing is written to the artefact (founder ruling 2026-08-04), so a 0 here means only that nothing was left to move — on a re-run that is expected, and it is NOT evidence the model arranged them unaided. Read this number on the FIRST pass of a freshly generated library or not at all.
      ch_01_canonical.json: 12 of 13 item(s) re-ordered
          #2 None #2: A–D now hold CBAD · correct A -> C
          #5 None #5: A–D now hold BDCA · correct A -> D
          #9 None #9: A–D now hold DACB · correct A -> B
          #10 None #10: A–D now hold BACD · correct A -> B
          #12 None #12: A–D now hold BADC · correct A -> B
          #13 None #13: A–D now hold DABC · correct A -> B
          #16 None #16: A–D now hold ACBD · correct A -> A
          #19 None #19: A–D now hold DABC · correct A -> B
          #24 None #24: A–D now hold BACD · correct A -> B
          #25 None #25: A–D now hold ABDC · correct A -> A
          #28 None #28: A–D now hold DBAC · correct A -> C
          #29 None #29: A–D now hold DACB · correct A -> B

== report: genon/out/library_reports/mathematics_iv_ch01_20260819_174030.md ==
deterministic checks: FAILURES — see report
Next: open a Cowork session and ask it to present this report for the human gate.
