$ /Library/Developer/CommandLineTools/usr/bin/python3 /Users/kumar_radhakrishnan/main/kumar/AI/aruvi-saas/genon/build_library.py social_sciences ix 5 --certify-only

canonical plans written: 48 on authored standards, 292 provisional
brief written: /Users/kumar_radhakrishnan/main/kumar/AI/aruvi-saas/genon/out/briefs/ch_05_top.txt

== STEP 2 · annotate master plan ==
brief written: /Users/kumar_radhakrishnan/main/kumar/AI/aruvi-saas/genon/out/briefs/ch_05_p17.txt
brief written: /Users/kumar_radhakrishnan/main/kumar/AI/aruvi-saas/genon/out/briefs/ch_05_p13.txt

== STEP 6 · arrange MCQ options ==
options arranged: 21 of 33 item(s) re-ordered this run. Nothing is written to the artefact (founder ruling 2026-08-04), so a 0 here means only that nothing was left to move — on a re-run that is expected, and it is NOT evidence the model arranged them unaided. Read this number on the FIRST pass of a freshly generated library or not at all.
      ch_05_canonical.json: 0 of 11 item(s) re-ordered
      ch_05_canonical_p13.json: 10 of 11 item(s) re-ordered
          #1 C-1.3 U5: A–D now hold CADB · correct B -> D
          #6 C-1.1 U2: A–D now hold DBAC · correct C -> D
          #9 C-1.2 U5: A–D now hold BADC · correct D -> C
          #11 C-1.4 U3: A–D now hold CBAD · correct B -> B
          #13 C-5.1 U4: A–D now hold CDBA · correct A -> D
          #16 C-8.3 U12: A–D now hold DBCA · correct B -> B
          #20 C-5.4 U4: A–D now hold ABDC · correct B -> B
          #22 C-7.4 U12: A–D now hold ADBC · correct C -> D
          #24 C-6.2 U8: A–D now hold CBDA · correct B -> B
          #26 C-9.1 U10: A–D now hold ACBD · correct B -> C
      ch_05_canonical_p17.json: 11 of 11 item(s) re-ordered
          #1 C-1.3 U4: A–D now hold BACD · correct A -> B
          #6 C-1.1 U8: A–D now hold DACB · correct A -> B
          #9 C-1.2 U4: A–D now hold ADCB · correct A -> A
          #12 C-1.4 U11: A–D now hold ADBC · correct A -> A
          #15 C-5.1 U3: A–D now hold CBAD · correct A -> C
          #18 C-8.3 U14: A–D now hold DCAB · correct A -> C
          #21 C-6.1 U10: A–D now hold ACDB · correct A -> A
          #24 C-5.4 U3: A–D now hold CADB · correct A -> B
          #26 C-7.4 U14: A–D now hold BADC · correct A -> B
          #28 C-6.2 U8: A–D now hold ADCB · correct A -> A
          #30 C-9.1 U11: A–D now hold DBAC · correct A -> C

== report: genon/out/library_reports/social_sciences_ix_ch05_20260812_185027.md ==
deterministic checks: FAILURES — see report
Next: open a Cowork session and ask it to present this report for the human gate.
