$ /Library/Developer/CommandLineTools/usr/bin/python3 /Users/kumar_radhakrishnan/main/kumar/AI/aruvi-saas/genon/build_library.py social_sciences vii 8 --certify-only

canonical plans written: 188 on authored standards, 152 provisional
brief written: /Users/kumar_radhakrishnan/main/kumar/AI/aruvi-saas/genon/out/briefs/ch_08_top.txt

== STEP 2 · annotate master plan ==
brief written: /Users/kumar_radhakrishnan/main/kumar/AI/aruvi-saas/genon/out/briefs/ch_08_p13.txt
brief written: /Users/kumar_radhakrishnan/main/kumar/AI/aruvi-saas/genon/out/briefs/ch_08_p10.txt

== STEP 6 · arrange MCQ options ==
options arranged: 14 of 22 item(s) re-ordered this run. Nothing is written to the artefact (founder ruling 2026-08-04), so a 0 here means only that nothing was left to move — on a re-run that is expected, and it is NOT evidence the model arranged them unaided. Read this number on the FIRST pass of a freshly generated library or not at all.
      ch_08_canonical.json: 0 of 8 item(s) re-ordered
      ch_08_canonical_p10.json: 8 of 8 item(s) re-ordered
          #1 C-7.1 U3: A–D now hold ABDC · correct B -> B
          #2 C-7.1 U4: A–D now hold ADCB · correct C -> C
          #6 C-6.3 U5: A–D now hold CABD · correct C -> A
          #7 C-6.3 U9: A–D now hold BACD · correct B -> A
          #9 C-7.2 U4: A–D now hold DCAB · correct A -> C
          #10 C-7.2 U8: A–D now hold CDAB · correct B -> D
          #11 C-7.3 U2: A–D now hold BCAD · correct B -> A
          #12 C-7.3 U2: A–D now hold BADC · correct B -> A
      ch_08_canonical_p13.json: 6 of 6 item(s) re-ordered
          #1 C-7.1 U2: A–D now hold DCBA · correct B -> C
          #2 C-7.1 U5: A–D now hold CBAD · correct C -> A
          #6 C-6.3 U6: A–D now hold BADC · correct B -> A
          #7 C-6.3 U9: A–D now hold DCBA · correct B -> C
          #9 C-7.2 U4: A–D now hold CABD · correct B -> C
          #10 C-7.3 U2: A–D now hold DACB · correct C -> C

== report: genon/out/library_reports/social_sciences_vii_ch08_20260816_101637.md ==
deterministic checks: FAILURES — see report
QUARANTINED (not servable): ch_08_canonical_p13.json
Next: open a Cowork session and ask it to present this report for the human gate.
