$ /Library/Developer/CommandLineTools/usr/bin/python3 /Users/kumar_radhakrishnan/main/kumar/AI/aruvi-saas/genon/build_library.py science vii 4 --certify-only

canonical plans written: 235 on authored standards, 105 provisional
brief written: /Users/kumar_radhakrishnan/main/kumar/AI/aruvi-saas/genon/out/briefs/ch_04_top.txt

== STEP 2 · annotate master plan ==
brief written: /Users/kumar_radhakrishnan/main/kumar/AI/aruvi-saas/genon/out/briefs/ch_04_p15.txt
brief written: /Users/kumar_radhakrishnan/main/kumar/AI/aruvi-saas/genon/out/briefs/ch_04_p13.txt
brief written: /Users/kumar_radhakrishnan/main/kumar/AI/aruvi-saas/genon/out/briefs/ch_04_p11.txt
brief written: /Users/kumar_radhakrishnan/main/kumar/AI/aruvi-saas/genon/out/briefs/ch_04_p09.txt

== STEP 6 · arrange MCQ options ==
options arranged: 10 of 10 item(s) re-ordered this run. Nothing is written to the artefact (founder ruling 2026-08-04), so a 0 here means only that nothing was left to move — on a re-run that is expected, and it is NOT evidence the model arranged them unaided. Read this number on the FIRST pass of a freshly generated library or not at all.
      ch_04_canonical.json: 10 of 10 item(s) re-ordered
          #1 C-1.1 PS1: A–D now hold DBCA · correct B -> B
          #2 C-1.1 PS1: A–D now hold DCAB · correct B -> D
          #3 C-1.1 PS2: A–D now hold DABC · correct B -> C
          #4 C-1.1 PS2: A–D now hold CDBA · correct C -> A
          #6 C-1.2 PS3: A–D now hold BCDA · correct C -> B
          #7 C-1.2 PS3: A–D now hold BCAD · correct A -> C
          #9 C-1.2 PS4: A–D now hold CDBA · correct A -> D
          #10 C-1.2 PS4: A–D now hold BDCA · correct A -> D
          #12 C-1.1 PS5: A–D now hold ADCB · correct B -> D
          #13 C-1.2 PS5: A–D now hold ACDB · correct B -> D

== report: genon/out/library_reports/science_vii_ch04_20260817_115434.md ==
deterministic checks: FAILURES — see report
Next: open a Cowork session and ask it to present this report for the human gate.
