$ /Library/Developer/CommandLineTools/usr/bin/python3 /Users/kumar_radhakrishnan/main/kumar/AI/aruvi-saas/genon/build_library.py science vi 6 --certify-only

canonical plans written: 236 on authored standards, 104 provisional
brief written: /Users/kumar_radhakrishnan/main/kumar/AI/aruvi-saas/genon/out/briefs/ch_06_top.txt

== STEP 2 · annotate master plan ==
brief written: /Users/kumar_radhakrishnan/main/kumar/AI/aruvi-saas/genon/out/briefs/ch_06_p12.txt
brief written: /Users/kumar_radhakrishnan/main/kumar/AI/aruvi-saas/genon/out/briefs/ch_06_p10.txt
brief written: /Users/kumar_radhakrishnan/main/kumar/AI/aruvi-saas/genon/out/briefs/ch_06_p08.txt

== STEP 6 · arrange MCQ options ==
options arranged: 8 of 8 item(s) re-ordered this run. Nothing is written to the artefact (founder ruling 2026-08-04), so a 0 here means only that nothing was left to move — on a re-run that is expected, and it is NOT evidence the model arranged them unaided. Read this number on the FIRST pass of a freshly generated library or not at all.
      ch_06_canonical.json: 8 of 8 item(s) re-ordered
          #1 C-1.1 PS1: A–D now hold DABC · correct B -> C
          #2 C-1.1 PS1: A–D now hold ACBD · correct A -> A
          #3 C-1.1 PS2: A–D now hold DACB · correct B -> D
          #4 C-1.1 PS2: A–D now hold BACD · correct A -> B
          #6 C-1.3 PS3: A–D now hold CDAB · correct A -> C
          #7 C-1.3 PS3: A–D now hold BDAC · correct A -> C
          #9 C-1.3 PS4: A–D now hold DCAB · correct B -> D
          #10 C-1.1 PS4: A–D now hold BCAD · correct C -> B

== report: genon/out/library_reports/science_vi_ch06_20260817_115431.md ==
deterministic checks: FAILURES — see report
Next: open a Cowork session and ask it to present this report for the human gate.
