$ /Library/Developer/CommandLineTools/usr/bin/python3 /Users/kumar_radhakrishnan/main/kumar/AI/aruvi-saas/genon/build_library.py mathematics iv 4 --certify-only

canonical plans written: 323 on authored standards, 17 provisional
brief written: /Users/kumar_radhakrishnan/main/kumar/AI/aruvi-saas/genon/out/briefs/ch_04_top.txt

== STEP 2 · annotate master plan ==
brief written: /Users/kumar_radhakrishnan/main/kumar/AI/aruvi-saas/genon/out/briefs/ch_04_p10.txt
brief written: /Users/kumar_radhakrishnan/main/kumar/AI/aruvi-saas/genon/out/briefs/ch_04_p07.txt

== STEP 6 · arrange MCQ options ==
options arranged: 14 of 22 item(s) re-ordered this run. Nothing is written to the artefact (founder ruling 2026-08-04), so a 0 here means only that nothing was left to move — on a re-run that is expected, and it is NOT evidence the model arranged them unaided. Read this number on the FIRST pass of a freshly generated library or not at all.
      ch_04_canonical.json: 0 of 6 item(s) re-ordered
      ch_04_canonical_p07.json: 6 of 7 item(s) re-ordered
          #6 None #6: A–D now hold DABC · correct D -> A
          #7 None #7: A–D now hold BCDA · correct C -> B
          #9 None #9: A–D now hold ACDB · correct C -> B
          #12 None #12: A–D now hold ACBD · correct C -> B
          #13 None #13: A–D now hold CBDA · correct B -> B
          #15 None #15: A–D now hold CBAD · correct C -> A
      ch_04_canonical_p10.json: 8 of 9 item(s) re-ordered
          #6 None #6: A–D now hold DABC · correct D -> A
          #7 None #7: A–D now hold CBDA · correct C -> A
          #9 None #9: A–D now hold DABC · correct B -> C
          #10 None #10: A–D now hold ACBD · correct C -> B
          #12 None #12: A–D now hold BCDA · correct B -> A
          #16 None #16: A–D now hold ACBD · correct C -> B
          #17 None #17: A–D now hold DBAC · correct A -> C
          #19 None #19: A–D now hold ADBC · correct C -> D

== report: genon/out/library_reports/mathematics_iv_ch04_20260820_104955.md ==
deterministic checks: ALL PASS
Next: open a Cowork session and ask it to present this report for the human gate.
