$ /Library/Developer/CommandLineTools/usr/bin/python3 /Users/kumar_radhakrishnan/main/kumar/AI/aruvi-saas/genon/build_library.py social_sciences vii 12 --certify-only

canonical plans written: 188 on authored standards, 152 provisional
brief written: /Users/kumar_radhakrishnan/main/kumar/AI/aruvi-saas/genon/out/briefs/ch_12_top.txt

== STEP 2 · annotate master plan ==
brief written: /Users/kumar_radhakrishnan/main/kumar/AI/aruvi-saas/genon/out/briefs/ch_12_p15.txt
brief written: /Users/kumar_radhakrishnan/main/kumar/AI/aruvi-saas/genon/out/briefs/ch_12_p11.txt

== STEP 6 · arrange MCQ options ==
options arranged: 10 of 10 item(s) re-ordered this run. Nothing is written to the artefact (founder ruling 2026-08-04), so a 0 here means only that nothing was left to move — on a re-run that is expected, and it is NOT evidence the model arranged them unaided. Read this number on the FIRST pass of a freshly generated library or not at all.
      ch_12_canonical.json: 10 of 10 item(s) re-ordered
          #1 C-9.1 U1: A–D now hold BCDA · correct B -> A
          #2 C-9.1 U6: A–D now hold BCAD · correct B -> A
          #6 C-4.1 U9: A–D now hold ACBD · correct C -> B
          #7 C-4.1 U11: A–D now hold DABC · correct C -> D
          #9 C-4.2 U9: A–D now hold BADC · correct B -> A
          #10 C-4.2 U11: A–D now hold BDCA · correct C -> C
          #11 C-6.2 U4: A–D now hold BADC · correct B -> A
          #12 C-6.2 U4: A–D now hold BADC · correct B -> A
          #13 C-10.1 U1: A–D now hold ACBD · correct B -> C
          #14 C-10.1 U11: A–D now hold BDAC · correct B -> A

== report: genon/out/library_reports/social_sciences_vii_ch12_20260816_092043.md ==
deterministic checks: FAILURES — see report
Next: open a Cowork session and ask it to present this report for the human gate.
