$ /Library/Developer/CommandLineTools/usr/bin/python3 /Users/kumar_radhakrishnan/main/kumar/AI/aruvi-saas/genon/build_library.py science vi 9 --certify-only

canonical plans written: 236 on authored standards, 104 provisional
brief written: /Users/kumar_radhakrishnan/main/kumar/AI/aruvi-saas/genon/out/briefs/ch_09_top.txt

== STEP 2 · annotate master plan ==
brief written: /Users/kumar_radhakrishnan/main/kumar/AI/aruvi-saas/genon/out/briefs/ch_09_p18.txt
brief written: /Users/kumar_radhakrishnan/main/kumar/AI/aruvi-saas/genon/out/briefs/ch_09_p16.txt
brief written: /Users/kumar_radhakrishnan/main/kumar/AI/aruvi-saas/genon/out/briefs/ch_09_p14.txt
brief written: /Users/kumar_radhakrishnan/main/kumar/AI/aruvi-saas/genon/out/briefs/ch_09_p12.txt

== STEP 6 · arrange MCQ options ==
options arranged: 33 of 46 item(s) re-ordered this run. Nothing is written to the artefact (founder ruling 2026-08-04), so a 0 here means only that nothing was left to move — on a re-run that is expected, and it is NOT evidence the model arranged them unaided. Read this number on the FIRST pass of a freshly generated library or not at all.
      ch_09_canonical.json: 0 of 10 item(s) re-ordered
      ch_09_canonical_p12.json: 8 of 8 item(s) re-ordered
          #1 C-1.1 PS1: A–D now hold DABC · correct B -> C
          #2 C-1.1 PS1: A–D now hold BCAD · correct D -> D
          #3 C-1.1 PS2: A–D now hold CABD · correct B -> C
          #4 C-1.2 PS2: A–D now hold CBDA · correct C -> A
          #6 C-1.1 PS3: A–D now hold ADBC · correct C -> D
          #7 C-1.1 PS3: A–D now hold DBAC · correct B -> B
          #9 C-1.2 PS4: A–D now hold BADC · correct B -> A
          #10 C-1.1 PS4: A–D now hold ACDB · correct B -> D
      ch_09_canonical_p14.json: 10 of 10 item(s) re-ordered
          #1 C-1.1 PS1: A–D now hold ADBC · correct A -> A
          #2 C-1.1 PS1: A–D now hold DCAB · correct A -> C
          #3 C-1.1 PS2: A–D now hold CDAB · correct A -> C
          #4 C-1.1 PS2: A–D now hold ACBD · correct A -> A
          #6 C-1.2 PS3: A–D now hold CDBA · correct A -> D
          #7 C-1.2 PS3: A–D now hold DABC · correct A -> B
          #9 C-1.1 PS4: A–D now hold CADB · correct C -> A
          #10 C-1.1 PS4: A–D now hold DBCA · correct B -> B
          #12 C-1.1 PS5: A–D now hold CBAD · correct C -> A
          #13 C-1.1 PS5: A–D now hold CDAB · correct A -> C
      ch_09_canonical_p16.json: 6 of 8 item(s) re-ordered
          #2 C-1.1 PS1: A–D now hold BDAC · correct A -> C
          #3 C-1.1 PS2: A–D now hold CDBA · correct A -> D
          #4 C-1.1 PS2: A–D now hold DABC · correct A -> B
          #6 C-1.2 PS3: A–D now hold BCDA · correct A -> D
          #7 C-1.1 PS3: A–D now hold DABC · correct A -> B
          #9 C-1.1 PS4: A–D now hold ACDB · correct A -> A
      ch_09_canonical_p18.json: 9 of 10 item(s) re-ordered
          #2 C-1.1 PS1: A–D now hold DBAC · correct B -> B
          #3 C-1.1 PS2: A–D now hold CABD · correct B -> C
          #4 C-1.1 PS2: A–D now hold DBCA · correct B -> B
          #6 C-1.2 PS3: A–D now hold CDAB · correct A -> C
          #7 C-1.2 PS3: A–D now hold ABDC · correct B -> B
          #9 C-1.1 PS4: A–D now hold DABC · correct B -> C
          #10 C-1.1 PS4: A–D now hold DCBA · correct B -> C
          #12 C-1.1 PS5: A–D now hold DCAB · correct A -> C
          #13 C-1.1 PS5: A–D now hold ACBD · correct B -> C

== report: genon/out/library_reports/science_vi_ch09_20260817_123814.md ==
deterministic checks: ALL PASS
Next: open a Cowork session and ask it to present this report for the human gate.
