$ /Library/Developer/CommandLineTools/usr/bin/python3 /Users/kumar_radhakrishnan/main/kumar/AI/aruvi-saas/genon/build_library.py mathematics iii 6 --certify-only

canonical plans written: 323 on authored standards, 17 provisional
brief written: /Users/kumar_radhakrishnan/main/kumar/AI/aruvi-saas/genon/out/briefs/ch_06_top.txt

== STEP 2 · annotate master plan ==
brief written: /Users/kumar_radhakrishnan/main/kumar/AI/aruvi-saas/genon/out/briefs/ch_06_p11.txt
brief written: /Users/kumar_radhakrishnan/main/kumar/AI/aruvi-saas/genon/out/briefs/ch_06_p08.txt

== STEP 6 · arrange MCQ options ==
options arranged: 11 of 21 item(s) re-ordered this run. Nothing is written to the artefact (founder ruling 2026-08-04), so a 0 here means only that nothing was left to move — on a re-run that is expected, and it is NOT evidence the model arranged them unaided. Read this number on the FIRST pass of a freshly generated library or not at all.
      ch_06_canonical.json: 0 of 8 item(s) re-ordered
      ch_06_canonical_p08.json: 7 of 7 item(s) re-ordered
          #5 None #5: A–D now hold CABD · correct A -> B
          #7 None #7: A–D now hold DCAB · correct B -> D
          #9 None #9: A–D now hold ADCB · correct B -> D
          #16 None #16: A–D now hold ACDB · correct C -> B
          #20 None #20: A–D now hold ADBC · correct B -> C
          #24 None #24: A–D now hold DCAB · correct A -> C
          #26 None #26: A–D now hold DBAC · correct D -> A
      ch_06_canonical_p11.json: 4 of 6 item(s) re-ordered
          #4 None #4: A–D now hold CDBA · correct A -> D
          #6 None #6: A–D now hold DBAC · correct A -> C
          #12 None #12: A–D now hold BDAC · correct A -> C
          #14 None #14: A–D now hold CABD · correct C -> A

== report: genon/out/library_reports/mathematics_iii_ch06_20260820_104950.md ==
deterministic checks: ALL PASS
Next: open a Cowork session and ask it to present this report for the human gate.
