$ /usr/bin/python3 /sessions/cool-sweet-heisenberg/mnt/aruvi-saas/genon/build_library.py mathematics ix 5 --certify-only

canonical plans written: 243 on authored standards, 97 provisional
brief written: /sessions/cool-sweet-heisenberg/mnt/aruvi-saas/genon/out/briefs/ch_05_top.txt

== STEP 2 · annotate master plan ==
brief written: /sessions/cool-sweet-heisenberg/mnt/aruvi-saas/genon/out/briefs/ch_05_p12.txt
brief written: /sessions/cool-sweet-heisenberg/mnt/aruvi-saas/genon/out/briefs/ch_05_p09.txt

== STEP 6 · arrange MCQ options ==
options arranged: 6 of 10 item(s) re-ordered this run. Nothing is written to the artefact (founder ruling 2026-08-04), so a 0 here means only that nothing was left to move — on a re-run that is expected, and it is NOT evidence the model arranged them unaided. Read this number on the FIRST pass of a freshly generated library or not at all.
      ch_05_canonical.json: 0 of 4 item(s) re-ordered
      ch_05_canonical_p09.json: 3 of 3 item(s) re-ordered
          #1 C-4.3 S1: A–D now hold CADB · correct A -> B
          #4 C-4.3 S3: A–D now hold DABC · correct C -> D
          #9 C-4.3 S8: A–D now hold DBCA · correct A -> D
      ch_05_canonical_p12.json: 3 of 3 item(s) re-ordered
          #1 C-4.3 S1: A–D now hold DABC · correct A -> B
          #2 C-4.3 S2: A–D now hold CBAD · correct B -> B
          #8 C-4.3 S8: A–D now hold ACBD · correct B -> C

== report: genon/out/library_reports/mathematics_ix_ch05_20260818_165901.md ==
deterministic checks: FAILURES — see report
Next: open a Cowork session and ask it to present this report for the human gate.
