$ /Library/Developer/CommandLineTools/usr/bin/python3 /Users/kumar_radhakrishnan/main/kumar/AI/aruvi-saas/genon/build_library.py social_sciences vi 4 --certify-only

canonical plans written: 188 on authored standards, 152 provisional
brief written: /Users/kumar_radhakrishnan/main/kumar/AI/aruvi-saas/genon/out/briefs/ch_04_top.txt

== STEP 2 · annotate master plan ==
brief written: /Users/kumar_radhakrishnan/main/kumar/AI/aruvi-saas/genon/out/briefs/ch_04_p12.txt
brief written: /Users/kumar_radhakrishnan/main/kumar/AI/aruvi-saas/genon/out/briefs/ch_04_p09.txt

== STEP 6 · arrange MCQ options ==
options arranged: 8 of 8 item(s) re-ordered this run. Nothing is written to the artefact (founder ruling 2026-08-04), so a 0 here means only that nothing was left to move — on a re-run that is expected, and it is NOT evidence the model arranged them unaided. Read this number on the FIRST pass of a freshly generated library or not at all.
      ch_04_canonical.json: 8 of 8 item(s) re-ordered
          #1 C-1.1 U5: A–D now hold CDBA · correct A -> D
          #2 C-1.1 U6: A–D now hold CBDA · correct C -> A
          #6 C-1.2 U3: A–D now hold ABDC · correct B -> B
          #7 C-1.2 U4: A–D now hold ADCB · correct B -> D
          #9 C-3.1 U10: A–D now hold BACD · correct A -> B
          #10 C-3.1 U11: A–D now hold CBAD · correct A -> C
          #12 C-5.1 U12: A–D now hold CBDA · correct B -> B
          #13 C-5.1 U12: A–D now hold CDAB · correct B -> D

== report: genon/out/library_reports/social_sciences_vi_ch04_20260816_092037.md ==
deterministic checks: FAILURES — see report
Next: open a Cowork session and ask it to present this report for the human gate.
