$ /Library/Developer/CommandLineTools/usr/bin/python3 /Users/kumar_radhakrishnan/main/kumar/AI/aruvi-saas/genon/build_library.py social_sciences viii 15 --certify-only

canonical plans written: 188 on authored standards, 152 provisional
brief written: /Users/kumar_radhakrishnan/main/kumar/AI/aruvi-saas/genon/out/briefs/ch_15_top.txt

== STEP 2 · annotate master plan ==
brief written: /Users/kumar_radhakrishnan/main/kumar/AI/aruvi-saas/genon/out/briefs/ch_15_p14.txt
brief written: /Users/kumar_radhakrishnan/main/kumar/AI/aruvi-saas/genon/out/briefs/ch_15_p10.txt

== STEP 6 · arrange MCQ options ==
options arranged: 14 of 42 item(s) re-ordered this run. Nothing is written to the artefact (founder ruling 2026-08-04), so a 0 here means only that nothing was left to move — on a re-run that is expected, and it is NOT evidence the model arranged them unaided. Read this number on the FIRST pass of a freshly generated library or not at all.
      ch_15_canonical.json: 0 of 14 item(s) re-ordered
      ch_15_canonical_p10.json: 0 of 14 item(s) re-ordered
      ch_15_canonical_p14.json: 14 of 14 item(s) re-ordered
          #1 C-7.1 U6: A–D now hold DCAB · correct B -> D
          #2 C-7.1 U13: A–D now hold BCDA · correct C -> B
          #6 C-2.2 U2: A–D now hold DACB · correct B -> D
          #7 C-2.2 U9: A–D now hold BCDA · correct B -> A
          #9 C-3.2 U3: A–D now hold BACD · correct B -> A
          #10 C-3.2 U10: A–D now hold CBDA · correct B -> B
          #12 C-5.1 U8: A–D now hold CBAD · correct B -> B
          #13 C-5.1 U3: A–D now hold CBAD · correct B -> B
          #15 C-10.1 U11: A–D now hold CBDA · correct B -> B
          #16 C-10.1 U14: A–D now hold ADBC · correct B -> C
          #18 C-1.1 U6: A–D now hold ACDB · correct B -> D
          #19 C-1.1 U8: A–D now hold BDAC · correct B -> A
          #20 C-2.1 U9: A–D now hold BACD · correct B -> A
          #21 C-2.1 U13: A–D now hold CBAD · correct A -> C

== report: genon/out/library_reports/social_sciences_viii_ch15_20260816_115149.md ==
deterministic checks: FAILURES — see report
QUARANTINED (not servable): ch_15_canonical_p14.json
Next: open a Cowork session and ask it to present this report for the human gate.
