$ /Library/Developer/CommandLineTools/usr/bin/python3 /Users/kumar_radhakrishnan/main/kumar/AI/aruvi-saas/genon/build_library.py social_sciences viii 6 --certify-only

canonical plans written: 188 on authored standards, 152 provisional
brief written: /Users/kumar_radhakrishnan/main/kumar/AI/aruvi-saas/genon/out/briefs/ch_06_top.txt

== STEP 2 · annotate master plan ==
brief written: /Users/kumar_radhakrishnan/main/kumar/AI/aruvi-saas/genon/out/briefs/ch_06_p10.txt
brief written: /Users/kumar_radhakrishnan/main/kumar/AI/aruvi-saas/genon/out/briefs/ch_06_p07.txt

== STEP 6 · arrange MCQ options ==
options arranged: 18 of 28 item(s) re-ordered this run. Nothing is written to the artefact (founder ruling 2026-08-04), so a 0 here means only that nothing was left to move — on a re-run that is expected, and it is NOT evidence the model arranged them unaided. Read this number on the FIRST pass of a freshly generated library or not at all.
      ch_06_canonical.json: 0 of 9 item(s) re-ordered
      ch_06_canonical_p07.json: 9 of 10 item(s) re-ordered
          #1 C-4.1 U1: A–D now hold BDAC · correct A -> C
          #2 C-4.1 U7: A–D now hold BCDA · correct B -> A
          #6 C-4.2 U4: A–D now hold ACBD · correct A -> A
          #7 C-4.2 U7: A–D now hold DBCA · correct B -> B
          #9 C-8.2 U3: A–D now hold ADCB · correct B -> D
          #12 C-8.1 U3: A–D now hold DBAC · correct A -> C
          #13 C-8.1 U3: A–D now hold BDAC · correct A -> C
          #14 C-10.1 U3: A–D now hold DBAC · correct B -> B
          #15 C-10.1 U3: A–D now hold DBAC · correct B -> B
      ch_06_canonical_p10.json: 9 of 9 item(s) re-ordered
          #1 C-4.1 U2: A–D now hold DBAC · correct B -> B
          #2 C-4.1 U8: A–D now hold DCAB · correct C -> B
          #6 C-4.2 U6: A–D now hold DACB · correct B -> D
          #7 C-4.2 U10: A–D now hold DBCA · correct B -> B
          #9 C-8.2 U4: A–D now hold CDBA · correct B -> C
          #10 C-8.2 U8: A–D now hold ADBC · correct B -> C
          #11 C-8.1 U4: A–D now hold DABC · correct B -> C
          #12 C-10.1 U4: A–D now hold BACD · correct B -> A
          #13 C-10.1 U4: A–D now hold DBAC · correct B -> B

== report: genon/out/library_reports/social_sciences_viii_ch06_20260816_101640.md ==
deterministic checks: FAILURES — see report
Next: open a Cowork session and ask it to present this report for the human gate.
