$ /Library/Developer/CommandLineTools/usr/bin/python3 /Users/kumar_radhakrishnan/main/kumar/AI/aruvi-saas/genon/build_library.py science vi 4 --certify-only

canonical plans written: 236 on authored standards, 104 provisional
brief written: /Users/kumar_radhakrishnan/main/kumar/AI/aruvi-saas/genon/out/briefs/ch_04_top.txt

== STEP 2 · annotate master plan ==
brief written: /Users/kumar_radhakrishnan/main/kumar/AI/aruvi-saas/genon/out/briefs/ch_04_p12.txt
brief written: /Users/kumar_radhakrishnan/main/kumar/AI/aruvi-saas/genon/out/briefs/ch_04_p10.txt
brief written: /Users/kumar_radhakrishnan/main/kumar/AI/aruvi-saas/genon/out/briefs/ch_04_p08.txt

== STEP 6 · arrange MCQ options ==
options arranged: 11 of 12 item(s) re-ordered this run. Nothing is written to the artefact (founder ruling 2026-08-04), so a 0 here means only that nothing was left to move — on a re-run that is expected, and it is NOT evidence the model arranged them unaided. Read this number on the FIRST pass of a freshly generated library or not at all.
      ch_04_canonical.json: 11 of 12 item(s) re-ordered
          #1 C-2.3 PS1: A–D now hold DBCA · correct A -> D
          #2 C-2.3 PS1: A–D now hold CBAD · correct A -> C
          #3 C-2.3 PS2: A–D now hold CADB · correct A -> B
          #4 C-2.3 PS2: A–D now hold CADB · correct A -> B
          #6 C-2.3 PS3: A–D now hold DCAB · correct A -> C
          #7 C-2.3 PS3: A–D now hold ADBC · correct A -> A
          #9 C-2.3 PS4: A–D now hold CADB · correct A -> B
          #12 C-2.3 PS5: A–D now hold CABD · correct A -> B
          #13 C-2.3 PS5: A–D now hold BDAC · correct A -> C
          #15 C-2.3 PS6: A–D now hold ADCB · correct A -> A
          #16 C-2.3 PS6: A–D now hold CBAD · correct A -> C
          #10 SKIPPED — cross-references an option label — left untouched, needs a human

== report: genon/out/library_reports/science_vi_ch04_20260817_115431.md ==
deterministic checks: FAILURES — see report
Next: open a Cowork session and ask it to present this report for the human gate.
