$ /Library/Developer/CommandLineTools/usr/bin/python3 /Users/kumar_radhakrishnan/main/kumar/AI/aruvi-saas/genon/build_library.py social_sciences viii 9 --certify-only

canonical plans written: 188 on authored standards, 152 provisional
brief written: /Users/kumar_radhakrishnan/main/kumar/AI/aruvi-saas/genon/out/briefs/ch_09_top.txt

== STEP 2 · annotate master plan ==
brief written: /Users/kumar_radhakrishnan/main/kumar/AI/aruvi-saas/genon/out/briefs/ch_09_p14.txt
brief written: /Users/kumar_radhakrishnan/main/kumar/AI/aruvi-saas/genon/out/briefs/ch_09_p10.txt

== STEP 6 · arrange MCQ options ==
options arranged: 14 of 15 item(s) re-ordered this run. Nothing is written to the artefact (founder ruling 2026-08-04), so a 0 here means only that nothing was left to move — on a re-run that is expected, and it is NOT evidence the model arranged them unaided. Read this number on the FIRST pass of a freshly generated library or not at all.
      ch_09_canonical.json: 14 of 15 item(s) re-ordered
          #1 C-2.1 U2: A–D now hold BDAC · correct B -> A
          #2 C-2.1 U15: A–D now hold BCAD · correct C -> B
          #6 C-1.1 U4: A–D now hold BACD · correct A -> B
          #7 C-1.1 U11: A–D now hold CADB · correct B -> D
          #9 C-3.2 U7: A–D now hold CABD · correct C -> A
          #10 C-3.2 U14: A–D now hold BACD · correct C -> C
          #12 C-4.2 U5: A–D now hold ACBD · correct B -> C
          #13 C-4.2 U15: A–D now hold CADB · correct C -> A
          #16 C-2.2 U8: A–D now hold BDAC · correct B -> A
          #17 C-5.1 U2: A–D now hold CBAD · correct C -> A
          #18 C-5.1 U13: A–D now hold BCAD · correct C -> B
          #19 C-9.1 U13: A–D now hold BDAC · correct B -> A
          #20 C-9.1 U7: A–D now hold BADC · correct B -> A
          #21 C-10.1 U4: A–D now hold ABDC · correct B -> B

== report: genon/out/library_reports/social_sciences_viii_ch09_20260816_092046.md ==
deterministic checks: FAILURES — see report
Next: open a Cowork session and ask it to present this report for the human gate.
