$ /Library/Developer/CommandLineTools/usr/bin/python3 /Users/kumar_radhakrishnan/main/kumar/AI/aruvi-saas/genon/build_library.py social_sciences vi 3 --certify-only

canonical plans written: 188 on authored standards, 152 provisional
brief written: /Users/kumar_radhakrishnan/main/kumar/AI/aruvi-saas/genon/out/briefs/ch_03_top.txt

== STEP 2 · annotate master plan ==
brief written: /Users/kumar_radhakrishnan/main/kumar/AI/aruvi-saas/genon/out/briefs/ch_03_p14.txt
brief written: /Users/kumar_radhakrishnan/main/kumar/AI/aruvi-saas/genon/out/briefs/ch_03_p10.txt

== STEP 6 · arrange MCQ options ==
options arranged: 10 of 10 item(s) re-ordered this run. Nothing is written to the artefact (founder ruling 2026-08-04), so a 0 here means only that nothing was left to move — on a re-run that is expected, and it is NOT evidence the model arranged them unaided. Read this number on the FIRST pass of a freshly generated library or not at all.
      ch_03_canonical.json: 10 of 10 item(s) re-ordered
          #1 C-6.4 U4: A–D now hold BDCA · correct A -> D
          #2 C-6.4 U11: A–D now hold BACD · correct A -> B
          #6 C-6.1 U3: A–D now hold CBAD · correct A -> C
          #7 C-6.1 U9: A–D now hold DABC · correct B -> C
          #9 C-7.2 U5: A–D now hold CDAB · correct A -> C
          #10 C-7.2 U10: A–D now hold CABD · correct A -> B
          #12 C-6.2 U7: A–D now hold BDAC · correct A -> C
          #13 C-6.2 U7: A–D now hold BADC · correct B -> A
          #14 C-7.1 U4: A–D now hold BCAD · correct B -> A
          #15 C-7.1 U16: A–D now hold ACDB · correct A -> A

== report: genon/out/library_reports/social_sciences_vi_ch03_20260816_092037.md ==
deterministic checks: FAILURES — see report
Next: open a Cowork session and ask it to present this report for the human gate.
