$ /Library/Developer/CommandLineTools/usr/bin/python3 /Users/kumar_radhakrishnan/main/kumar/AI/aruvi-saas/genon/build_library.py science vii 7 --certify-only

canonical plans written: 235 on authored standards, 105 provisional
brief written: /Users/kumar_radhakrishnan/main/kumar/AI/aruvi-saas/genon/out/briefs/ch_07_top.txt

== STEP 2 · annotate master plan ==
brief written: /Users/kumar_radhakrishnan/main/kumar/AI/aruvi-saas/genon/out/briefs/ch_07_p12.txt
brief written: /Users/kumar_radhakrishnan/main/kumar/AI/aruvi-saas/genon/out/briefs/ch_07_p10.txt
brief written: /Users/kumar_radhakrishnan/main/kumar/AI/aruvi-saas/genon/out/briefs/ch_07_p08.txt

== STEP 6 · arrange MCQ options ==
options arranged: 10 of 10 item(s) re-ordered this run. Nothing is written to the artefact (founder ruling 2026-08-04), so a 0 here means only that nothing was left to move — on a re-run that is expected, and it is NOT evidence the model arranged them unaided. Read this number on the FIRST pass of a freshly generated library or not at all.
      ch_07_canonical.json: 10 of 10 item(s) re-ordered
          #1 C-1.4 PS1: A–D now hold BDAC · correct A -> C
          #2 C-1.4 PS1: A–D now hold DACB · correct A -> B
          #3 C-1.4 PS2: A–D now hold DCBA · correct A -> D
          #4 C-1.4 PS2: A–D now hold DABC · correct A -> B
          #6 C-1.4 PS3: A–D now hold CABD · correct A -> B
          #7 C-1.4 PS3: A–D now hold BDAC · correct A -> C
          #9 C-1.3 PS4: A–D now hold CADB · correct A -> B
          #10 C-1.3 PS4: A–D now hold ADBC · correct A -> A
          #12 C-1.4 PS5: A–D now hold DABC · correct A -> B
          #13 C-1.3 PS5: A–D now hold CDBA · correct A -> D

== report: genon/out/library_reports/science_vii_ch07_20260817_115435.md ==
deterministic checks: FAILURES — see report
Next: open a Cowork session and ask it to present this report for the human gate.
