$ /Library/Developer/CommandLineTools/usr/bin/python3 /Users/kumar_radhakrishnan/main/kumar/AI/aruvi-saas/genon/build_library.py english iv 12 --certify-only

canonical plans written: 148 on authored standards, 192 provisional
brief written: /Users/kumar_radhakrishnan/main/kumar/AI/aruvi-saas/genon/out/briefs/ch_12_top.txt

== STEP 2 · annotate master plan ==
brief written: /Users/kumar_radhakrishnan/main/kumar/AI/aruvi-saas/genon/out/briefs/ch_12_p08.txt
brief written: /Users/kumar_radhakrishnan/main/kumar/AI/aruvi-saas/genon/out/briefs/ch_12_p06.txt

== STEP 6 · arrange MCQ options ==
options arranged: 7 of 10 item(s) re-ordered this run. Nothing is written to the artefact (founder ruling 2026-08-04), so a 0 here means only that nothing was left to move — on a re-run that is expected, and it is NOT evidence the model arranged them unaided. Read this number on the FIRST pass of a freshly generated library or not at all.
      ch_12_canonical.json: 0 of 3 item(s) re-ordered
      ch_12_canonical_p06.json: 2 of 2 item(s) re-ordered
          #1 None #1: A–D now hold DBAC · correct B -> B
          #3 None #3: A–D now hold ADCB · correct C -> C
      ch_12_canonical_p08.json: 5 of 5 item(s) re-ordered
          #1 None #1: A–D now hold DACB · correct A -> B
          #3 None #3: A–D now hold 4213 · correct 1 -> 3
          #5 None #5: A–D now hold 2134 · correct 1 -> 2
          #7 None #7: A–D now hold ADCB · correct A -> A
          #9 None #9: A–D now hold BCAD · correct C -> B

== report: genon/out/library_reports/english_iv_ch12_20260815_183411.md ==
deterministic checks: ALL PASS
Next: open a Cowork session and ask it to present this report for the human gate.
