$ /Library/Developer/CommandLineTools/usr/bin/python3 /Users/kumar_radhakrishnan/main/kumar/AI/aruvi-saas/genon/build_library.py the_world_around_us v 10 --certify-only

canonical plans written: 40 on authored standards, 300 provisional
brief written: /Users/kumar_radhakrishnan/main/kumar/AI/aruvi-saas/genon/out/briefs/ch_10_top.txt

== STEP 2 · annotate master plan ==
brief written: /Users/kumar_radhakrishnan/main/kumar/AI/aruvi-saas/genon/out/briefs/ch_10_p13.txt
brief written: /Users/kumar_radhakrishnan/main/kumar/AI/aruvi-saas/genon/out/briefs/ch_10_p10.txt

== STEP 6 · arrange MCQ options ==
options arranged: 7 of 10 item(s) re-ordered this run. Nothing is written to the artefact (founder ruling 2026-08-04), so a 0 here means only that nothing was left to move — on a re-run that is expected, and it is NOT evidence the model arranged them unaided. Read this number on the FIRST pass of a freshly generated library or not at all.
      ch_10_canonical.json: 0 of 3 item(s) re-ordered
      ch_10_canonical_p10.json: 3 of 3 item(s) re-ordered
          #1 C-5.3 U1: A–D now hold BACD · correct B -> A
          #5 C-5.3 U5: A–D now hold BDCA · correct B -> A
          #8 C-2.3 U8: A–D now hold BCDA · correct B -> A
      ch_10_canonical_p13.json: 4 of 4 item(s) re-ordered
          #1 C-2.2 U1: A–D now hold CBAD · correct B -> B
          #2 C-5.3 U2: A–D now hold ADCB · correct B -> D
          #5 C-4.2 U5: A–D now hold BCAD · correct C -> B
          #8 C-4.2 U8: A–D now hold CADB · correct B -> D

== report: genon/out/library_reports/the_world_around_us_v_ch10_20260812_145756.md ==
deterministic checks: FAILURES — see report
QUARANTINED (not servable): ch_10_canonical_p10.json
Next: open a Cowork session and ask it to present this report for the human gate.
