$ /Library/Developer/CommandLineTools/usr/bin/python3 /Users/kumar_radhakrishnan/main/kumar/AI/aruvi-saas/genon/build_library.py science viii 8 --certify-only

canonical plans written: 235 on authored standards, 105 provisional
brief written: /Users/kumar_radhakrishnan/main/kumar/AI/aruvi-saas/genon/out/briefs/ch_08_top.txt

== STEP 2 · annotate master plan ==
brief written: /Users/kumar_radhakrishnan/main/kumar/AI/aruvi-saas/genon/out/briefs/ch_08_p12.txt
brief written: /Users/kumar_radhakrishnan/main/kumar/AI/aruvi-saas/genon/out/briefs/ch_08_p10.txt
brief written: /Users/kumar_radhakrishnan/main/kumar/AI/aruvi-saas/genon/out/briefs/ch_08_p08.txt

== STEP 6 · arrange MCQ options ==
options arranged: 9 of 10 item(s) re-ordered this run. Nothing is written to the artefact (founder ruling 2026-08-04), so a 0 here means only that nothing was left to move — on a re-run that is expected, and it is NOT evidence the model arranged them unaided. Read this number on the FIRST pass of a freshly generated library or not at all.
      ch_08_canonical.json: 9 of 10 item(s) re-ordered
          #1 C-1.1 PS1: A–D now hold ADCB · correct B -> D
          #2 C-1.1 PS1: A–D now hold DABC · correct B -> C
          #3 C-1.1 PS2: A–D now hold BADC · correct B -> A
          #4 C-1.1 PS2: A–D now hold CADB · correct B -> D
          #6 C-1.1 PS3: A–D now hold BDCA · correct A -> D
          #7 C-1.1 PS3: A–D now hold ADCB · correct A -> A
          #9 C-1.1 PS4: A–D now hold DBAC · correct D -> A
          #10 C-1.1 PS4: A–D now hold BCDA · correct C -> B
          #12 C-1.1 PS5: A–D now hold BCDA · correct A -> D
          #13 SKIPPED — cross-references an option label — left untouched, needs a human

== report: genon/out/library_reports/science_viii_ch08_20260817_115438.md ==
deterministic checks: FAILURES — see report
Next: open a Cowork session and ask it to present this report for the human gate.
