$ /Library/Developer/CommandLineTools/usr/bin/python3 /Users/kumar_radhakrishnan/main/kumar/AI/aruvi-saas/genon/build_library.py the_world_around_us iv 4 --certify-only

canonical plans written: 40 on authored standards, 300 provisional
brief written: /Users/kumar_radhakrishnan/main/kumar/AI/aruvi-saas/genon/out/briefs/ch_04_top.txt

== STEP 2 · annotate master plan ==
brief written: /Users/kumar_radhakrishnan/main/kumar/AI/aruvi-saas/genon/out/briefs/ch_04_p11.txt
brief written: /Users/kumar_radhakrishnan/main/kumar/AI/aruvi-saas/genon/out/briefs/ch_04_p08.txt

== STEP 6 · arrange MCQ options ==
options arranged: 6 of 9 item(s) re-ordered this run. Nothing is written to the artefact (founder ruling 2026-08-04), so a 0 here means only that nothing was left to move — on a re-run that is expected, and it is NOT evidence the model arranged them unaided. Read this number on the FIRST pass of a freshly generated library or not at all.
      ch_04_canonical.json: 0 of 3 item(s) re-ordered
      ch_04_canonical_p08.json: 3 of 3 item(s) re-ordered
          #1 C-2.2 U1: A–D now hold CBDA · correct B -> B
          #2 C-4.3 U2: A–D now hold BDCA · correct C -> C
          #7 C-1.2 U7: A–D now hold BDAC · correct C -> D
      ch_04_canonical_p11.json: 3 of 3 item(s) re-ordered
          #1 C-1.2 U1: A–D now hold CDBA · correct B -> C
          #5 C-2.2 U5: A–D now hold BACD · correct B -> A
          #8 C-2.2 U8: A–D now hold BADC · correct B -> A

== report: genon/out/library_reports/the_world_around_us_iv_ch04_20260812_145756.md ==
deterministic checks: ALL PASS
Next: open a Cowork session and ask it to present this report for the human gate.
