$ /Library/Developer/CommandLineTools/usr/bin/python3 /Users/kumar_radhakrishnan/main/kumar/AI/aruvi-saas/genon/build_library.py science vi 7 --certify-only

canonical plans written: 236 on authored standards, 104 provisional
brief written: /Users/kumar_radhakrishnan/main/kumar/AI/aruvi-saas/genon/out/briefs/ch_07_top.txt

== STEP 2 · annotate master plan ==
brief written: /Users/kumar_radhakrishnan/main/kumar/AI/aruvi-saas/genon/out/briefs/ch_07_p11.txt
brief written: /Users/kumar_radhakrishnan/main/kumar/AI/aruvi-saas/genon/out/briefs/ch_07_p09.txt
brief written: /Users/kumar_radhakrishnan/main/kumar/AI/aruvi-saas/genon/out/briefs/ch_07_p07.txt

== STEP 6 · arrange MCQ options ==
options arranged: 28 of 38 item(s) re-ordered this run. Nothing is written to the artefact (founder ruling 2026-08-04), so a 0 here means only that nothing was left to move — on a re-run that is expected, and it is NOT evidence the model arranged them unaided. Read this number on the FIRST pass of a freshly generated library or not at all.
      ch_07_canonical.json: 0 of 10 item(s) re-ordered
      ch_07_canonical_p07.json: 10 of 10 item(s) re-ordered
          #1 C-1.3 PS1: A–D now hold CBAD · correct B -> B
          #2 C-1.3 PS1: A–D now hold ADBC · correct C -> D
          #3 C-1.3 PS2: A–D now hold DCAB · correct B -> D
          #4 C-1.3 PS2: A–D now hold CABD · correct A -> B
          #6 C-1.3 PS3: A–D now hold ACDB · correct A -> A
          #7 C-1.3 PS3: A–D now hold CBDA · correct A -> D
          #9 C-1.3 PS4: A–D now hold BACD · correct A -> B
          #10 C-1.3 PS4: A–D now hold ACBD · correct B -> C
          #12 C-1.3 PS5: A–D now hold ACBD · correct B -> C
          #13 C-1.3 PS5: A–D now hold DABC · correct B -> C
      ch_07_canonical_p09.json: 8 of 8 item(s) re-ordered
          #1 C-1.3 PS1: A–D now hold CBDA · correct B -> B
          #2 C-1.3 PS1: A–D now hold BDCA · correct C -> C
          #3 C-1.3 PS2: A–D now hold CABD · correct A -> B
          #4 C-1.3 PS2: A–D now hold BACD · correct D -> D
          #6 C-1.3 PS3: A–D now hold CABD · correct A -> B
          #7 C-1.3 PS3: A–D now hold CBDA · correct C -> A
          #9 C-1.3 PS4: A–D now hold BCAD · correct B -> A
          #10 C-1.3 PS4: A–D now hold DACB · correct C -> C
      ch_07_canonical_p11.json: 10 of 10 item(s) re-ordered
          #1 C-1.3 PS1: A–D now hold CDBA · correct A -> D
          #2 C-1.3 PS1: A–D now hold CABD · correct A -> B
          #3 C-1.3 PS2: A–D now hold ACDB · correct A -> A
          #4 C-1.3 PS2: A–D now hold ACBD · correct A -> A
          #6 C-1.3 PS3: A–D now hold ACBD · correct A -> A
          #7 C-1.3 PS3: A–D now hold BDAC · correct A -> C
          #9 C-1.3 PS4: A–D now hold ACDB · correct A -> A
          #10 C-1.3 PS4: A–D now hold BACD · correct A -> B
          #12 C-1.3 PS5: A–D now hold BACD · correct A -> B
          #13 C-1.3 PS5: A–D now hold DCAB · correct A -> C

== report: genon/out/library_reports/science_vi_ch07_20260817_123813.md ==
deterministic checks: ALL PASS
Next: open a Cowork session and ask it to present this report for the human gate.
